sale_10.csv
Unnamed: 0,product_id,store_id,date,sales,revenue,stock,price,promo_type_1,promo_bin_1,promo_type_2,promo_bin_2,promo_discount_2,promo_discount_type_2,product_length,product_depth,product_width,cluster_id,hierarchy1_id,hierarchy2_id,hierarchy3_id,hierarchy4_id,hierarchy5_id,storetype_id,store_size,city_id
2089,P0129,S0023,2017-01-02,0.0,0.0,7.0,24.95,PR14,,PR03,,,,22.2,22.2,44.4,cluster_0,H01,H0107,H010701,H01070110,H0107011026,ST04,31,C008
15222,P0129,S0023,2017-01-03,0.0,0.0,7.0,24.95,PR14,,PR03,,,,22.2,22.2,44.4,cluster_0,H01,H0107,H010701,H01070110,H0107011026,ST04,31,C008
28332,P0129,S0023,2017-01-04,1.0,21.14,6.0,24.95,PR14,,PR03,,,,22.2,22.2,44.4,cluster_0,H01,H0107,H010701,H01070110,H0107011026,ST04,31,C008
41413,P0129,S0023,2017-01-05,1.0,21.14,5.0,24.95,PR14,,PR03,,,,22.2,22.2,44.4,cluster_0,H01,H0107,H010701,H01070110,H0107011026,ST04,31,C008
54511,P0129,S0023,2017-01-06,3.0,63.43,2.0,24.95,PR14,,PR03,,,,22.2,22.2,44.4,cluster_0,H01,H0107,H010701,H01070110,H0107011026,ST04,31,C008
67675,P0129,S0023,2017-01-07,1.0,21.14,1.0,24.95,PR14,,PR03,,,,22.2,22.2,44.4,cluster_0,H01,H0107,H010701,H01070110,H0107011026,ST04,31,C008
80793,P0129,S0023,2017-01-08,0.0,0.0,1.0,24.95,PR14,,PR03,,,,22.2,22.2,44.4,cluster_0,H01,H0107,H010701,H01070110,H0107011026,ST04,31,C008
93874,P0129,S0023,2017-01-09,0.0,0.0,1.0,24.95,PR14,,PR03,,,,22.2,22.2,44.4,cluster_0,H01,H0107,H010701,H01070110,H0107011026,ST04,31,C008
106967,P0129,S0023,2017-01-10,0.0,0.0,4.0,24.95,PR14,,PR03,,,,22.2,22.2,44.4,cluster_0,H01,H0107,H010701,H01070110,H0107011026,ST04,31,C008
120110,P0129,S0023,2017-01-11,1.0,21.14,12.0,24.95,PR14,,PR03,,,,22.2,22.2,44.4,cluster_0,H01,H0107,H010701,H01070110,H0107011026,ST04,31,C008
133265,P0129,S0023,2017-01-12,0.0,0.0,12.0,24.95,PR14,,PR03,,,,22.2,22.2,44.4,cluster_0,H01,H0107,H010701,H01070110,H0107011026,ST04,31,C008
146412,P0129,S0023,2017-01-13,0.0,0.0,12.0,26.95,PR14,,PR03,,,,22.2,22.2,44.4,cluster_0,H01,H0107,H010701,H01070110,H0107011026,ST04,31,C008
159586,P0129,S0023,2017-01-14,1.0,22.84,131.0,26.95,PR14,,PR03,,,,22.2,22.2,44.4,cluster_0,H01,H0107,H010701,H01070110,H0107011026,ST04,31,C008
172770,P0129,S0023,2017-01-15,1.0,22.84,130.0,26.95,PR14,,PR03,,,,22.2,22.2,44.4,cluster_0,H01,H0107,H010701,H01070110,H0107011026,ST04,31,C008
185968,P0129,S0023,2017-01-16,1.0,22.84,129.0,26.95,PR14,,PR03,,,,22.2,22.2,44.4,cluster_0,H01,H0107,H010701,H01070110,H0107011026,ST04,31,C008
199188,P0129,S0023,2017-01-17,0.0,0.0,210.0,26.95,PR14,,PR03,,,,22.2,22.2,44.4,cluster_0,H01,H0107,H010701,H01070110,H0107011026,ST04,31,C008
212456,P0129,S0023,2017-01-18,0.0,0.0,210.0,26.95,PR14,,PR03,,,,22.2,22.2,44.4,cluster_0,H01,H0107,H010701,H01070110,H0107011026,ST04,31,C008
225730,P0129,S0023,2017-01-19,0.0,0.0,210.0,26.95,PR14,,PR03,,,,22.2,22.2,44.4,cluster_0,H01,H0107,H010701,H01070110,H0107011026,ST04,31,C008
265608,P0129,S0023,2017-01-22,0.0,0.0,6.0,26.95,PR14,,PR03,,,,22.2,22.2,44.4,cluster_0,H01,H0107,H010701,H01070110,H0107011026,ST04,31,C008
278877,P0129,S0023,2017-01-23,0.0,0.0,6.0,28.25,PR14,,PR03,,,,22.2,22.2,44.4,cluster_0,H01,H0107,H010701,H01070110,H0107011026,ST04,31,C008
292213,P0129,S0023,2017-01-24,2.0,47.88,4.0,28.25,PR14,,PR03,,,,22.2,22.2,44.4,cluster_0,H01,H0107,H010701,H01070110,H0107011026,ST04,31,C008
305552,P0129,S0023,2017-01-25,0.0,0.0,4.0,28.25,PR14,,PR03,,,,22.2,22.2,44.4,cluster_0,H01,H0107,H010701,H01070110,H0107011026,ST04,31,C008
318881,P0129,S0023,2017-01-26,0.0,0.0,7.0,28.25,PR14,,PR03,,,,22.2,22.2,44.4,cluster_0,H01,H0107,H010701,H01070110,H0107011026,ST04,31,C008
332193,P0129,S0023,2017-01-27,0.0,0.0,19.0,20.95,PR14,,PR03,,,,22.2,22.2,44.4,cluster_0,H01,H0107,H010701,H01070110,H0107011026,ST04,31,C008
345508,P0129,S0023,2017-01-28,0.0,0.0,22.0,20.95,PR14,,PR03,,,,22.2,22.2,44.4,cluster_0,H01,H0107,H010701,H01070110,H0107011026,ST04,31,C008
358768,P0129,S0023,2017-01-29,0.0,0.0,22.0,20.95,PR14,,PR03,,,,22.2,22.2,44.4,cluster_0,H01,H0107,H010701,H01070110,H0107011026,ST04,31,C008
372021,P0129,S0023,2017-01-30,2.0,35.51,20.0,20.95,PR14,,PR03,,,,22.2,22.2,44.4,cluster_0,H01,H0107,H010701,H01070110,H0107011026,ST04,31,C008
385263,P0129,S0023,2017-01-31,1.0,17.75,19.0,20.95,PR14,,PR03,,,,22.2,22.2,44.4,cluster_0,H01,H0107,H010701,H01070110,H0107011026,ST04,31,C008
398467,P0129,S0023,2017-02-01,5.0,88.77,14.0,20.95,PR14,,PR03,,,,22.2,22.2,44.4,cluster_0,H01,H0107,H010701,H01070110,H0107011026,ST04,31,C008
411694,P0129,S0023,2017-02-02,1.0,17.75,13.0,20.95,PR14,,PR03,,,,22.2,22.2,44.4,cluster_0,H01,H0107,H010701,H01070110,H0107011026,ST04,31,C008
424973,P0129,S0023,2017-02-03,1.0,23.94,12.0,28.25,PR14,,PR03,,,,22.2,22.2,44.4,cluster_0,H01,H0107,H010701,H01070110,H0107011026,ST04,31,C008
438309,P0129,S0023,2017-02-04,0.0,0.0,12.0,28.25,PR14,,PR03,,,,22.2,22.2,44.4,cluster_0,H01,H0107,H010701,H01070110,H0107011026,ST04,31,C008
451604,P0129,S0023,2017-02-05,0.0,0.0,12.0,28.25,PR14,,PR03,,,,22.2,22.2,44.4,cluster_0,H01,H0107,H010701,H01070110,H0107011026,ST04,31,C008
464886,P0129,S0023,2017-02-06,2.0,47.88,10.0,28.25,PR14,,PR03,,,,22.2,22.2,44.4,cluster_0,H01,H0107,H010701,H01070110,H0107011026,ST04,31,C008
478201,P0129,S0023,2017-02-07,2.0,47.88,11.0,28.25,PR14,,PR03,,,,22.2,22.2,44.4,cluster_0,H01,H0107,H010701,H01070110,H0107011026,ST04,31,C008
491514,P0129,S0023,2017-02-08,1.0,17.75,13.0,20.95,PR14,,PR03,,,,22.2,22.2,44.4,cluster_0,H01,H0107,H010701,H01070110,H0107011026,ST04,31,C008
504859,P0129,S0023,2017-02-09,2.0,35.51,11.0,20.95,PR14,,PR03,,,,22.2,22.2,44.4,cluster_0,H01,H0107,H010701,H01070110,H0107011026,ST04,31,C008
518184,P0129,S0023,2017-02-10,1.0,17.75,10.0,20.95,PR14,,PR03,,,,22.2,22.2,44.4,cluster_0,H01,H0107,H010701,H01070110,H0107011026,ST04,31,C008
531540,P0129,S0023,2017-02-11,3.0,53.26,7.0,20.95,PR14,,PR03,,,,22.2,22.2,44.4,cluster_0,H01,H0107,H010701,H01070110,H0107011026,ST04,31,C008
544856,P0129,S0023,2017-02-12,3.0,53.26,4.0,20.95,PR14,,PR03,,,,22.2,22.2,44.4,cluster_0,H01,H0107,H010701,H01070110,H0107011026,ST04,31,C008
558151,P0129,S0023,2017-02-13,1.0,17.75,3.0,20.95,PR14,,PR03,,,,22.2,22.2,44.4,cluster_0,H01,H0107,H010701,H01070110,H0107011026,ST04,31,C008
571459,P0129,S0023,2017-02-14,2.0,35.51,1.0,20.95,PR14,,PR03,,,,22.2,22.2,44.4,cluster_0,H01,H0107,H010701,H01070110,H0107011026,ST04,31,C008
584772,P0129,S0023,2017-02-15,0.0,0.0,1.0,31.25,PR14,,PR03,,,,22.2,22.2,44.4,cluster_0,H01,H0107,H010701,H01070110,H0107011026,ST04,31,C008
598098,P0129,S0023,2017-02-16,1.0,26.48,0.0,31.25,PR14,,PR03,,,,22.2,22.2,44.4,cluster_0,H01,H0107,H010701,H01070110,H0107011026,ST04,31,C008
611448,P0129,S0023,2017-02-17,1.0,26.48,8.0,31.25,PR14,,PR03,,,,22.2,22.2,44.4,cluster_0,H01,H0107,H010701,H01070110,H0107011026,ST04,31,C008
624830,P0129,S0023,2017-02-18,0.0,0.0,11.0,31.25,PR14,,PR03,,,,22.2,22.2,44.4,cluster_0,H01,H0107,H010701,H01070110,H0107011026,ST04,31,C008
638187,P0129,S0023,2017-02-19,2.0,52.97,9.0,31.25,PR14,,PR03,,,,22.2,22.2,44.4,cluster_0,H01,H0107,H010701,H01070110,H0107011026,ST04,31,C008
651563,P0129,S0023,2017-02-20,0.0,0.0,9.0,31.25,PR14,,PR03,,,,22.2,22.2,44.4,cluster_0,H01,H0107,H010701,H01070110,H0107011026,ST04,31,C008
664965,P0129,S0023,2017-02-21,0.0,0.0,9.0,31.25,PR14,,PR03,,,,22.2,22.2,44.4,cluster_0,H01,H0107,H010701,H01070110,H0107011026,ST04,31,C008
678392,P0129,S0023,2017-02-22,0.0,0.0,9.0,31.25,PR14,,PR03,,,,22.2,22.2,44.4,cluster_0,H01,H0107,H010701,H01070110,H0107011026,ST04,31,C008
691842,P0129,S0023,2017-02-23,3.0,76.14,6.0,29.95,PR14,,PR03,,,,22.2,22.2,44.4,cluster_0,H01,H0107,H010701,H01070110,H0107011026,ST04,31,C008
705313,P0129,S0023,2017-02-24,0.0,0.0,9.0,29.95,PR14,,PR03,,,,22.2,22.2,44.4,cluster_0,H01,H0107,H010701,H01070110,H0107011026,ST04,31,C008
718817,P0129,S0023,2017-02-25,1.0,25.38,11.0,29.95,PR14,,PR03,,,,22.2,22.2,44.4,cluster_0,H01,H0107,H010701,H01070110,H0107011026,ST04,31,C008
732268,P0129,S0023,2017-02-26,0.0,0.0,11.0,29.95,PR14,,PR03,,,,22.2,22.2,44.4,cluster_0,H01,H0107,H010701,H01070110,H0107011026,ST04,31,C008
745676,P0129,S0023,2017-02-27,0.0,0.0,11.0,29.95,PR14,,PR03,,,,22.2,22.2,44.4,cluster_0,H01,H0107,H010701,H01070110,H0107011026,ST04,31,C008
759061,P0129,S0023,2017-02-28,0.0,0.0,11.0,29.95,PR14,,PR03,,,,22.2,22.2,44.4,cluster_0,H01,H0107,H010701,H01070110,H0107011026,ST04,31,C008
772437,P0129,S0023,2017-03-01,0.0,0.0,11.0,29.95,PR14,,PR03,,,,22.2,22.2,44.4,cluster_0,H01,H0107,H010701,H01070110,H0107011026,ST04,31,C008
785774,P0129,S0023,2017-03-02,1.0,25.38,10.0,29.95,PR14,,PR03,,,,22.2,22.2,44.4,cluster_0,H01,H0107,H010701,H01070110,H0107011026,ST04,31,C008
799250,P0129,S0023,2017-03-03,0.0,0.0,10.0,29.95,PR14,,PR03,,,,22.2,22.2,44.4,cluster_0,H01,H0107,H010701,H01070110,H0107011026,ST04,31,C008
812768,P0129,S0023,2017-03-04,1.0,25.38,12.0,29.95,PR14,,PR03,,,,22.2,22.2,44.4,cluster_0,H01,H0107,H010701,H01070110,H0107011026,ST04,31,C008
826249,P0129,S0023,2017-03-05,2.0,50.76,10.0,29.95,PR14,,PR03,,,,22.2,22.2,44.4,cluster_0,H01,H0107,H010701,H01070110,H0107011026,ST04,31,C008
839729,P0129,S0023,2017-03-06,0.0,0.0,10.0,29.95,PR14,,PR03,,,,22.2,22.2,44.4,cluster_0,H01,H0107,H010701,H01070110,H0107011026,ST04,31,C008
853185,P0129,S0023,2017-03-07,0.0,0.0,10.0,29.95,PR14,,PR03,,,,22.2,22.2,44.4,cluster_0,H01,H0107,H010701,H01070110,H0107011026,ST04,31,C008
866662,P0129,S0023,2017-03-08,1.0,25.38,9.0,29.95,PR14,,PR03,,,,22.2,22.2,44.4,cluster_0,H01,H0107,H010701,H01070110,H0107011026,ST04,31,C008
880177,P0129,S0023,2017-03-09,1.0,25.38,8.0,29.95,PR14,,PR03,,,,22.2,22.2,44.4,cluster_0,H01,H0107,H010701,H01070110,H0107011026,ST04,31,C008
893666,P0129,S0023,2017-03-10,0.0,0.0,11.0,29.95,PR14,,PR03,,,,22.2,22.2,44.4,cluster_0,H01,H0107,H010701,H01070110,H0107011026,ST04,31,C008
907192,P0129,S0023,2017-03-11,1.0,25.38,13.0,29.95,PR14,,PR03,,,,22.2,22.2,44.4,cluster_0,H01,H0107,H010701,H01070110,H0107011026,ST04,31,C008
920736,P0129,S0023,2017-03-12,0.0,0.0,13.0,29.95,PR14,,PR03,,,,22.2,22.2,44.4,cluster_0,H01,H0107,H010701,H01070110,H0107011026,ST04,31,C008
934233,P0129,S0023,2017-03-13,1.0,25.38,12.0,29.95,PR14,,PR03,,,,22.2,22.2,44.4,cluster_0,H01,H0107,H010701,H01070110,H0107011026,ST04,31,C008
947774,P0129,S0023,2017-03-14,1.0,25.38,11.0,29.95,PR14,,PR03,,,,22.2,22.2,44.4,cluster_0,H01,H0107,H010701,H01070110,H0107011026,ST04,31,C008
961316,P0129,S0023,2017-03-15,0.0,0.0,11.0,25.95,PR14,,PR03,,,,22.2,22.2,44.4,cluster_0,H01,H0107,H010701,H01070110,H0107011026,ST04,31,C008
974890,P0129,S0023,2017-03-16,1.0,21.99,10.0,25.95,PR14,,PR03,,,,22.2,22.2,44.4,cluster_0,H01,H0107,H010701,H01070110,H0107011026,ST04,31,C008
988494,P0129,S0023,2017-03-17,1.0,21.99,12.0,25.95,PR14,,PR03,,,,22.2,22.2,44.4,cluster_0,H01,H0107,H010701,H01070110,H0107011026,ST04,31,C008
1002143,P0129,S0023,2017-03-18,0.0,0.0,12.0,25.95,PR14,,PR03,,,,22.2,22.2,44.4,cluster_0,H01,H0107,H010701,H01070110,H0107011026,ST04,31,C008
1015814,P0129,S0023,2017-03-19,0.0,0.0,12.0,25.95,PR14,,PR03,,,,22.2,22.2,44.4,cluster_0,H01,H0107,H010701,H01070110,H0107011026,ST04,31,C008
1029447,P0129,S0023,2017-03-20,1.0,21.99,11.0,25.95,PR14,,PR03,,,,22.2,22.2,44.4,cluster_0,H01,H0107,H010701,H01070110,H0107011026,ST04,31,C008
1043094,P0129,S0023,2017-03-21,1.0,21.99,10.0,25.95,PR14,,PR03,,,,22.2,22.2,44.4,cluster_0,H01,H0107,H010701,H01070110,H0107011026,ST04,31,C008
1056684,P0129,S0023,2017-03-22,0.0,0.0,13.0,25.95,PR14,,PR03,,,,22.2,22.2,44.4,cluster_0,H01,H0107,H010701,H01070110,H0107011026,ST04,31,C008
1070328,P0129,S0023,2017-03-23,1.0,21.99,12.0,25.95,PR14,,PR03,,,,22.2,22.2,44.4,cluster_0,H01,H0107,H010701,H01070110,H0107011026,ST04,31,C008
1084001,P0129,S0023,2017-03-24,0.0,0.0,12.0,25.95,PR14,,PR03,,,,22.2,22.2,44.4,cluster_0,H01,H0107,H010701,H01070110,H0107011026,ST04,31,C008
1097690,P0129,S0023,2017-03-25,1.0,21.99,11.0,25.95,PR14,,PR03,,,,22.2,22.2,44.4,cluster_0,H01,H0107,H010701,H01070110,H0107011026,ST04,31,C008
1111393,P0129,S0023,2017-03-26,2.0,43.98,9.0,25.95,PR14,,PR03,,,,22.2,22.2,44.4,cluster_0,H01,H0107,H010701,H01070110,H0107011026,ST04,31,C008
1125066,P0129,S0023,2017-03-27,0.0,0.0,9.0,25.95,PR14,,PR03,,,,22.2,22.2,44.4,cluster_0,H01,H0107,H010701,H01070110,H0107011026,ST04,31,C008
1138764,P0129,S0023,2017-03-28,1.0,21.99,8.0,25.95,PR14,,PR03,,,,22.2,22.2,44.4,cluster_0,H01,H0107,H010701,H01070110,H0107011026,ST04,31,C008
1152502,P0129,S0023,2017-03-29,1.0,21.99,7.0,25.95,PR14,,PR03,,,,22.2,22.2,44.4,cluster_0,H01,H0107,H010701,H01070110,H0107011026,ST04,31,C008
1166282,P0129,S0023,2017-03-30,1.0,21.99,6.0,25.95,PR14,,PR03,,,,22.2,22.2,44.4,cluster_0,H01,H0107,H010701,H01070110,H0107011026,ST04,31,C008
1180086,P0129,S0023,2017-03-31,2.0,43.98,10.0,25.95,PR14,,PR03,,,,22.2,22.2,44.4,cluster_0,H01,H0107,H010701,H01070110,H0107011026,ST04,31,C008
1193938,P0129,S0023,2017-04-01,1.0,21.99,9.0,25.95,PR14,,PR03,,,,22.2,22.2,44.4,cluster_0,H01,H0107,H010701,H01070110,H0107011026,ST04,31,C008
1207795,P0129,S0023,2017-04-02,3.0,65.97,6.0,25.95,PR14,,PR03,,,,22.2,22.2,44.4,cluster_0,H01,H0107,H010701,H01070110,H0107011026,ST04,31,C008
1221590,P0129,S0023,2017-04-03,4.0,87.97,2.0,25.95,PR14,,PR03,,,,22.2,22.2,44.4,cluster_0,H01,H0107,H010701,H01070110,H0107011026,ST04,31,C008
1235407,P0129,S0023,2017-04-04,0.0,0.0,2.0,25.95,PR14,,PR03,,,,22.2,22.2,44.4,cluster_0,H01,H0107,H010701,H01070110,H0107011026,ST04,31,C008
1249200,P0129,S0023,2017-04-05,1.0,21.99,5.0,25.95,PR14,,PR03,,,,22.2,22.2,44.4,cluster_0,H01,H0107,H010701,H01070110,H0107011026,ST04,31,C008
1263005,P0129,S0023,2017-04-06,0.0,0.0,4.0,25.95,PR14,,PR03,,,,22.2,22.2,44.4,cluster_0,H01,H0107,H010701,H01070110,H0107011026,ST04,31,C008
1276852,P0129,S0023,2017-04-07,1.0,21.99,3.0,25.95,PR14,,PR03,,,,22.2,22.2,44.4,cluster_0,H01,H0107,H010701,H01070110,H0107011026,ST04,31,C008
1290719,P0129,S0023,2017-04-08,1.0,21.99,5.0,25.95,PR14,,PR03,,,,22.2,22.2,44.4,cluster_0,H01,H0107,H010701,H01070110,H0107011026,ST04,31,C008
1304557,P0129,S0023,2017-04-09,1.0,21.99,4.0,25.95,PR14,,PR03,,,,22.2,22.2,44.4,cluster_0,H01,H0107,H010701,H01070110,H0107011026,ST04,31,C008
1318377,P0129,S0023,2017-04-10,1.0,21.99,3.0,25.95,PR14,,PR03,,,,22.2,22.2,44.4,cluster_0,H01,H0107,H010701,H01070110,H0107011026,ST04,31,C008
1332226,P0129,S0023,2017-04-11,0.0,0.0,3.0,25.95,PR14,,PR03,,,,22.2,22.2,44.4,cluster_0,H01,H0107,H010701,H01070110,H0107011026,ST04,31,C008
1346116,P0129,S0023,2017-04-12,0.0,0.0,6.0,25.95,PR14,,PR03,,,,22.2,22.2,44.4,cluster_0,H01,H0107,H010701,H01070110,H0107011026,ST04,31,C008
1360024,P0129,S0023,2017-04-13,1.0,21.99,5.0,25.95,PR14,,PR03,,,,22.2,22.2,44.4,cluster_0,H01,H0107,H010701,H01070110,H0107011026,ST04,31,C008
1373938,P0129,S0023,2017-04-14,0.0,0.0,8.0,25.95,PR14,,PR03,,,,22.2,22.2,44.4,cluster_0,H01,H0107,H010701,H01070110,H0107011026,ST04,31,C008
1387855,P0129,S0023,2017-04-15,1.0,21.99,10.0,25.95,PR14,,PR03,,,,22.2,22.2,44.4,cluster_0,H01,H0107,H010701,H01070110,H0107011026,ST04,31,C008
1401778,P0129,S0023,2017-04-16,1.0,21.99,10.0,25.95,PR14,,PR03,,,,22.2,22.2,44.4,cluster_0,H01,H0107,H010701,H01070110,H0107011026,ST04,31,C008
1415669,P0129,S0023,2017-04-17,0.0,0.0,9.0,25.95,PR14,,PR03,,,,22.2,22.2,44.4,cluster_0,H01,H0107,H010701,H01070110,H0107011026,ST04,31,C008
1429593,P0129,S0023,2017-04-18,1.0,21.99,8.0,25.95,PR14,,PR03,,,,22.2,22.2,44.4,cluster_0,H01,H0107,H010701,H01070110,H0107011026,ST04,31,C008
1443507,P0129,S0023,2017-04-19,0.0,0.0,8.0,25.95,PR14,,PR03,,,,22.2,22.2,44.4,cluster_0,H01,H0107,H010701,H01070110,H0107011026,ST04,31,C008
1457404,P0129,S0023,2017-04-20,0.0,0.0,8.0,25.95,PR14,,PR03,,,,22.2,22.2,44.4,cluster_0,H01,H0107,H010701,H01070110,H0107011026,ST04,31,C008
1471319,P0129,S0023,2017-04-21,1.0,21.99,10.0,25.95,PR14,,PR03,,,,22.2,22.2,44.4,cluster_0,H01,H0107,H010701,H01070110,H0107011026,ST04,31,C008
1485289,P0129,S0023,2017-04-22,0.0,0.0,10.0,25.95,PR14,,PR03,,,,22.2,22.2,44.4,cluster_0,H01,H0107,H010701,H01070110,H0107011026,ST04,31,C008
1499233,P0129,S0023,2017-04-23,4.0,87.97,6.0,25.95,PR14,,PR03,,,,22.2,22.2,44.4,cluster_0,H01,H0107,H010701,H01070110,H0107011026,ST04,31,C008
1513118,P0129,S0023,2017-04-24,0.0,0.0,6.0,25.95,PR14,,PR03,,,,22.2,22.2,44.4,cluster_0,H01,H0107,H010701,H01070110,H0107011026,ST04,31,C008
1527016,P0129,S0023,2017-04-25,1.0,21.99,5.0,25.95,PR14,,PR03,,,,22.2,22.2,44.4,cluster_0,H01,H0107,H010701,H01070110,H0107011026,ST04,31,C008
1540925,P0129,S0023,2017-04-26,3.0,65.97,2.0,25.95,PR14,,PR03,,,,22.2,22.2,44.4,cluster_0,H01,H0107,H010701,H01070110,H0107011026,ST04,31,C008
1554817,P0129,S0023,2017-04-27,0.0,0.0,2.0,25.95,PR14,,PR03,,,,22.2,22.2,44.4,cluster_0,H01,H0107,H010701,H01070110,H0107011026,ST04,31,C008
1568683,P0129,S0023,2017-04-28,1.0,21.99,1.0,25.95,PR14,,PR03,,,,22.2,22.2,44.4,cluster_0,H01,H0107,H010701,H01070110,H0107011026,ST04,31,C008
1582514,P0129,S0023,2017-04-29,0.0,0.0,1.0,25.95,PR14,,PR03,,,,22.2,22.2,44.4,cluster_0,H01,H0107,H010701,H01070110,H0107011026,ST04,31,C008
1596340,P0129,S0023,2017-04-30,0.0,0.0,1.0,25.95,PR14,,PR03,,,,22.2,22.2,44.4,cluster_0,H01,H0107,H010701,H01070110,H0107011026,ST04,31,C008
1610247,P0129,S0023,2017-05-01,1.0,21.99,1.0,25.95,PR14,,PR03,,,,22.2,22.2,44.4,cluster_0,H01,H0107,H010701,H01070110,H0107011026,ST04,31,C008
1624228,P0129,S0023,2017-05-02,0.0,0.0,3.0,25.95,PR14,,PR03,,,,22.2,22.2,44.4,cluster_0,H01,H0107,H010701,H01070110,H0107011026,ST04,31,C008
1638228,P0129,S0023,2017-05-03,1.0,21.99,5.0,25.95,PR14,,PR03,,,,22.2,22.2,44.4,cluster_0,H01,H0107,H010701,H01070110,H0107011026,ST04,31,C008
1652244,P0129,S0023,2017-05-04,0.0,0.0,5.0,25.95,PR14,,PR03,,,,22.2,22.2,44.4,cluster_0,H01,H0107,H010701,H01070110,H0107011026,ST04,31,C008
1666268,P0129,S0023,2017-05-05,0.0,0.0,5.0,25.95,PR14,,PR03,,,,22.2,22.2,44.4,cluster_0,H01,H0107,H010701,H01070110,H0107011026,ST04,31,C008
1680342,P0129,S0023,2017-05-06,0.0,0.0,8.0,25.95,PR14,,PR03,,,,22.2,22.2,44.4,cluster_0,H01,H0107,H010701,H01070110,H0107011026,ST04,31,C008
1694481,P0129,S0023,2017-05-07,0.0,0.0,8.0,25.95,PR14,,PR03,,,,22.2,22.2,44.4,cluster_0,H01,H0107,H010701,H01070110,H0107011026,ST04,31,C008
