sale_10.csv
Unnamed: 0,product_id,store_id,date,sales,revenue,stock,price,promo_type_1,promo_bin_1,promo_type_2,promo_bin_2,promo_discount_2,promo_discount_type_2,product_length,product_depth,product_width,cluster_id,hierarchy1_id,hierarchy2_id,hierarchy3_id,hierarchy4_id,hierarchy5_id,storetype_id,store_size,city_id
1708607,P0129,S0023,2017-05-08,0.0,0.0,8.0,25.95,PR14,,PR03,,,,22.2,22.2,44.4,cluster_0,H01,H0107,H010701,H01070110,H0107011026,ST04,31,C008
1722765,P0129,S0023,2017-05-09,1.0,21.99,7.0,25.95,PR14,,PR03,,,,22.2,22.2,44.4,cluster_0,H01,H0107,H010701,H01070110,H0107011026,ST04,31,C008
1736899,P0129,S0023,2017-05-10,1.0,21.99,6.0,25.95,PR14,,PR03,,,,22.2,22.2,44.4,cluster_0,H01,H0107,H010701,H01070110,H0107011026,ST04,31,C008
1751013,P0129,S0023,2017-05-11,1.0,21.99,5.0,25.95,PR14,,PR03,,,,22.2,22.2,44.4,cluster_0,H01,H0107,H010701,H01070110,H0107011026,ST04,31,C008
1765101,P0129,S0023,2017-05-12,0.0,0.0,5.0,25.95,PR14,,PR03,,,,22.2,22.2,44.4,cluster_0,H01,H0107,H010701,H01070110,H0107011026,ST04,31,C008
1779231,P0129,S0023,2017-05-13,0.0,0.0,5.0,25.95,PR14,,PR03,,,,22.2,22.2,44.4,cluster_0,H01,H0107,H010701,H01070110,H0107011026,ST04,31,C008
1793325,P0129,S0023,2017-05-14,0.0,0.0,5.0,25.95,PR14,,PR03,,,,22.2,22.2,44.4,cluster_0,H01,H0107,H010701,H01070110,H0107011026,ST04,31,C008
1807411,P0129,S0023,2017-05-15,0.0,0.0,5.0,25.95,PR14,,PR03,,,,22.2,22.2,44.4,cluster_0,H01,H0107,H010701,H01070110,H0107011026,ST04,31,C008
1821519,P0129,S0023,2017-05-16,2.0,43.98,3.0,25.95,PR14,,PR03,,,,22.2,22.2,44.4,cluster_0,H01,H0107,H010701,H01070110,H0107011026,ST04,31,C008
1835636,P0129,S0023,2017-05-17,1.0,21.99,5.0,25.95,PR14,,PR03,,,,22.2,22.2,44.4,cluster_0,H01,H0107,H010701,H01070110,H0107011026,ST04,31,C008
1849761,P0129,S0023,2017-05-18,0.0,0.0,5.0,25.95,PR14,,PR03,,,,22.2,22.2,44.4,cluster_0,H01,H0107,H010701,H01070110,H0107011026,ST04,31,C008
1863918,P0129,S0023,2017-05-19,1.0,21.99,4.0,25.95,PR14,,PR03,,,,22.2,22.2,44.4,cluster_0,H01,H0107,H010701,H01070110,H0107011026,ST04,31,C008
1878114,P0129,S0023,2017-05-20,0.0,0.0,4.0,25.95,PR14,,PR03,,,,22.2,22.2,44.4,cluster_0,H01,H0107,H010701,H01070110,H0107011026,ST04,31,C008
1892297,P0129,S0023,2017-05-21,0.0,0.0,4.0,25.95,PR14,,PR03,,,,22.2,22.2,44.4,cluster_0,H01,H0107,H010701,H01070110,H0107011026,ST04,31,C008
1906484,P0129,S0023,2017-05-22,0.0,0.0,4.0,25.95,PR14,,PR03,,,,22.2,22.2,44.4,cluster_0,H01,H0107,H010701,H01070110,H0107011026,ST04,31,C008
1920698,P0129,S0023,2017-05-23,0.0,0.0,4.0,25.95,PR14,,PR03,,,,22.2,22.2,44.4,cluster_0,H01,H0107,H010701,H01070110,H0107011026,ST04,31,C008
1934961,P0129,S0023,2017-05-24,0.0,0.0,4.0,25.95,PR14,,PR03,,,,22.2,22.2,44.4,cluster_0,H01,H0107,H010701,H01070110,H0107011026,ST04,31,C008
1949218,P0129,S0023,2017-05-25,2.0,43.98,2.0,25.95,PR14,,PR03,,,,22.2,22.2,44.4,cluster_0,H01,H0107,H010701,H01070110,H0107011026,ST04,31,C008
1963495,P0129,S0023,2017-05-26,2.0,43.98,0.0,25.95,PR14,,PR03,,,,22.2,22.2,44.4,cluster_0,H01,H0107,H010701,H01070110,H0107011026,ST04,31,C008
1977875,P0129,S0023,2017-05-27,1.0,21.99,2.0,25.95,PR14,,PR03,,,,22.2,22.2,44.4,cluster_0,H01,H0107,H010701,H01070110,H0107011026,ST04,31,C008
1992284,P0129,S0023,2017-05-28,1.0,21.99,1.0,25.95,PR14,,PR03,,,,22.2,22.2,44.4,cluster_0,H01,H0107,H010701,H01070110,H0107011026,ST04,31,C008
2006643,P0129,S0023,2017-05-29,1.0,21.99,0.0,25.95,PR14,,PR03,,,,22.2,22.2,44.4,cluster_0,H01,H0107,H010701,H01070110,H0107011026,ST04,31,C008
2021028,P0129,S0023,2017-05-30,1.0,21.99,2.0,25.95,PR14,,PR03,,,,22.2,22.2,44.4,cluster_0,H01,H0107,H010701,H01070110,H0107011026,ST04,31,C008
2035445,P0129,S0023,2017-05-31,1.0,21.99,1.0,25.95,PR14,,PR03,,,,22.2,22.2,44.4,cluster_0,H01,H0107,H010701,H01070110,H0107011026,ST04,31,C008
2049846,P0129,S0023,2017-06-01,0.0,0.0,1.0,25.95,PR14,,PR03,,,,22.2,22.2,44.4,cluster_0,H01,H0107,H010701,H01070110,H0107011026,ST04,31,C008
2064329,P0129,S0023,2017-06-02,0.0,0.0,4.0,25.95,PR14,,PR03,,,,22.2,22.2,44.4,cluster_0,H01,H0107,H010701,H01070110,H0107011026,ST04,31,C008
2078904,P0129,S0023,2017-06-03,0.0,0.0,7.0,25.95,PR14,,PR03,,,,22.2,22.2,44.4,cluster_0,H01,H0107,H010701,H01070110,H0107011026,ST04,31,C008
2093448,P0129,S0023,2017-06-04,0.0,0.0,7.0,25.95,PR14,,PR03,,,,22.2,22.2,44.4,cluster_0,H01,H0107,H010701,H01070110,H0107011026,ST04,31,C008
2108003,P0129,S0023,2017-06-05,0.0,0.0,7.0,25.95,PR14,,PR03,,,,22.2,22.2,44.4,cluster_0,H01,H0107,H010701,H01070110,H0107011026,ST04,31,C008
2122597,P0129,S0023,2017-06-06,0.0,0.0,10.0,25.95,PR14,,PR03,,,,22.2,22.2,44.4,cluster_0,H01,H0107,H010701,H01070110,H0107011026,ST04,31,C008
2137210,P0129,S0023,2017-06-07,1.0,21.99,9.0,25.95,PR14,,PR03,,,,22.2,22.2,44.4,cluster_0,H01,H0107,H010701,H01070110,H0107011026,ST04,31,C008
2151864,P0129,S0023,2017-06-08,2.0,43.98,7.0,25.95,PR14,,PR03,,,,22.2,22.2,44.4,cluster_0,H01,H0107,H010701,H01070110,H0107011026,ST04,31,C008
2166491,P0129,S0023,2017-06-09,1.0,21.99,9.0,25.95,PR14,,PR03,,,,22.2,22.2,44.4,cluster_0,H01,H0107,H010701,H01070110,H0107011026,ST04,31,C008
2181126,P0129,S0023,2017-06-10,0.0,0.0,9.0,25.95,PR14,,PR03,,,,22.2,22.2,44.4,cluster_0,H01,H0107,H010701,H01070110,H0107011026,ST04,31,C008
2195701,P0129,S0023,2017-06-11,0.0,0.0,9.0,25.95,PR14,,PR03,,,,22.2,22.2,44.4,cluster_0,H01,H0107,H010701,H01070110,H0107011026,ST04,31,C008
2210274,P0129,S0023,2017-06-12,0.0,0.0,9.0,25.95,PR14,,PR03,,,,22.2,22.2,44.4,cluster_0,H01,H0107,H010701,H01070110,H0107011026,ST04,31,C008
2224892,P0129,S0023,2017-06-13,1.0,21.99,8.0,25.95,PR14,,PR03,,,,22.2,22.2,44.4,cluster_0,H01,H0107,H010701,H01070110,H0107011026,ST04,31,C008
2239522,P0129,S0023,2017-06-14,0.0,0.0,8.0,25.95,PR14,,PR03,,,,22.2,22.2,44.4,cluster_0,H01,H0107,H010701,H01070110,H0107011026,ST04,31,C008
2254174,P0129,S0023,2017-06-15,0.0,0.0,8.0,25.95,PR14,,PR03,,,,22.2,22.2,44.4,cluster_0,H01,H0107,H010701,H01070110,H0107011026,ST04,31,C008
2268842,P0129,S0023,2017-06-16,0.0,0.0,14.0,25.95,PR14,,PR03,,,,22.2,22.2,44.4,cluster_0,H01,H0107,H010701,H01070110,H0107011026,ST04,31,C008
2283563,P0129,S0023,2017-06-17,2.0,43.98,12.0,25.95,PR14,,PR03,,,,22.2,22.2,44.4,cluster_0,H01,H0107,H010701,H01070110,H0107011026,ST04,31,C008
2298243,P0129,S0023,2017-06-18,1.0,21.99,11.0,25.95,PR14,,PR03,,,,22.2,22.2,44.4,cluster_0,H01,H0107,H010701,H01070110,H0107011026,ST04,31,C008
2312935,P0129,S0023,2017-06-19,0.0,0.0,11.0,25.95,PR14,,PR03,,,,22.2,22.2,44.4,cluster_0,H01,H0107,H010701,H01070110,H0107011026,ST04,31,C008
2327678,P0129,S0023,2017-06-20,0.0,0.0,11.0,25.95,PR14,,PR03,,,,22.2,22.2,44.4,cluster_0,H01,H0107,H010701,H01070110,H0107011026,ST04,31,C008
2342417,P0129,S0023,2017-06-21,0.0,0.0,11.0,25.95,PR14,,PR03,,,,22.2,22.2,44.4,cluster_0,H01,H0107,H010701,H01070110,H0107011026,ST04,31,C008
2357194,P0129,S0023,2017-06-22,1.0,21.99,10.0,25.95,PR14,,PR03,,,,22.2,22.2,44.4,cluster_0,H01,H0107,H010701,H01070110,H0107011026,ST04,31,C008
2372001,P0129,S0023,2017-06-23,0.0,0.0,10.0,25.95,PR14,,PR03,,,,22.2,22.2,44.4,cluster_0,H01,H0107,H010701,H01070110,H0107011026,ST04,31,C008
2386867,P0129,S0023,2017-06-24,2.0,43.98,8.0,25.95,PR14,,PR03,,,,22.2,22.2,44.4,cluster_0,H01,H0107,H010701,H01070110,H0107011026,ST04,31,C008
2401687,P0129,S0023,2017-06-25,0.0,0.0,8.0,25.95,PR14,,PR03,,,,22.2,22.2,44.4,cluster_0,H01,H0107,H010701,H01070110,H0107011026,ST04,31,C008
2416413,P0129,S0023,2017-06-26,0.0,0.0,8.0,25.95,PR14,,PR03,,,,22.2,22.2,44.4,cluster_0,H01,H0107,H010701,H01070110,H0107011026,ST04,31,C008
2431212,P0129,S0023,2017-06-27,0.0,0.0,8.0,25.95,PR14,,PR03,,,,22.2,22.2,44.4,cluster_0,H01,H0107,H010701,H01070110,H0107011026,ST04,31,C008
2446002,P0129,S0023,2017-06-28,0.0,0.0,8.0,25.95,PR14,,PR03,,,,22.2,22.2,44.4,cluster_0,H01,H0107,H010701,H01070110,H0107011026,ST04,31,C008
2460733,P0129,S0023,2017-06-29,1.0,21.99,7.0,25.95,PR14,,PR03,,,,22.2,22.2,44.4,cluster_0,H01,H0107,H010701,H01070110,H0107011026,ST04,31,C008
2475343,P0129,S0023,2017-06-30,0.0,0.0,7.0,25.95,PR14,,PR03,,,,22.2,22.2,44.4,cluster_0,H01,H0107,H010701,H01070110,H0107011026,ST04,31,C008
2490031,P0129,S0023,2017-07-01,1.0,21.99,6.0,25.95,PR14,,PR03,,,,22.2,22.2,44.4,cluster_0,H01,H0107,H010701,H01070110,H0107011026,ST04,31,C008
2504734,P0129,S0023,2017-07-02,0.0,0.0,6.0,25.95,PR14,,PR03,,,,22.2,22.2,44.4,cluster_0,H01,H0107,H010701,H01070110,H0107011026,ST04,31,C008
2519460,P0129,S0023,2017-07-03,0.0,0.0,6.0,25.95,PR14,,PR03,,,,22.2,22.2,44.4,cluster_0,H01,H0107,H010701,H01070110,H0107011026,ST04,31,C008
2534251,P0129,S0023,2017-07-04,1.0,21.99,8.0,25.95,PR14,,PR03,,,,22.2,22.2,44.4,cluster_0,H01,H0107,H010701,H01070110,H0107011026,ST04,31,C008
2549073,P0129,S0023,2017-07-05,0.0,0.0,11.0,19.95,PR14,,PR03,,,,22.2,22.2,44.4,cluster_0,H01,H0107,H010701,H01070110,H0107011026,ST04,31,C008
2563898,P0129,S0023,2017-07-06,0.0,0.0,11.0,19.95,PR14,,PR03,,,,22.2,22.2,44.4,cluster_0,H01,H0107,H010701,H01070110,H0107011026,ST04,31,C008
2578782,P0129,S0023,2017-07-07,0.0,0.0,11.0,19.95,PR14,,PR03,,,,22.2,22.2,44.4,cluster_0,H01,H0107,H010701,H01070110,H0107011026,ST04,31,C008
2593704,P0129,S0023,2017-07-08,3.0,50.72,8.0,19.95,PR14,,PR03,,,,22.2,22.2,44.4,cluster_0,H01,H0107,H010701,H01070110,H0107011026,ST04,31,C008
2608606,P0129,S0023,2017-07-09,1.0,16.91,7.0,19.95,PR14,,PR03,,,,22.2,22.2,44.4,cluster_0,H01,H0107,H010701,H01070110,H0107011026,ST04,31,C008
2623490,P0129,S0023,2017-07-10,0.0,0.0,7.0,19.95,PR14,,PR03,,,,22.2,22.2,44.4,cluster_0,H01,H0107,H010701,H01070110,H0107011026,ST04,31,C008
2638412,P0129,S0023,2017-07-11,1.0,16.91,9.0,19.95,PR14,,PR03,,,,22.2,22.2,44.4,cluster_0,H01,H0107,H010701,H01070110,H0107011026,ST04,31,C008
2653340,P0129,S0023,2017-07-12,1.0,16.91,8.0,19.95,PR14,,PR03,,,,22.2,22.2,44.4,cluster_0,H01,H0107,H010701,H01070110,H0107011026,ST04,31,C008
2668306,P0129,S0023,2017-07-13,2.0,33.81,6.0,19.95,PR14,,PR03,,,,22.2,22.2,44.4,cluster_0,H01,H0107,H010701,H01070110,H0107011026,ST04,31,C008
2683312,P0129,S0023,2017-07-14,0.0,0.0,6.0,19.95,PR14,,PR03,,,,22.2,22.2,44.4,cluster_0,H01,H0107,H010701,H01070110,H0107011026,ST04,31,C008
2698351,P0129,S0023,2017-07-15,0.0,0.0,6.0,19.95,PR14,,PR03,,,,22.2,22.2,44.4,cluster_0,H01,H0107,H010701,H01070110,H0107011026,ST04,31,C008
2713369,P0129,S0023,2017-07-16,1.0,16.91,5.0,19.95,PR14,,PR03,,,,22.2,22.2,44.4,cluster_0,H01,H0107,H010701,H01070110,H0107011026,ST04,31,C008
2728354,P0129,S0023,2017-07-17,0.0,0.0,5.0,19.95,PR14,,PR03,,,,22.2,22.2,44.4,cluster_0,H01,H0107,H010701,H01070110,H0107011026,ST04,31,C008
2743427,P0129,S0023,2017-07-18,1.0,16.91,4.0,19.95,PR14,,PR03,,,,22.2,22.2,44.4,cluster_0,H01,H0107,H010701,H01070110,H0107011026,ST04,31,C008
2758495,P0129,S0023,2017-07-19,1.0,16.91,3.0,19.95,PR14,,PR03,,,,22.2,22.2,44.4,cluster_0,H01,H0107,H010701,H01070110,H0107011026,ST04,31,C008
2773551,P0129,S0023,2017-07-20,1.0,16.91,2.0,19.95,PR14,,PR03,,,,22.2,22.2,44.4,cluster_0,H01,H0107,H010701,H01070110,H0107011026,ST04,31,C008
2788619,P0129,S0023,2017-07-21,0.0,0.0,2.0,19.95,PR14,,PR03,,,,22.2,22.2,44.4,cluster_0,H01,H0107,H010701,H01070110,H0107011026,ST04,31,C008
2803680,P0129,S0023,2017-07-22,1.0,16.91,7.0,19.95,PR14,,PR03,,,,22.2,22.2,44.4,cluster_0,H01,H0107,H010701,H01070110,H0107011026,ST04,31,C008
2818682,P0129,S0023,2017-07-23,1.0,16.91,6.0,19.95,PR14,,PR03,,,,22.2,22.2,44.4,cluster_0,H01,H0107,H010701,H01070110,H0107011026,ST04,31,C008
2833655,P0129,S0023,2017-07-24,1.0,16.91,5.0,19.95,PR14,,PR03,,,,22.2,22.2,44.4,cluster_0,H01,H0107,H010701,H01070110,H0107011026,ST04,31,C008
2848680,P0129,S0023,2017-07-25,0.0,0.0,5.0,19.95,PR14,,PR03,,,,22.2,22.2,44.4,cluster_0,H01,H0107,H010701,H01070110,H0107011026,ST04,31,C008
2863699,P0129,S0023,2017-07-26,1.0,16.91,4.0,19.95,PR14,,PR03,,,,22.2,22.2,44.4,cluster_0,H01,H0107,H010701,H01070110,H0107011026,ST04,31,C008
2878733,P0129,S0023,2017-07-27,2.0,33.81,8.0,19.95,PR14,,PR03,,,,22.2,22.2,44.4,cluster_0,H01,H0107,H010701,H01070110,H0107011026,ST04,31,C008
2893753,P0129,S0023,2017-07-28,0.0,0.0,11.0,19.95,PR14,,PR03,,,,22.2,22.2,44.4,cluster_0,H01,H0107,H010701,H01070110,H0107011026,ST04,31,C008
2908785,P0129,S0023,2017-07-29,0.0,0.0,11.0,19.95,PR14,,PR03,,,,22.2,22.2,44.4,cluster_0,H01,H0107,H010701,H01070110,H0107011026,ST04,31,C008
2923815,P0129,S0023,2017-07-30,2.0,33.81,9.0,19.95,PR14,,PR03,,,,22.2,22.2,44.4,cluster_0,H01,H0107,H010701,H01070110,H0107011026,ST04,31,C008
2938912,P0129,S0023,2017-07-31,1.0,16.91,8.0,19.95,PR14,,PR03,,,,22.2,22.2,44.4,cluster_0,H01,H0107,H010701,H01070110,H0107011026,ST04,31,C008
2954418,P0129,S0023,2017-08-01,0.0,0.0,8.0,19.95,PR14,,PR03,,,,22.2,22.2,44.4,cluster_0,H01,H0107,H010701,H01070110,H0107011026,ST04,31,C008
2969910,P0129,S0023,2017-08-02,1.0,16.91,7.0,19.95,PR14,,PR03,,,,22.2,22.2,44.4,cluster_0,H01,H0107,H010701,H01070110,H0107011026,ST04,31,C008
2985399,P0129,S0023,2017-08-03,1.0,16.91,6.0,19.95,PR14,,PR03,,,,22.2,22.2,44.4,cluster_0,H01,H0107,H010701,H01070110,H0107011026,ST04,31,C008
3000894,P0129,S0023,2017-08-04,4.0,67.63,8.0,19.95,PR14,,PR03,,,,22.2,22.2,44.4,cluster_0,H01,H0107,H010701,H01070110,H0107011026,ST04,31,C008
3016419,P0129,S0023,2017-08-05,1.0,15.17,7.0,17.9,PR14,,PR03,,,,22.2,22.2,44.4,cluster_0,H01,H0107,H010701,H01070110,H0107011026,ST04,31,C008
3031894,P0129,S0023,2017-08-06,3.0,45.51,4.0,17.9,PR14,,PR03,,,,22.2,22.2,44.4,cluster_0,H01,H0107,H010701,H01070110,H0107011026,ST04,31,C008
3047328,P0129,S0023,2017-08-07,2.0,30.34,2.0,17.9,PR14,,PR03,,,,22.2,22.2,44.4,cluster_0,H01,H0107,H010701,H01070110,H0107011026,ST04,31,C008
3062841,P0129,S0023,2017-08-08,1.0,15.17,1.0,17.9,PR14,,PR03,,,,22.2,22.2,44.4,cluster_0,H01,H0107,H010701,H01070110,H0107011026,ST04,31,C008
3078371,P0129,S0023,2017-08-09,1.0,15.17,0.0,17.9,PR14,,PR03,,,,22.2,22.2,44.4,cluster_0,H01,H0107,H010701,H01070110,H0107011026,ST04,31,C008
3109525,P0129,S0023,2017-08-11,0.0,0.0,6.0,17.9,PR14,,PR03,,,,22.2,22.2,44.4,cluster_0,H01,H0107,H010701,H01070110,H0107011026,ST04,31,C008
3125141,P0129,S0023,2017-08-12,0.0,0.0,9.0,17.9,PR14,,PR03,,,,22.2,22.2,44.4,cluster_0,H01,H0107,H010701,H01070110,H0107011026,ST04,31,C008
3140702,P0129,S0023,2017-08-13,3.0,45.51,6.0,17.9,PR14,,PR03,,,,22.2,22.2,44.4,cluster_0,H01,H0107,H010701,H01070110,H0107011026,ST04,31,C008
3156220,P0129,S0023,2017-08-14,2.0,30.34,4.0,17.9,PR14,,PR03,,,,22.2,22.2,44.4,cluster_0,H01,H0107,H010701,H01070110,H0107011026,ST04,31,C008
3171814,P0129,S0023,2017-08-15,0.0,0.0,4.0,17.9,PR14,,PR03,,,,22.2,22.2,44.4,cluster_0,H01,H0107,H010701,H01070110,H0107011026,ST04,31,C008
3187428,P0129,S0023,2017-08-16,0.0,0.0,4.0,17.9,PR14,,PR03,,,,22.2,22.2,44.4,cluster_0,H01,H0107,H010701,H01070110,H0107011026,ST04,31,C008
3203018,P0129,S0023,2017-08-17,1.0,15.17,3.0,17.9,PR14,,PR03,,,,22.2,22.2,44.4,cluster_0,H01,H0107,H010701,H01070110,H0107011026,ST04,31,C008
3218612,P0129,S0023,2017-08-18,0.0,0.0,3.0,17.9,PR14,,PR03,,,,22.2,22.2,44.4,cluster_0,H01,H0107,H010701,H01070110,H0107011026,ST04,31,C008
3234286,P0129,S0023,2017-08-19,0.0,0.0,6.0,17.9,PR14,,PR03,,,,22.2,22.2,44.4,cluster_0,H01,H0107,H010701,H01070110,H0107011026,ST04,31,C008
3249945,P0129,S0023,2017-08-20,0.0,0.0,6.0,17.9,PR14,,PR03,,,,22.2,22.2,44.4,cluster_0,H01,H0107,H010701,H01070110,H0107011026,ST04,31,C008
3265599,P0129,S0023,2017-08-21,0.0,0.0,6.0,17.9,PR14,,PR03,,,,22.2,22.2,44.4,cluster_0,H01,H0107,H010701,H01070110,H0107011026,ST04,31,C008
3281335,P0129,S0023,2017-08-22,0.0,0.0,9.0,17.9,PR14,,PR03,,,,22.2,22.2,44.4,cluster_0,H01,H0107,H010701,H01070110,H0107011026,ST04,31,C008
3297090,P0129,S0023,2017-08-23,0.0,0.0,9.0,17.9,PR14,,PR03,,,,22.2,22.2,44.4,cluster_0,H01,H0107,H010701,H01070110,H0107011026,ST04,31,C008
3312868,P0129,S0023,2017-08-24,2.0,30.34,13.0,17.9,PR14,,PR03,,,,22.2,22.2,44.4,cluster_0,H01,H0107,H010701,H01070110,H0107011026,ST04,31,C008
3328673,P0129,S0023,2017-08-25,1.0,15.17,12.0,17.9,PR14,,PR03,,,,22.2,22.2,44.4,cluster_0,H01,H0107,H010701,H01070110,H0107011026,ST04,31,C008
3344537,P0129,S0023,2017-08-26,2.0,30.34,10.0,17.9,PR14,,PR03,,,,22.2,22.2,44.4,cluster_0,H01,H0107,H010701,H01070110,H0107011026,ST04,31,C008
3360322,P0129,S0023,2017-08-27,2.0,30.34,8.0,17.9,PR14,,PR03,,,,22.2,22.2,44.4,cluster_0,H01,H0107,H010701,H01070110,H0107011026,ST04,31,C008
3376009,P0129,S0023,2017-08-28,0.0,0.0,8.0,17.9,PR14,,PR03,,,,22.2,22.2,44.4,cluster_0,H01,H0107,H010701,H01070110,H0107011026,ST04,31,C008
3391678,P0129,S0023,2017-08-29,0.0,0.0,8.0,17.9,PR14,,PR03,,,,22.2,22.2,44.4,cluster_0,H01,H0107,H010701,H01070110,H0107011026,ST04,31,C008
3407374,P0129,S0023,2017-08-30,2.0,30.34,6.0,17.9,PR14,,PR03,,,,22.2,22.2,44.4,cluster_0,H01,H0107,H010701,H01070110,H0107011026,ST04,31,C008
3423138,P0129,S0023,2017-08-31,3.0,45.51,3.0,17.9,PR14,,PR03,,,,22.2,22.2,44.4,cluster_0,H01,H0107,H010701,H01070110,H0107011026,ST04,31,C008
3439033,P0129,S0023,2017-09-01,0.0,0.0,3.0,17.9,PR14,,PR03,,,,22.2,22.2,44.4,cluster_0,H01,H0107,H010701,H01070110,H0107011026,ST04,31,C008
3454836,P0129,S0023,2017-09-02,0.0,0.0,6.0,17.9,PR14,,PR03,,,,22.2,22.2,44.4,cluster_0,H01,H0107,H010701,H01070110,H0107011026,ST04,31,C008
3470567,P0129,S0023,2017-09-03,0.0,0.0,6.0,17.9,PR14,,PR03,,,,22.2,22.2,44.4,cluster_0,H01,H0107,H010701,H01070110,H0107011026,ST04,31,C008
3486274,P0129,S0023,2017-09-04,1.0,15.17,4.0,17.9,PR14,,PR03,,,,22.2,22.2,44.4,cluster_0,H01,H0107,H010701,H01070110,H0107011026,ST04,31,C008
3502048,P0129,S0023,2017-09-05,0.0,0.0,7.0,17.9,PR14,,PR03,,,,22.2,22.2,44.4,cluster_0,H01,H0107,H010701,H01070110,H0107011026,ST04,31,C008
3517820,P0129,S0023,2017-09-06,3.0,45.51,4.0,17.9,PR14,,PR03,,,,22.2,22.2,44.4,cluster_0,H01,H0107,H010701,H01070110,H0107011026,ST04,31,C008
3533613,P0129,S0023,2017-09-07,2.0,30.34,2.0,17.9,PR14,,PR03,,,,22.2,22.2,44.4,cluster_0,H01,H0107,H010701,H01070110,H0107011026,ST04,31,C008
3549407,P0129,S0023,2017-09-08,0.0,0.0,2.0,17.9,PR14,,PR03,,,,22.2,22.2,44.4,cluster_0,H01,H0107,H010701,H01070110,H0107011026,ST04,31,C008
3565223,P0129,S0023,2017-09-09,1.0,15.17,4.0,17.9,PR14,,PR03,,,,22.2,22.2,44.4,cluster_0,H01,H0107,H010701,H01070110,H0107011026,ST04,31,C008
