sale_10.csv
Unnamed: 0,product_id,store_id,date,sales,revenue,stock,price,promo_type_1,promo_bin_1,promo_type_2,promo_bin_2,promo_discount_2,promo_discount_type_2,product_length,product_depth,product_width,cluster_id,hierarchy1_id,hierarchy2_id,hierarchy3_id,hierarchy4_id,hierarchy5_id,storetype_id,store_size,city_id
3580978,P0129,S0023,2017-09-10,0.0,0.0,4.0,17.9,PR14,,PR03,,,,22.2,22.2,44.4,cluster_0,H01,H0107,H010701,H01070110,H0107011026,ST04,31,C008
3596709,P0129,S0023,2017-09-11,1.0,15.17,3.0,17.9,PR14,,PR03,,,,22.2,22.2,44.4,cluster_0,H01,H0107,H010701,H01070110,H0107011026,ST04,31,C008
3612420,P0129,S0023,2017-09-12,0.0,0.0,6.0,17.9,PR14,,PR03,,,,22.2,22.2,44.4,cluster_0,H01,H0107,H010701,H01070110,H0107011026,ST04,31,C008
3628009,P0129,S0023,2017-09-13,0.0,0.0,9.0,17.9,PR14,,PR03,,,,22.2,22.2,44.4,cluster_0,H01,H0107,H010701,H01070110,H0107011026,ST04,31,C008
3643605,P0129,S0023,2017-09-14,2.0,30.34,7.0,17.9,PR14,,PR03,,,,22.2,22.2,44.4,cluster_0,H01,H0107,H010701,H01070110,H0107011026,ST04,31,C008
3659200,P0129,S0023,2017-09-15,4.0,60.68,7.0,17.9,PR14,,PR03,,,,22.2,22.2,44.4,cluster_0,H01,H0107,H010701,H01070110,H0107011026,ST04,31,C008
3674785,P0129,S0023,2017-09-16,0.0,0.0,10.0,17.9,PR14,,PR03,,,,22.2,22.2,44.4,cluster_0,H01,H0107,H010701,H01070110,H0107011026,ST04,31,C008
3690305,P0129,S0023,2017-09-17,0.0,0.0,10.0,17.9,PR14,,PR03,,,,22.2,22.2,44.4,cluster_0,H01,H0107,H010701,H01070110,H0107011026,ST04,31,C008
3705780,P0129,S0023,2017-09-18,1.0,15.17,9.0,17.9,PR14,,PR03,,,,22.2,22.2,44.4,cluster_0,H01,H0107,H010701,H01070110,H0107011026,ST04,31,C008
3721301,P0129,S0023,2017-09-19,3.0,45.51,6.0,17.9,PR14,,PR03,,,,22.2,22.2,44.4,cluster_0,H01,H0107,H010701,H01070110,H0107011026,ST04,31,C008
3736790,P0129,S0023,2017-09-20,4.0,60.68,8.0,17.9,PR14,,PR03,,,,22.2,22.2,44.4,cluster_0,H01,H0107,H010701,H01070110,H0107011026,ST04,31,C008
3752268,P0129,S0023,2017-09-21,2.0,30.34,6.0,17.9,PR14,,PR03,,,,22.2,22.2,44.4,cluster_0,H01,H0107,H010701,H01070110,H0107011026,ST04,31,C008
3767732,P0129,S0023,2017-09-22,1.0,15.17,8.0,17.9,PR14,,PR03,,,,22.2,22.2,44.4,cluster_0,H01,H0107,H010701,H01070110,H0107011026,ST04,31,C008
3783203,P0129,S0023,2017-09-23,1.0,17.71,7.0,20.9,PR14,,PR03,,,,22.2,22.2,44.4,cluster_0,H01,H0107,H010701,H01070110,H0107011026,ST04,31,C008
3798638,P0129,S0023,2017-09-24,3.0,53.14,4.0,20.9,PR14,,PR03,,,,22.2,22.2,44.4,cluster_0,H01,H0107,H010701,H01070110,H0107011026,ST04,31,C008
3814007,P0129,S0023,2017-09-25,1.0,17.71,3.0,20.9,PR14,,PR03,,,,22.2,22.2,44.4,cluster_0,H01,H0107,H010701,H01070110,H0107011026,ST04,31,C008
3829404,P0129,S0023,2017-09-26,1.0,17.71,2.0,20.9,PR14,,PR03,,,,22.2,22.2,44.4,cluster_0,H01,H0107,H010701,H01070110,H0107011026,ST04,31,C008
3844796,P0129,S0023,2017-09-27,2.0,30.42,3.0,17.95,PR14,,PR03,,,,22.2,22.2,44.4,cluster_0,H01,H0107,H010701,H01070110,H0107011026,ST04,31,C008
3860185,P0129,S0023,2017-09-28,1.0,15.21,2.0,17.95,PR14,,PR03,,,,22.2,22.2,44.4,cluster_0,H01,H0107,H010701,H01070110,H0107011026,ST04,31,C008
3875517,P0129,S0023,2017-09-29,1.0,15.21,7.0,17.95,PR14,,PR03,,,,22.2,22.2,44.4,cluster_0,H01,H0107,H010701,H01070110,H0107011026,ST04,31,C008
3890858,P0129,S0023,2017-09-30,0.0,0.0,10.0,17.95,PR14,,PR03,,,,22.2,22.2,44.4,cluster_0,H01,H0107,H010701,H01070110,H0107011026,ST04,31,C008
3906131,P0129,S0023,2017-10-01,1.0,15.21,9.0,17.95,PR14,,PR03,,,,22.2,22.2,44.4,cluster_0,H01,H0107,H010701,H01070110,H0107011026,ST04,31,C008
3921381,P0129,S0023,2017-10-02,4.0,60.85,5.0,17.95,PR14,,PR03,,,,22.2,22.2,44.4,cluster_0,H01,H0107,H010701,H01070110,H0107011026,ST04,31,C008
3936674,P0129,S0023,2017-10-03,1.0,15.21,4.0,17.95,PR14,,PR03,,,,22.2,22.2,44.4,cluster_0,H01,H0107,H010701,H01070110,H0107011026,ST04,31,C008
3951984,P0129,S0023,2017-10-04,2.0,30.42,2.0,17.95,PR14,,PR03,,,,22.2,22.2,44.4,cluster_0,H01,H0107,H010701,H01070110,H0107011026,ST04,31,C008
3967341,P0129,S0023,2017-10-05,0.0,0.0,2.0,17.95,PR14,,PR03,,,,22.2,22.2,44.4,cluster_0,H01,H0107,H010701,H01070110,H0107011026,ST04,31,C008
3982753,P0129,S0023,2017-10-06,1.0,15.21,1.0,17.95,PR14,,PR03,,,,22.2,22.2,44.4,cluster_0,H01,H0107,H010701,H01070110,H0107011026,ST04,31,C008
4059716,P0129,S0023,2017-10-11,1.0,15.21,8.0,17.95,PR14,,PR03,,,,22.2,22.2,44.4,cluster_0,H01,H0107,H010701,H01070110,H0107011026,ST04,31,C008
4075154,P0129,S0023,2017-10-12,1.0,15.21,7.0,17.95,PR14,,PR03,,,,22.2,22.2,44.4,cluster_0,H01,H0107,H010701,H01070110,H0107011026,ST04,31,C008
4090643,P0129,S0023,2017-10-13,1.0,15.21,6.0,17.95,PR14,,PR03,,,,22.2,22.2,44.4,cluster_0,H01,H0107,H010701,H01070110,H0107011026,ST04,31,C008
4106227,P0129,S0023,2017-10-14,0.0,0.0,6.0,17.95,PR14,,PR03,,,,22.2,22.2,44.4,cluster_0,H01,H0107,H010701,H01070110,H0107011026,ST04,31,C008
4121786,P0129,S0023,2017-10-15,1.0,15.21,5.0,17.95,PR14,,PR03,,,,22.2,22.2,44.4,cluster_0,H01,H0107,H010701,H01070110,H0107011026,ST04,31,C008
4137294,P0129,S0023,2017-10-16,2.0,30.42,3.0,17.95,PR14,,PR03,,,,22.2,22.2,44.4,cluster_0,H01,H0107,H010701,H01070110,H0107011026,ST04,31,C008
4152894,P0129,S0023,2017-10-17,0.0,0.0,3.0,17.95,PR14,,PR03,,,,22.2,22.2,44.4,cluster_0,H01,H0107,H010701,H01070110,H0107011026,ST04,31,C008
4168540,P0129,S0023,2017-10-18,2.0,30.42,4.0,17.95,PR14,,PR03,,,,22.2,22.2,44.4,cluster_0,H01,H0107,H010701,H01070110,H0107011026,ST04,31,C008
4184219,P0129,S0023,2017-10-19,3.0,45.64,4.0,17.95,PR14,,PR03,,,,22.2,22.2,44.4,cluster_0,H01,H0107,H010701,H01070110,H0107011026,ST04,31,C008
4199955,P0129,S0023,2017-10-20,0.0,0.0,13.0,17.95,PR14,,PR03,,,,22.2,22.2,44.4,cluster_0,H01,H0107,H010701,H01070110,H0107011026,ST04,31,C008
4215800,P0129,S0023,2017-10-21,0.0,0.0,16.0,17.95,PR14,,PR03,,,,22.2,22.2,44.4,cluster_0,H01,H0107,H010701,H01070110,H0107011026,ST04,31,C008
4231623,P0129,S0023,2017-10-22,4.0,60.85,12.0,17.95,PR14,,PR03,,,,22.2,22.2,44.4,cluster_0,H01,H0107,H010701,H01070110,H0107011026,ST04,31,C008
4247437,P0129,S0023,2017-10-23,1.0,15.21,11.0,17.95,PR14,,PR03,,,,22.2,22.2,44.4,cluster_0,H01,H0107,H010701,H01070110,H0107011026,ST04,31,C008
4263304,P0129,S0023,2017-10-24,2.0,30.42,9.0,17.95,PR14,,PR03,,,,22.2,22.2,44.4,cluster_0,H01,H0107,H010701,H01070110,H0107011026,ST04,31,C008
4279205,P0129,S0023,2017-10-25,1.0,15.21,8.0,17.95,PR14,,PR03,,,,22.2,22.2,44.4,cluster_0,H01,H0107,H010701,H01070110,H0107011026,ST04,31,C008
4295127,P0129,S0023,2017-10-26,2.0,30.42,6.0,17.95,PR14,,PR03,,,,22.2,22.2,44.4,cluster_0,H01,H0107,H010701,H01070110,H0107011026,ST04,31,C008
4311060,P0129,S0023,2017-10-27,0.0,0.0,6.0,17.95,PR14,,PR03,,,,22.2,22.2,44.4,cluster_0,H01,H0107,H010701,H01070110,H0107011026,ST04,31,C008
4327034,P0129,S0023,2017-10-28,1.0,15.21,5.0,17.95,PR14,,PR03,,,,22.2,22.2,44.4,cluster_0,H01,H0107,H010701,H01070110,H0107011026,ST04,31,C008
4342937,P0129,S0023,2017-10-29,1.0,15.21,4.0,17.95,PR14,,PR03,,,,22.2,22.2,44.4,cluster_0,H01,H0107,H010701,H01070110,H0107011026,ST04,31,C008
4358809,P0129,S0023,2017-10-30,1.0,15.21,3.0,17.95,PR14,,PR03,,,,22.2,22.2,44.4,cluster_0,H01,H0107,H010701,H01070110,H0107011026,ST04,31,C008
4374646,P0129,S0023,2017-10-31,1.0,15.21,5.0,17.95,PR14,,PR03,,,,22.2,22.2,44.4,cluster_0,H01,H0107,H010701,H01070110,H0107011026,ST04,31,C008
4390495,P0129,S0023,2017-11-01,1.0,15.21,4.0,17.95,PR14,,PR03,,,,22.2,22.2,44.4,cluster_0,H01,H0107,H010701,H01070110,H0107011026,ST04,31,C008
4406363,P0129,S0023,2017-11-02,0.0,0.0,4.0,17.95,PR14,,PR03,,,,22.2,22.2,44.4,cluster_0,H01,H0107,H010701,H01070110,H0107011026,ST04,31,C008
4422314,P0129,S0023,2017-11-03,0.0,0.0,4.0,17.95,PR14,,PR03,,,,22.2,22.2,44.4,cluster_0,H01,H0107,H010701,H01070110,H0107011026,ST04,31,C008
4438360,P0129,S0023,2017-11-04,2.0,38.9,5.0,22.95,PR14,,PR03,,,,22.2,22.2,44.4,cluster_0,H01,H0107,H010701,H01070110,H0107011026,ST04,31,C008
4454344,P0129,S0023,2017-11-05,3.0,58.35,2.0,22.95,PR14,,PR03,,,,22.2,22.2,44.4,cluster_0,H01,H0107,H010701,H01070110,H0107011026,ST04,31,C008
4470299,P0129,S0023,2017-11-06,0.0,0.0,2.0,22.95,PR14,,PR03,,,,22.2,22.2,44.4,cluster_0,H01,H0107,H010701,H01070110,H0107011026,ST04,31,C008
4486354,P0129,S0023,2017-11-07,2.0,38.9,5.0,22.95,PR14,,PR03,,,,22.2,22.2,44.4,cluster_0,H01,H0107,H010701,H01070110,H0107011026,ST04,31,C008
4502440,P0129,S0023,2017-11-08,0.0,0.0,8.0,22.95,PR14,,PR03,,,,22.2,22.2,44.4,cluster_0,H01,H0107,H010701,H01070110,H0107011026,ST04,31,C008
4518534,P0129,S0023,2017-11-09,0.0,0.0,8.0,22.95,PR14,,PR03,,,,22.2,22.2,44.4,cluster_0,H01,H0107,H010701,H01070110,H0107011026,ST04,31,C008
4534647,P0129,S0023,2017-11-10,0.0,0.0,8.0,22.95,PR14,,PR03,,,,22.2,22.2,44.4,cluster_0,H01,H0107,H010701,H01070110,H0107011026,ST04,31,C008
4550728,P0129,S0023,2017-11-11,1.0,19.45,8.0,22.95,PR14,,PR03,,,,22.2,22.2,44.4,cluster_0,H01,H0107,H010701,H01070110,H0107011026,ST04,31,C008
4566833,P0129,S0023,2017-11-12,1.0,19.45,9.0,22.95,PR14,,PR03,,,,22.2,22.2,44.4,cluster_0,H01,H0107,H010701,H01070110,H0107011026,ST04,31,C008
4582884,P0129,S0023,2017-11-13,1.0,19.45,8.0,22.95,PR14,,PR03,,,,22.2,22.2,44.4,cluster_0,H01,H0107,H010701,H01070110,H0107011026,ST04,31,C008
4599006,P0129,S0023,2017-11-14,0.0,0.0,11.0,22.95,PR14,,PR03,,,,22.2,22.2,44.4,cluster_0,H01,H0107,H010701,H01070110,H0107011026,ST04,31,C008
4615153,P0129,S0023,2017-11-15,0.0,0.0,11.0,22.95,PR14,,PR03,,,,22.2,22.2,44.4,cluster_0,H01,H0107,H010701,H01070110,H0107011026,ST04,31,C008
4631351,P0129,S0023,2017-11-16,1.0,19.45,10.0,22.95,PR14,,PR03,,,,22.2,22.2,44.4,cluster_0,H01,H0107,H010701,H01070110,H0107011026,ST04,31,C008
4647545,P0129,S0023,2017-11-17,0.0,0.0,10.0,22.95,PR14,,PR03,,,,22.2,22.2,44.4,cluster_0,H01,H0107,H010701,H01070110,H0107011026,ST04,31,C008
4663755,P0129,S0023,2017-11-18,1.0,19.45,9.0,22.95,PR14,,PR03,,,,22.2,22.2,44.4,cluster_0,H01,H0107,H010701,H01070110,H0107011026,ST04,31,C008
4679902,P0129,S0023,2017-11-19,1.0,19.45,8.0,22.95,PR14,,PR03,,,,22.2,22.2,44.4,cluster_0,H01,H0107,H010701,H01070110,H0107011026,ST04,31,C008
4695996,P0129,S0023,2017-11-20,1.0,19.45,7.0,22.95,PR14,,PR03,,,,22.2,22.2,44.4,cluster_0,H01,H0107,H010701,H01070110,H0107011026,ST04,31,C008
4712131,P0129,S0023,2017-11-21,0.0,0.0,7.0,22.95,PR14,,PR03,,,,22.2,22.2,44.4,cluster_0,H01,H0107,H010701,H01070110,H0107011026,ST04,31,C008
4728231,P0129,S0023,2017-11-22,1.0,19.45,6.0,22.95,PR14,,PR03,,,,22.2,22.2,44.4,cluster_0,H01,H0107,H010701,H01070110,H0107011026,ST04,31,C008
4744303,P0129,S0023,2017-11-23,2.0,38.9,7.0,22.95,PR14,,PR03,,,,22.2,22.2,44.4,cluster_0,H01,H0107,H010701,H01070110,H0107011026,ST04,31,C008
4760370,P0129,S0023,2017-11-24,0.0,0.0,7.0,22.95,PR14,,PR03,,,,22.2,22.2,44.4,cluster_0,H01,H0107,H010701,H01070110,H0107011026,ST04,31,C008
4776398,P0129,S0023,2017-11-25,1.0,19.45,9.0,22.95,PR14,,PR03,,,,22.2,22.2,44.4,cluster_0,H01,H0107,H010701,H01070110,H0107011026,ST04,31,C008
4792393,P0129,S0023,2017-11-26,1.0,19.45,8.0,22.95,PR14,,PR03,,,,22.2,22.2,44.4,cluster_0,H01,H0107,H010701,H01070110,H0107011026,ST04,31,C008
4808366,P0129,S0023,2017-11-27,0.0,0.0,8.0,22.95,PR14,,PR03,,,,22.2,22.2,44.4,cluster_0,H01,H0107,H010701,H01070110,H0107011026,ST04,31,C008
4824415,P0129,S0023,2017-11-28,0.0,0.0,8.0,22.95,PR14,,PR03,,,,22.2,22.2,44.4,cluster_0,H01,H0107,H010701,H01070110,H0107011026,ST04,31,C008
4840510,P0129,S0023,2017-11-29,1.0,19.45,7.0,22.95,PR14,,PR03,,,,22.2,22.2,44.4,cluster_0,H01,H0107,H010701,H01070110,H0107011026,ST04,31,C008
4856594,P0129,S0023,2017-11-30,0.0,0.0,7.0,22.95,PR14,,PR03,,,,22.2,22.2,44.4,cluster_0,H01,H0107,H010701,H01070110,H0107011026,ST04,31,C008
4872651,P0129,S0023,2017-12-01,0.0,0.0,7.0,22.95,PR14,,PR03,,,,22.2,22.2,44.4,cluster_0,H01,H0107,H010701,H01070110,H0107011026,ST04,31,C008
4888743,P0129,S0023,2017-12-02,2.0,38.9,7.0,22.95,PR14,,PR03,,,,22.2,22.2,44.4,cluster_0,H01,H0107,H010701,H01070110,H0107011026,ST04,31,C008
4904818,P0129,S0023,2017-12-03,3.0,58.35,2.0,22.95,PR14,,PR03,,,,22.2,22.2,44.4,cluster_0,H01,H0107,H010701,H01070110,H0107011026,ST04,31,C008
4920917,P0129,S0023,2017-12-04,1.0,19.45,1.0,22.95,PR14,,PR03,,,,22.2,22.2,44.4,cluster_0,H01,H0107,H010701,H01070110,H0107011026,ST04,31,C008
4937084,P0129,S0023,2017-12-05,2.0,38.9,2.0,22.95,PR14,,PR03,,,,22.2,22.2,44.4,cluster_0,H01,H0107,H010701,H01070110,H0107011026,ST04,31,C008
4953264,P0129,S0023,2017-12-06,0.0,0.0,2.0,23.95,PR14,,PR03,,,,22.2,22.2,44.4,cluster_0,H01,H0107,H010701,H01070110,H0107011026,ST04,31,C008
4969513,P0129,S0023,2017-12-07,0.0,0.0,2.0,23.95,PR14,,PR03,,,,22.2,22.2,44.4,cluster_0,H01,H0107,H010701,H01070110,H0107011026,ST04,31,C008
4985779,P0129,S0023,2017-12-08,1.0,20.3,1.0,23.95,PR14,,PR03,,,,22.2,22.2,44.4,cluster_0,H01,H0107,H010701,H01070110,H0107011026,ST04,31,C008
5002040,P0129,S0023,2017-12-09,1.0,20.3,3.0,23.95,PR14,,PR03,,,,22.2,22.2,44.4,cluster_0,H01,H0107,H010701,H01070110,H0107011026,ST04,31,C008
5018262,P0129,S0023,2017-12-10,1.0,20.3,2.0,23.95,PR14,,PR03,,,,22.2,22.2,44.4,cluster_0,H01,H0107,H010701,H01070110,H0107011026,ST04,31,C008
5034453,P0129,S0023,2017-12-11,0.0,0.0,2.0,23.95,PR14,,PR03,,,,22.2,22.2,44.4,cluster_0,H01,H0107,H010701,H01070110,H0107011026,ST04,31,C008
5050726,P0129,S0023,2017-12-12,3.0,60.89,5.0,23.95,PR14,,PR03,,,,22.2,22.2,44.4,cluster_0,H01,H0107,H010701,H01070110,H0107011026,ST04,31,C008
5067023,P0129,S0023,2017-12-13,0.0,0.0,5.0,23.95,PR14,,PR03,,,,22.2,22.2,44.4,cluster_0,H01,H0107,H010701,H01070110,H0107011026,ST04,31,C008
5083361,P0129,S0023,2017-12-14,1.0,20.3,7.0,23.95,PR14,,PR03,,,,22.2,22.2,44.4,cluster_0,H01,H0107,H010701,H01070110,H0107011026,ST04,31,C008
5099753,P0129,S0023,2017-12-15,0.0,0.0,13.0,23.95,PR14,,PR03,,,,22.2,22.2,44.4,cluster_0,H01,H0107,H010701,H01070110,H0107011026,ST04,31,C008
5116208,P0129,S0023,2017-12-16,0.0,0.0,16.0,23.95,PR14,,PR03,,,,22.2,22.2,44.4,cluster_0,H01,H0107,H010701,H01070110,H0107011026,ST04,31,C008
5132633,P0129,S0023,2017-12-17,1.0,20.3,15.0,23.95,PR14,,PR03,,,,22.2,22.2,44.4,cluster_0,H01,H0107,H010701,H01070110,H0107011026,ST04,31,C008
5149051,P0129,S0023,2017-12-18,0.0,0.0,15.0,23.95,PR14,,PR03,,,,22.2,22.2,44.4,cluster_0,H01,H0107,H010701,H01070110,H0107011026,ST04,31,C008
5165634,P0129,S0023,2017-12-19,0.0,0.0,15.0,23.95,PR14,,PR03,,,,22.2,22.2,44.4,cluster_0,H01,H0107,H010701,H01070110,H0107011026,ST04,31,C008
5182253,P0129,S0023,2017-12-20,2.0,40.59,13.0,23.95,PR14,,PR03,,,,22.2,22.2,44.4,cluster_0,H01,H0107,H010701,H01070110,H0107011026,ST04,31,C008
5198861,P0129,S0023,2017-12-21,1.0,20.3,12.0,23.95,PR14,,PR03,,,,22.2,22.2,44.4,cluster_0,H01,H0107,H010701,H01070110,H0107011026,ST04,31,C008
5215449,P0129,S0023,2017-12-22,0.0,0.0,12.0,23.95,PR14,,PR03,,,,22.2,22.2,44.4,cluster_0,H01,H0107,H010701,H01070110,H0107011026,ST04,31,C008
5231926,P0129,S0023,2017-12-23,0.0,0.0,12.0,23.95,PR14,,PR03,,,,22.2,22.2,44.4,cluster_0,H01,H0107,H010701,H01070110,H0107011026,ST04,31,C008
5248350,P0129,S0023,2017-12-24,1.0,20.3,11.0,23.95,PR14,,PR03,,,,22.2,22.2,44.4,cluster_0,H01,H0107,H010701,H01070110,H0107011026,ST04,31,C008
5264724,P0129,S0023,2017-12-25,0.0,0.0,11.0,23.95,PR14,,PR03,,,,22.2,22.2,44.4,cluster_0,H01,H0107,H010701,H01070110,H0107011026,ST04,31,C008
5280970,P0129,S0023,2017-12-26,1.0,20.3,10.0,23.95,PR14,,PR03,,,,22.2,22.2,44.4,cluster_0,H01,H0107,H010701,H01070110,H0107011026,ST04,31,C008
5297213,P0129,S0023,2017-12-27,0.0,0.0,10.0,23.95,PR14,,PR03,,,,22.2,22.2,44.4,cluster_0,H01,H0107,H010701,H01070110,H0107011026,ST04,31,C008
5313443,P0129,S0023,2017-12-28,1.0,20.3,9.0,23.95,PR14,,PR03,,,,22.2,22.2,44.4,cluster_0,H01,H0107,H010701,H01070110,H0107011026,ST04,31,C008
5329640,P0129,S0023,2017-12-29,1.0,20.3,8.0,23.95,PR14,,PR03,,,,22.2,22.2,44.4,cluster_0,H01,H0107,H010701,H01070110,H0107011026,ST04,31,C008
5345917,P0129,S0023,2017-12-30,1.0,20.3,7.0,23.95,PR14,,PR03,,,,22.2,22.2,44.4,cluster_0,H01,H0107,H010701,H01070110,H0107011026,ST04,31,C008
5362134,P0129,S0023,2017-12-31,1.0,20.3,6.0,23.95,PR14,,PR03,,,,22.2,22.2,44.4,cluster_0,H01,H0107,H010701,H01070110,H0107011026,ST04,31,C008
5378353,P0129,S0023,2018-01-01,0.0,0.0,6.0,23.95,PR14,,PR03,,,,22.2,22.2,44.4,cluster_0,H01,H0107,H010701,H01070110,H0107011026,ST04,31,C008
5394594,P0129,S0023,2018-01-02,0.0,0.0,6.0,23.95,PR14,,PR03,,,,22.2,22.2,44.4,cluster_0,H01,H0107,H010701,H01070110,H0107011026,ST04,31,C008
5410835,P0129,S0023,2018-01-03,1.0,20.3,5.0,23.95,PR14,,PR03,,,,22.2,22.2,44.4,cluster_0,H01,H0107,H010701,H01070110,H0107011026,ST04,31,C008
5427088,P0129,S0023,2018-01-04,1.0,20.3,4.0,23.95,PR14,,PR03,,,,22.2,22.2,44.4,cluster_0,H01,H0107,H010701,H01070110,H0107011026,ST04,31,C008
5443389,P0129,S0023,2018-01-05,1.0,20.3,3.0,23.95,PR14,,PR03,,,,22.2,22.2,44.4,cluster_0,H01,H0107,H010701,H01070110,H0107011026,ST04,31,C008
5459731,P0129,S0023,2018-01-06,0.0,0.0,3.0,21.95,PR14,,PR03,,,,22.2,22.2,44.4,cluster_0,H01,H0107,H010701,H01070110,H0107011026,ST04,31,C008
5475999,P0129,S0023,2018-01-07,0.0,0.0,3.0,21.95,PR14,,PR03,,,,22.2,22.2,44.4,cluster_0,H01,H0107,H010701,H01070110,H0107011026,ST04,31,C008
5492291,P0129,S0023,2018-01-08,1.0,18.6,2.0,21.95,PR14,,PR03,,,,22.2,22.2,44.4,cluster_0,H01,H0107,H010701,H01070110,H0107011026,ST04,31,C008
5508614,P0129,S0023,2018-01-09,1.0,18.6,4.0,21.95,PR14,,PR03,,,,22.2,22.2,44.4,cluster_0,H01,H0107,H010701,H01070110,H0107011026,ST04,31,C008
5524964,P0129,S0023,2018-01-10,2.0,37.2,2.0,21.95,PR14,,PR03,,,,22.2,22.2,44.4,cluster_0,H01,H0107,H010701,H01070110,H0107011026,ST04,31,C008
5541343,P0129,S0023,2018-01-11,1.0,18.6,1.0,21.95,PR14,,PR03,,,,22.2,22.2,44.4,cluster_0,H01,H0107,H010701,H01070110,H0107011026,ST04,31,C008
5557783,P0129,S0023,2018-01-12,0.0,0.0,1.0,21.95,PR14,,PR03,,,,22.2,22.2,44.4,cluster_0,H01,H0107,H010701,H01070110,H0107011026,ST04,31,C008
5574265,P0129,S0023,2018-01-13,1.0,16.02,0.0,18.9,PR14,,PR03,,,,22.2,22.2,44.4,cluster_0,H01,H0107,H010701,H01070110,H0107011026,ST04,31,C008
5623563,P0129,S0023,2018-01-16,1.0,16.02,2.0,18.9,PR14,,PR03,,,,22.2,22.2,44.4,cluster_0,H01,H0107,H010701,H01070110,H0107011026,ST04,31,C008
5640083,P0129,S0023,2018-01-17,1.0,16.02,1.0,18.9,PR14,,PR03,,,,22.2,22.2,44.4,cluster_0,H01,H0107,H010701,H01070110,H0107011026,ST04,31,C008
