sale_10.csv
Unnamed: 0,product_id,store_id,date,sales,revenue,stock,price,promo_type_1,promo_bin_1,promo_type_2,promo_bin_2,promo_discount_2,promo_discount_type_2,product_length,product_depth,product_width,cluster_id,hierarchy1_id,hierarchy2_id,hierarchy3_id,hierarchy4_id,hierarchy5_id,storetype_id,store_size,city_id
5656629,P0129,S0023,2018-01-18,0.0,0.0,7.0,18.9,PR14,,PR03,,,,22.2,22.2,44.4,cluster_0,H01,H0107,H010701,H01070110,H0107011026,ST04,31,C008
5673192,P0129,S0023,2018-01-19,1.0,16.02,6.0,18.9,PR14,,PR03,,,,22.2,22.2,44.4,cluster_0,H01,H0107,H010701,H01070110,H0107011026,ST04,31,C008
5689813,P0129,S0023,2018-01-20,0.0,0.0,6.0,18.9,PR14,,PR03,,,,22.2,22.2,44.4,cluster_0,H01,H0107,H010701,H01070110,H0107011026,ST04,31,C008
5706373,P0129,S0023,2018-01-21,1.0,16.02,5.0,18.9,PR14,,PR03,,,,22.2,22.2,44.4,cluster_0,H01,H0107,H010701,H01070110,H0107011026,ST04,31,C008
5723005,P0129,S0023,2018-01-22,0.0,0.0,5.0,18.9,PR14,,PR03,,,,22.2,22.2,44.4,cluster_0,H01,H0107,H010701,H01070110,H0107011026,ST04,31,C008
5739610,P0129,S0023,2018-01-23,0.0,0.0,8.0,18.9,PR14,,PR03,,,,22.2,22.2,44.4,cluster_0,H01,H0107,H010701,H01070110,H0107011026,ST04,31,C008
5756218,P0129,S0023,2018-01-24,1.0,16.02,7.0,18.9,PR14,,PR03,,,,22.2,22.2,44.4,cluster_0,H01,H0107,H010701,H01070110,H0107011026,ST04,31,C008
5772830,P0129,S0023,2018-01-25,1.0,16.02,6.0,18.9,PR14,,PR03,,,,22.2,22.2,44.4,cluster_0,H01,H0107,H010701,H01070110,H0107011026,ST04,31,C008
5789464,P0129,S0023,2018-01-26,0.0,0.0,9.0,18.9,PR14,,PR03,,,,22.2,22.2,44.4,cluster_0,H01,H0107,H010701,H01070110,H0107011026,ST04,31,C008
5806088,P0129,S0023,2018-01-27,2.0,32.03,7.0,18.9,PR14,,PR03,,,,22.2,22.2,44.4,cluster_0,H01,H0107,H010701,H01070110,H0107011026,ST04,31,C008
5822651,P0129,S0023,2018-01-28,1.0,16.02,6.0,18.9,PR14,,PR03,,,,22.2,22.2,44.4,cluster_0,H01,H0107,H010701,H01070110,H0107011026,ST04,31,C008
5839292,P0129,S0023,2018-01-29,0.0,0.0,6.0,18.9,PR14,,PR03,,,,22.2,22.2,44.4,cluster_0,H01,H0107,H010701,H01070110,H0107011026,ST04,31,C008
5855895,P0129,S0023,2018-01-30,0.0,0.0,6.0,18.9,PR14,,PR03,,,,22.2,22.2,44.4,cluster_0,H01,H0107,H010701,H01070110,H0107011026,ST04,31,C008
5872508,P0129,S0023,2018-01-31,2.0,32.03,4.0,18.9,PR14,,PR03,,,,22.2,22.2,44.4,cluster_0,H01,H0107,H010701,H01070110,H0107011026,ST04,31,C008
5889138,P0129,S0023,2018-02-01,0.0,0.0,4.0,18.9,PR14,,PR03,,,,22.2,22.2,44.4,cluster_0,H01,H0107,H010701,H01070110,H0107011026,ST04,31,C008
5905847,P0129,S0023,2018-02-02,0.0,0.0,4.0,18.9,PR14,,PR03,,,,22.2,22.2,44.4,cluster_0,H01,H0107,H010701,H01070110,H0107011026,ST04,31,C008
5922611,P0129,S0023,2018-02-03,1.0,16.02,3.0,18.9,PR14,,PR03,,,,22.2,22.2,44.4,cluster_0,H01,H0107,H010701,H01070110,H0107011026,ST04,31,C008
5939324,P0129,S0023,2018-02-04,0.0,0.0,3.0,18.9,PR14,,PR03,,,,22.2,22.2,44.4,cluster_0,H01,H0107,H010701,H01070110,H0107011026,ST04,31,C008
5956102,P0129,S0023,2018-02-05,1.0,16.02,2.0,18.9,PR14,,PR03,,,,22.2,22.2,44.4,cluster_0,H01,H0107,H010701,H01070110,H0107011026,ST04,31,C008
5972818,P0129,S0023,2018-02-06,0.0,0.0,5.0,18.9,PR14,,PR03,,,,22.2,22.2,44.4,cluster_0,H01,H0107,H010701,H01070110,H0107011026,ST04,31,C008
5989528,P0129,S0023,2018-02-07,1.0,22.8,4.0,26.9,PR14,,PR03,,,,22.2,22.2,44.4,cluster_0,H01,H0107,H010701,H01070110,H0107011026,ST04,31,C008
6006246,P0129,S0023,2018-02-08,0.0,0.0,4.0,26.9,PR14,,PR03,,,,22.2,22.2,44.4,cluster_0,H01,H0107,H010701,H01070110,H0107011026,ST04,31,C008
6022987,P0129,S0023,2018-02-09,1.0,22.8,6.0,26.9,PR14,,PR03,,,,22.2,22.2,44.4,cluster_0,H01,H0107,H010701,H01070110,H0107011026,ST04,31,C008
6039837,P0129,S0023,2018-02-10,1.0,16.02,5.0,18.9,PR14,,PR03,,,,22.2,22.2,44.4,cluster_0,H01,H0107,H010701,H01070110,H0107011026,ST04,31,C008
6056658,P0129,S0023,2018-02-11,0.0,0.0,5.0,18.9,PR14,,PR03,,,,22.2,22.2,44.4,cluster_0,H01,H0107,H010701,H01070110,H0107011026,ST04,31,C008
6073537,P0129,S0023,2018-02-12,0.0,0.0,5.0,18.9,PR14,,PR03,,,,22.2,22.2,44.4,cluster_0,H01,H0107,H010701,H01070110,H0107011026,ST04,31,C008
6090383,P0129,S0023,2018-02-13,1.0,16.02,7.0,18.9,PR14,,PR03,,,,22.2,22.2,44.4,cluster_0,H01,H0107,H010701,H01070110,H0107011026,ST04,31,C008
6107209,P0129,S0023,2018-02-14,3.0,48.05,4.0,18.9,PR14,,PR03,,,,22.2,22.2,44.4,cluster_0,H01,H0107,H010701,H01070110,H0107011026,ST04,31,C008
6124074,P0129,S0023,2018-02-15,1.0,16.02,3.0,18.9,PR14,,PR03,,,,22.2,22.2,44.4,cluster_0,H01,H0107,H010701,H01070110,H0107011026,ST04,31,C008
6140960,P0129,S0023,2018-02-16,0.0,0.0,6.0,18.9,PR14,,PR03,,,,22.2,22.2,44.4,cluster_0,H01,H0107,H010701,H01070110,H0107011026,ST04,31,C008
6157940,P0129,S0023,2018-02-17,1.0,22.8,5.0,26.9,PR14,,PR03,,,,22.2,22.2,44.4,cluster_0,H01,H0107,H010701,H01070110,H0107011026,ST04,31,C008
6174853,P0129,S0023,2018-02-18,0.0,0.0,5.0,26.9,PR14,,PR03,,,,22.2,22.2,44.4,cluster_0,H01,H0107,H010701,H01070110,H0107011026,ST04,31,C008
6191811,P0129,S0023,2018-02-19,0.0,0.0,5.0,26.9,PR14,,PR03,,,,22.2,22.2,44.4,cluster_0,H01,H0107,H010701,H01070110,H0107011026,ST04,31,C008
6208742,P0129,S0023,2018-02-20,0.0,0.0,5.0,26.9,PR14,,PR03,,,,22.2,22.2,44.4,cluster_0,H01,H0107,H010701,H01070110,H0107011026,ST04,31,C008
6225688,P0129,S0023,2018-02-21,0.0,0.0,5.0,26.9,PR14,,PR03,,,,22.2,22.2,44.4,cluster_0,H01,H0107,H010701,H01070110,H0107011026,ST04,31,C008
6242646,P0129,S0023,2018-02-22,0.0,0.0,5.0,26.9,PR14,,PR03,,,,22.2,22.2,44.4,cluster_0,H01,H0107,H010701,H01070110,H0107011026,ST04,31,C008
6259590,P0129,S0023,2018-02-23,1.0,22.8,4.0,26.9,PR14,,PR03,,,,22.2,22.2,44.4,cluster_0,H01,H0107,H010701,H01070110,H0107011026,ST04,31,C008
6276554,P0129,S0023,2018-02-24,1.0,22.8,3.0,26.9,PR14,,PR03,,,,22.2,22.2,44.4,cluster_0,H01,H0107,H010701,H01070110,H0107011026,ST04,31,C008
6293430,P0129,S0023,2018-02-25,0.0,0.0,3.0,26.9,PR14,,PR03,,,,22.2,22.2,44.4,cluster_0,H01,H0107,H010701,H01070110,H0107011026,ST04,31,C008
6310331,P0129,S0023,2018-02-26,1.0,22.8,2.0,26.9,PR14,,PR03,,,,22.2,22.2,44.4,cluster_0,H01,H0107,H010701,H01070110,H0107011026,ST04,31,C008
6327194,P0129,S0023,2018-02-27,0.0,0.0,2.0,26.9,PR14,,PR03,,,,22.2,22.2,44.4,cluster_0,H01,H0107,H010701,H01070110,H0107011026,ST04,31,C008
6344021,P0129,S0023,2018-02-28,0.0,0.0,8.0,26.9,PR14,,PR03,,,,22.2,22.2,44.4,cluster_0,H01,H0107,H010701,H01070110,H0107011026,ST04,31,C008
6360826,P0129,S0023,2018-03-01,0.0,0.0,8.0,26.9,PR14,,PR03,,,,22.2,22.2,44.4,cluster_0,H01,H0107,H010701,H01070110,H0107011026,ST04,31,C008
6377635,P0129,S0023,2018-03-02,0.0,0.0,8.0,26.9,PR14,,PR03,,,,22.2,22.2,44.4,cluster_0,H01,H0107,H010701,H01070110,H0107011026,ST04,31,C008
6394515,P0129,S0023,2018-03-03,0.0,0.0,11.0,26.9,PR14,,PR03,,,,22.2,22.2,44.4,cluster_0,H01,H0107,H010701,H01070110,H0107011026,ST04,31,C008
6411435,P0129,S0023,2018-03-04,0.0,0.0,11.0,26.9,PR14,,PR03,,,,22.2,22.2,44.4,cluster_0,H01,H0107,H010701,H01070110,H0107011026,ST04,31,C008
6428337,P0129,S0023,2018-03-05,3.0,68.39,8.0,26.9,PR14,,PR03,,,,22.2,22.2,44.4,cluster_0,H01,H0107,H010701,H01070110,H0107011026,ST04,31,C008
6445227,P0129,S0023,2018-03-06,0.0,0.0,8.0,26.9,PR14,,PR03,,,,22.2,22.2,44.4,cluster_0,H01,H0107,H010701,H01070110,H0107011026,ST04,31,C008
6462161,P0129,S0023,2018-03-07,0.0,0.0,8.0,26.9,PR14,,PR03,,,,22.2,22.2,44.4,cluster_0,H01,H0107,H010701,H01070110,H0107011026,ST04,31,C008
6479050,P0129,S0023,2018-03-08,2.0,45.59,6.0,26.9,PR14,,PR03,,,,22.2,22.2,44.4,cluster_0,H01,H0107,H010701,H01070110,H0107011026,ST04,31,C008
6495930,P0129,S0023,2018-03-09,0.0,0.0,6.0,26.9,PR14,,PR03,,,,22.2,22.2,44.4,cluster_0,H01,H0107,H010701,H01070110,H0107011026,ST04,31,C008
6512871,P0129,S0023,2018-03-10,0.0,0.0,6.0,26.9,PR14,,PR03,,,,22.2,22.2,44.4,cluster_0,H01,H0107,H010701,H01070110,H0107011026,ST04,31,C008
6529905,P0129,S0023,2018-03-11,1.0,22.8,5.0,26.9,PR14,,PR03,,,,22.2,22.2,44.4,cluster_0,H01,H0107,H010701,H01070110,H0107011026,ST04,31,C008
6546934,P0129,S0023,2018-03-12,0.0,0.0,5.0,26.9,PR14,,PR03,,,,22.2,22.2,44.4,cluster_0,H01,H0107,H010701,H01070110,H0107011026,ST04,31,C008
6563951,P0129,S0023,2018-03-13,0.0,0.0,5.0,26.9,PR14,,PR03,,,,22.2,22.2,44.4,cluster_0,H01,H0107,H010701,H01070110,H0107011026,ST04,31,C008
6580993,P0129,S0023,2018-03-14,0.0,0.0,5.0,26.9,PR14,,PR03,,,,22.2,22.2,44.4,cluster_0,H01,H0107,H010701,H01070110,H0107011026,ST04,31,C008
6598074,P0129,S0023,2018-03-15,1.0,22.8,4.0,26.9,PR14,,PR03,,,,22.2,22.2,44.4,cluster_0,H01,H0107,H010701,H01070110,H0107011026,ST04,31,C008
6615171,P0129,S0023,2018-03-16,0.0,0.0,7.0,26.9,PR14,,PR03,,,,22.2,22.2,44.4,cluster_0,H01,H0107,H010701,H01070110,H0107011026,ST04,31,C008
6632344,P0129,S0023,2018-03-17,1.0,22.8,6.0,26.9,PR14,,PR03,,,,22.2,22.2,44.4,cluster_0,H01,H0107,H010701,H01070110,H0107011026,ST04,31,C008
6649617,P0129,S0023,2018-03-18,3.0,68.39,3.0,26.9,PR14,,PR03,,,,22.2,22.2,44.4,cluster_0,H01,H0107,H010701,H01070110,H0107011026,ST04,31,C008
6666863,P0129,S0023,2018-03-19,0.0,0.0,3.0,26.9,PR14,,PR03,,,,22.2,22.2,44.4,cluster_0,H01,H0107,H010701,H01070110,H0107011026,ST04,31,C008
6684075,P0129,S0023,2018-03-20,0.0,0.0,3.0,26.9,PR14,,PR03,,,,22.2,22.2,44.4,cluster_0,H01,H0107,H010701,H01070110,H0107011026,ST04,31,C008
6701338,P0129,S0023,2018-03-21,0.0,0.0,3.0,26.9,PR14,,PR03,,,,22.2,22.2,44.4,cluster_0,H01,H0107,H010701,H01070110,H0107011026,ST04,31,C008
6718717,P0129,S0023,2018-03-22,2.0,45.59,1.0,26.9,PR14,,PR03,,,,22.2,22.2,44.4,cluster_0,H01,H0107,H010701,H01070110,H0107011026,ST04,31,C008
6736118,P0129,S0023,2018-03-23,1.0,22.8,6.0,26.9,PR14,,PR03,,,,22.2,22.2,44.4,cluster_0,H01,H0107,H010701,H01070110,H0107011026,ST04,31,C008
6753493,P0129,S0023,2018-03-24,1.0,22.8,5.0,26.9,PR14,,PR03,,,,22.2,22.2,44.4,cluster_0,H01,H0107,H010701,H01070110,H0107011026,ST04,31,C008
6770890,P0129,S0023,2018-03-25,0.0,0.0,5.0,26.9,PR14,,PR03,,,,22.2,22.2,44.4,cluster_0,H01,H0107,H010701,H01070110,H0107011026,ST04,31,C008
6788258,P0129,S0023,2018-03-26,0.0,0.0,5.0,26.9,PR14,,PR03,,,,22.2,22.2,44.4,cluster_0,H01,H0107,H010701,H01070110,H0107011026,ST04,31,C008
6805615,P0129,S0023,2018-03-27,0.0,0.0,5.0,26.9,PR14,,PR03,,,,22.2,22.2,44.4,cluster_0,H01,H0107,H010701,H01070110,H0107011026,ST04,31,C008
6822978,P0129,S0023,2018-03-28,3.0,68.39,2.0,26.9,PR14,,PR03,,,,22.2,22.2,44.4,cluster_0,H01,H0107,H010701,H01070110,H0107011026,ST04,31,C008
6840342,P0129,S0023,2018-03-29,0.0,0.0,2.0,26.9,PR14,,PR03,,,,22.2,22.2,44.4,cluster_0,H01,H0107,H010701,H01070110,H0107011026,ST04,31,C008
6857690,P0129,S0023,2018-03-30,0.0,0.0,2.0,26.9,PR14,,PR03,,,,22.2,22.2,44.4,cluster_0,H01,H0107,H010701,H01070110,H0107011026,ST04,31,C008
6875296,P0129,S0023,2018-03-31,0.0,0.0,2.0,26.9,PR14,,PR03,,,,22.2,22.2,44.4,cluster_0,H01,H0107,H010701,H01070110,H0107011026,ST04,31,C008
6893011,P0129,S0023,2018-04-01,0.0,0.0,2.0,26.9,PR14,,PR03,,,,22.2,22.2,44.4,cluster_0,H01,H0107,H010701,H01070110,H0107011026,ST04,31,C008
6910708,P0129,S0023,2018-04-02,0.0,0.0,2.0,26.9,PR14,,PR03,,,,22.2,22.2,44.4,cluster_0,H01,H0107,H010701,H01070110,H0107011026,ST04,31,C008
6928401,P0129,S0023,2018-04-03,0.0,0.0,5.0,26.9,PR14,,PR03,,,,22.2,22.2,44.4,cluster_0,H01,H0107,H010701,H01070110,H0107011026,ST04,31,C008
6946054,P0129,S0023,2018-04-04,0.0,0.0,5.0,26.9,PR14,,PR03,,,,22.2,22.2,44.4,cluster_0,H01,H0107,H010701,H01070110,H0107011026,ST04,31,C008
6963777,P0129,S0023,2018-04-05,0.0,0.0,5.0,26.9,PR14,,PR03,,,,22.2,22.2,44.4,cluster_0,H01,H0107,H010701,H01070110,H0107011026,ST04,31,C008
6981547,P0129,S0023,2018-04-06,0.0,0.0,5.0,26.9,PR14,,PR03,,,,22.2,22.2,44.4,cluster_0,H01,H0107,H010701,H01070110,H0107011026,ST04,31,C008
6999401,P0129,S0023,2018-04-07,2.0,45.59,3.0,26.9,PR14,,PR03,,,,22.2,22.2,44.4,cluster_0,H01,H0107,H010701,H01070110,H0107011026,ST04,31,C008
7017349,P0129,S0023,2018-04-08,1.0,22.8,2.0,26.9,PR14,,PR03,,,,22.2,22.2,44.4,cluster_0,H01,H0107,H010701,H01070110,H0107011026,ST04,31,C008
7035263,P0129,S0023,2018-04-09,1.0,22.8,1.0,26.9,PR14,,PR03,,,,22.2,22.2,44.4,cluster_0,H01,H0107,H010701,H01070110,H0107011026,ST04,31,C008
7053126,P0129,S0023,2018-04-10,0.0,0.0,1.0,26.9,PR14,,PR03,,,,22.2,22.2,44.4,cluster_0,H01,H0107,H010701,H01070110,H0107011026,ST04,31,C008
7070981,P0129,S0023,2018-04-11,0.0,0.0,1.0,26.9,PR14,,PR03,,,,22.2,22.2,44.4,cluster_0,H01,H0107,H010701,H01070110,H0107011026,ST04,31,C008
7088889,P0129,S0023,2018-04-12,0.0,0.0,4.0,26.9,PR14,,PR03,,,,22.2,22.2,44.4,cluster_0,H01,H0107,H010701,H01070110,H0107011026,ST04,31,C008
7106858,P0129,S0023,2018-04-13,0.0,0.0,13.0,26.9,PR14,,PR03,,,,22.2,22.2,44.4,cluster_0,H01,H0107,H010701,H01070110,H0107011026,ST04,31,C008
7124881,P0129,S0023,2018-04-14,1.0,22.8,15.0,26.9,PR14,,PR03,,,,22.2,22.2,44.4,cluster_0,H01,H0107,H010701,H01070110,H0107011026,ST04,31,C008
7142954,P0129,S0023,2018-04-15,0.0,0.0,15.0,26.9,PR14,,PR03,,,,22.2,22.2,44.4,cluster_0,H01,H0107,H010701,H01070110,H0107011026,ST04,31,C008
7160982,P0129,S0023,2018-04-16,0.0,0.0,15.0,26.9,PR14,,PR03,,,,22.2,22.2,44.4,cluster_0,H01,H0107,H010701,H01070110,H0107011026,ST04,31,C008
7178988,P0129,S0023,2018-04-17,0.0,0.0,15.0,26.9,PR14,,PR03,,,,22.2,22.2,44.4,cluster_0,H01,H0107,H010701,H01070110,H0107011026,ST04,31,C008
7197005,P0129,S0023,2018-04-18,1.0,22.8,14.0,26.9,PR14,,PR03,,,,22.2,22.2,44.4,cluster_0,H01,H0107,H010701,H01070110,H0107011026,ST04,31,C008
7215025,P0129,S0023,2018-04-19,0.0,0.0,14.0,26.9,PR14,,PR03,,,,22.2,22.2,44.4,cluster_0,H01,H0107,H010701,H01070110,H0107011026,ST04,31,C008
7233077,P0129,S0023,2018-04-20,0.0,0.0,14.0,26.9,PR14,,PR03,,,,22.2,22.2,44.4,cluster_0,H01,H0107,H010701,H01070110,H0107011026,ST04,31,C008
7251072,P0129,S0023,2018-04-21,1.0,22.8,13.0,26.9,PR14,,PR03,,,,22.2,22.2,44.4,cluster_0,H01,H0107,H010701,H01070110,H0107011026,ST04,31,C008
7269098,P0129,S0023,2018-04-22,1.0,22.8,12.0,26.9,PR14,,PR03,,,,22.2,22.2,44.4,cluster_0,H01,H0107,H010701,H01070110,H0107011026,ST04,31,C008
7287093,P0129,S0023,2018-04-23,1.0,22.8,11.0,26.9,PR14,,PR03,,,,22.2,22.2,44.4,cluster_0,H01,H0107,H010701,H01070110,H0107011026,ST04,31,C008
7305015,P0129,S0023,2018-04-24,0.0,0.0,11.0,26.9,PR14,,PR03,,,,22.2,22.2,44.4,cluster_0,H01,H0107,H010701,H01070110,H0107011026,ST04,31,C008
7322945,P0129,S0023,2018-04-25,1.0,22.8,10.0,26.9,PR14,,PR03,,,,22.2,22.2,44.4,cluster_0,H01,H0107,H010701,H01070110,H0107011026,ST04,31,C008
7340926,P0129,S0023,2018-04-26,0.0,0.0,10.0,26.9,PR14,,PR03,,,,22.2,22.2,44.4,cluster_0,H01,H0107,H010701,H01070110,H0107011026,ST04,31,C008
7358892,P0129,S0023,2018-04-27,0.0,0.0,10.0,26.9,PR14,,PR03,,,,22.2,22.2,44.4,cluster_0,H01,H0107,H010701,H01070110,H0107011026,ST04,31,C008
7376892,P0129,S0023,2018-04-28,0.0,0.0,10.0,26.9,PR14,,PR03,,,,22.2,22.2,44.4,cluster_0,H01,H0107,H010701,H01070110,H0107011026,ST04,31,C008
7394926,P0129,S0023,2018-04-29,0.0,0.0,10.0,26.9,PR14,,PR03,,,,22.2,22.2,44.4,cluster_0,H01,H0107,H010701,H01070110,H0107011026,ST04,31,C008
7412925,P0129,S0023,2018-04-30,1.0,22.8,9.0,26.9,PR14,,PR03,,,,22.2,22.2,44.4,cluster_0,H01,H0107,H010701,H01070110,H0107011026,ST04,31,C008
7430895,P0129,S0023,2018-05-01,0.0,0.0,9.0,26.9,PR14,,PR03,,,,22.2,22.2,44.4,cluster_0,H01,H0107,H010701,H01070110,H0107011026,ST04,31,C008
7448971,P0129,S0023,2018-05-02,0.0,0.0,9.0,26.9,PR14,,PR03,,,,22.2,22.2,44.4,cluster_0,H01,H0107,H010701,H01070110,H0107011026,ST04,31,C008
7467341,P0129,S0023,2018-05-03,0.0,0.0,9.0,26.9,PR14,,PR03,,,,22.2,22.2,44.4,cluster_0,H01,H0107,H010701,H01070110,H0107011026,ST04,31,C008
7485751,P0129,S0023,2018-05-04,1.0,22.8,8.0,26.9,PR14,,PR03,,,,22.2,22.2,44.4,cluster_0,H01,H0107,H010701,H01070110,H0107011026,ST04,31,C008
7504193,P0129,S0023,2018-05-05,0.0,0.0,8.0,26.9,PR14,,PR03,,,,22.2,22.2,44.4,cluster_0,H01,H0107,H010701,H01070110,H0107011026,ST04,31,C008
7522703,P0129,S0023,2018-05-06,1.0,22.8,7.0,26.9,PR14,,PR03,,,,22.2,22.2,44.4,cluster_0,H01,H0107,H010701,H01070110,H0107011026,ST04,31,C008
7541180,P0129,S0023,2018-05-07,0.0,0.0,7.0,26.9,PR14,,PR03,,,,22.2,22.2,44.4,cluster_0,H01,H0107,H010701,H01070110,H0107011026,ST04,31,C008
7559650,P0129,S0023,2018-05-08,0.0,0.0,7.0,26.9,PR14,,PR03,,,,22.2,22.2,44.4,cluster_0,H01,H0107,H010701,H01070110,H0107011026,ST04,31,C008
7578106,P0129,S0023,2018-05-09,0.0,0.0,7.0,26.9,PR14,,PR03,,,,22.2,22.2,44.4,cluster_0,H01,H0107,H010701,H01070110,H0107011026,ST04,31,C008
7596612,P0129,S0023,2018-05-10,0.0,0.0,7.0,26.9,PR14,,PR03,,,,22.2,22.2,44.4,cluster_0,H01,H0107,H010701,H01070110,H0107011026,ST04,31,C008
7615176,P0129,S0023,2018-05-11,0.0,0.0,10.0,26.9,PR14,,PR03,,,,22.2,22.2,44.4,cluster_0,H01,H0107,H010701,H01070110,H0107011026,ST04,31,C008
7633832,P0129,S0023,2018-05-12,0.0,0.0,10.0,26.9,PR14,,PR03,,,,22.2,22.2,44.4,cluster_0,H01,H0107,H010701,H01070110,H0107011026,ST04,31,C008
7652586,P0129,S0023,2018-05-13,0.0,0.0,10.0,26.9,PR14,,PR03,,,,22.2,22.2,44.4,cluster_0,H01,H0107,H010701,H01070110,H0107011026,ST04,31,C008
7671307,P0129,S0023,2018-05-14,0.0,0.0,10.0,26.9,PR14,,PR03,,,,22.2,22.2,44.4,cluster_0,H01,H0107,H010701,H01070110,H0107011026,ST04,31,C008
7690012,P0129,S0023,2018-05-15,1.0,22.8,9.0,26.9,PR14,,PR03,,,,22.2,22.2,44.4,cluster_0,H01,H0107,H010701,H01070110,H0107011026,ST04,31,C008
7708718,P0129,S0023,2018-05-16,2.0,45.59,8.0,26.9,PR14,,PR03,,,,22.2,22.2,44.4,cluster_0,H01,H0107,H010701,H01070110,H0107011026,ST04,31,C008
7727464,P0129,S0023,2018-05-17,1.0,22.8,7.0,26.9,PR14,,PR03,,,,22.2,22.2,44.4,cluster_0,H01,H0107,H010701,H01070110,H0107011026,ST04,31,C008
7746227,P0129,S0023,2018-05-18,1.0,22.8,6.0,26.9,PR14,,PR03,,,,22.2,22.2,44.4,cluster_0,H01,H0107,H010701,H01070110,H0107011026,ST04,31,C008
7765072,P0129,S0023,2018-05-19,0.0,0.0,6.0,26.9,PR14,,PR03,,,,22.2,22.2,44.4,cluster_0,H01,H0107,H010701,H01070110,H0107011026,ST04,31,C008
7783989,P0129,S0023,2018-05-20,0.0,0.0,6.0,26.9,PR14,,PR03,,,,22.2,22.2,44.4,cluster_0,H01,H0107,H010701,H01070110,H0107011026,ST04,31,C008
7802861,P0129,S0023,2018-05-21,0.0,0.0,6.0,26.9,PR14,,PR03,,,,22.2,22.2,44.4,cluster_0,H01,H0107,H010701,H01070110,H0107011026,ST04,31,C008
7821758,P0129,S0023,2018-05-22,2.0,45.59,4.0,26.9,PR14,,PR03,,,,22.2,22.2,44.4,cluster_0,H01,H0107,H010701,H01070110,H0107011026,ST04,31,C008
