sale_10.csv
Unnamed: 0,product_id,store_id,date,sales,revenue,stock,price,promo_type_1,promo_bin_1,promo_type_2,promo_bin_2,promo_discount_2,promo_discount_type_2,product_length,product_depth,product_width,cluster_id,hierarchy1_id,hierarchy2_id,hierarchy3_id,hierarchy4_id,hierarchy5_id,storetype_id,store_size,city_id
7840683,P0129,S0023,2018-05-23,0.0,0.0,4.0,26.9,PR14,,PR03,,,,22.2,22.2,44.4,cluster_0,H01,H0107,H010701,H01070110,H0107011026,ST04,31,C008
7859662,P0129,S0023,2018-05-24,1.0,22.8,3.0,26.9,PR14,,PR03,,,,22.2,22.2,44.4,cluster_0,H01,H0107,H010701,H01070110,H0107011026,ST04,31,C008
7878660,P0129,S0023,2018-05-25,0.0,0.0,3.0,26.9,PR14,,PR03,,,,22.2,22.2,44.4,cluster_0,H01,H0107,H010701,H01070110,H0107011026,ST04,31,C008
7897751,P0129,S0023,2018-05-26,0.0,0.0,3.0,26.9,PR14,,PR03,,,,22.2,22.2,44.4,cluster_0,H01,H0107,H010701,H01070110,H0107011026,ST04,31,C008
7916973,P0129,S0023,2018-05-27,1.0,22.8,2.0,26.9,PR14,,PR03,,,,22.2,22.2,44.4,cluster_0,H01,H0107,H010701,H01070110,H0107011026,ST04,31,C008
7936169,P0129,S0023,2018-05-28,0.0,0.0,2.0,26.9,PR14,,PR03,,,,22.2,22.2,44.4,cluster_0,H01,H0107,H010701,H01070110,H0107011026,ST04,31,C008
7955332,P0129,S0023,2018-05-29,1.0,22.8,1.0,26.9,PR14,,PR03,,,,22.2,22.2,44.4,cluster_0,H01,H0107,H010701,H01070110,H0107011026,ST04,31,C008
7974566,P0129,S0023,2018-05-30,0.0,0.0,4.0,26.9,PR14,,PR03,,,,22.2,22.2,44.4,cluster_0,H01,H0107,H010701,H01070110,H0107011026,ST04,31,C008
7993755,P0129,S0023,2018-05-31,0.0,0.0,4.0,26.9,PR14,,PR03,,,,22.2,22.2,44.4,cluster_0,H01,H0107,H010701,H01070110,H0107011026,ST04,31,C008
8012895,P0129,S0023,2018-06-01,0.0,0.0,4.0,26.9,PR14,,PR03,,,,22.2,22.2,44.4,cluster_0,H01,H0107,H010701,H01070110,H0107011026,ST04,31,C008
8032055,P0129,S0023,2018-06-02,2.0,45.59,2.0,26.9,PR14,,PR03,,,,22.2,22.2,44.4,cluster_0,H01,H0107,H010701,H01070110,H0107011026,ST04,31,C008
8051389,P0129,S0023,2018-06-03,1.0,22.8,1.0,26.9,PR14,,PR03,,,,22.2,22.2,44.4,cluster_0,H01,H0107,H010701,H01070110,H0107011026,ST04,31,C008
8070690,P0129,S0023,2018-06-04,0.0,0.0,1.0,26.9,PR14,,PR03,,,,22.2,22.2,44.4,cluster_0,H01,H0107,H010701,H01070110,H0107011026,ST04,31,C008
8090012,P0129,S0023,2018-06-05,0.0,0.0,1.0,26.9,PR14,,PR03,,,,22.2,22.2,44.4,cluster_0,H01,H0107,H010701,H01070110,H0107011026,ST04,31,C008
8109380,P0129,S0023,2018-06-06,0.0,0.0,4.0,26.9,PR14,,PR03,,,,22.2,22.2,44.4,cluster_0,H01,H0107,H010701,H01070110,H0107011026,ST04,31,C008
8128779,P0129,S0023,2018-06-07,0.0,0.0,4.0,26.9,PR14,,PR03,,,,22.2,22.2,44.4,cluster_0,H01,H0107,H010701,H01070110,H0107011026,ST04,31,C008
8148241,P0129,S0023,2018-06-08,0.0,0.0,4.0,26.9,PR14,,PR03,,,,22.2,22.2,44.4,cluster_0,H01,H0107,H010701,H01070110,H0107011026,ST04,31,C008
8167712,P0129,S0023,2018-06-09,1.0,22.8,3.0,26.9,PR14,,PR03,,,,22.2,22.2,44.4,cluster_0,H01,H0107,H010701,H01070110,H0107011026,ST04,31,C008
8187246,P0129,S0023,2018-06-10,0.0,0.0,3.0,26.9,PR14,,PR03,,,,22.2,22.2,44.4,cluster_0,H01,H0107,H010701,H01070110,H0107011026,ST04,31,C008
8206726,P0129,S0023,2018-06-11,0.0,0.0,3.0,26.9,PR14,,PR03,,,,22.2,22.2,44.4,cluster_0,H01,H0107,H010701,H01070110,H0107011026,ST04,31,C008
8226182,P0129,S0023,2018-06-12,0.0,0.0,3.0,26.9,PR14,,PR03,,,,22.2,22.2,44.4,cluster_0,H01,H0107,H010701,H01070110,H0107011026,ST04,31,C008
8245669,P0129,S0023,2018-06-13,1.0,22.8,2.0,26.9,PR14,,PR03,,,,22.2,22.2,44.4,cluster_0,H01,H0107,H010701,H01070110,H0107011026,ST04,31,C008
8265140,P0129,S0023,2018-06-14,0.0,0.0,2.0,26.9,PR14,,PR03,,,,22.2,22.2,44.4,cluster_0,H01,H0107,H010701,H01070110,H0107011026,ST04,31,C008
8284629,P0129,S0023,2018-06-15,0.0,0.0,2.0,26.9,PR14,,PR03,,,,22.2,22.2,44.4,cluster_0,H01,H0107,H010701,H01070110,H0107011026,ST04,31,C008
8304065,P0129,S0023,2018-06-16,0.0,0.0,2.0,26.9,PR14,,PR03,,,,22.2,22.2,44.4,cluster_0,H01,H0107,H010701,H01070110,H0107011026,ST04,31,C008
8323633,P0129,S0023,2018-06-17,1.0,22.8,1.0,26.9,PR14,,PR03,,,,22.2,22.2,44.4,cluster_0,H01,H0107,H010701,H01070110,H0107011026,ST04,31,C008
8343183,P0129,S0023,2018-06-18,0.0,0.0,1.0,26.9,PR14,,PR03,,,,22.2,22.2,44.4,cluster_0,H01,H0107,H010701,H01070110,H0107011026,ST04,31,C008
8362707,P0129,S0023,2018-06-19,0.0,0.0,1.0,26.9,PR14,,PR03,,,,22.2,22.2,44.4,cluster_0,H01,H0107,H010701,H01070110,H0107011026,ST04,31,C008
8382288,P0129,S0023,2018-06-20,1.0,22.8,0.0,26.9,PR14,,PR03,,,,22.2,22.2,44.4,cluster_0,H01,H0107,H010701,H01070110,H0107011026,ST04,31,C008
8401914,P0129,S0023,2018-06-21,2.0,45.59,1.0,26.9,PR14,,PR03,,,,22.2,22.2,44.4,cluster_0,H01,H0107,H010701,H01070110,H0107011026,ST04,31,C008
8421602,P0129,S0023,2018-06-22,0.0,0.0,1.0,26.9,PR14,,PR03,,,,22.2,22.2,44.4,cluster_0,H01,H0107,H010701,H01070110,H0107011026,ST04,31,C008
8441327,P0129,S0023,2018-06-23,1.0,22.8,0.0,26.9,PR14,,PR03,,,,22.2,22.2,44.4,cluster_0,H01,H0107,H010701,H01070110,H0107011026,ST04,31,C008
8461111,P0129,S0023,2018-06-24,0.0,0.0,3.0,26.9,PR14,,PR03,,,,22.2,22.2,44.4,cluster_0,H01,H0107,H010701,H01070110,H0107011026,ST04,31,C008
8480835,P0129,S0023,2018-06-25,0.0,0.0,6.0,26.9,PR14,,PR03,,,,22.2,22.2,44.4,cluster_0,H01,H0107,H010701,H01070110,H0107011026,ST04,31,C008
8500554,P0129,S0023,2018-06-26,1.0,22.8,5.0,26.9,PR14,,PR03,,,,22.2,22.2,44.4,cluster_0,H01,H0107,H010701,H01070110,H0107011026,ST04,31,C008
8520301,P0129,S0023,2018-06-27,0.0,0.0,5.0,26.9,PR14,,PR03,,,,22.2,22.2,44.4,cluster_0,H01,H0107,H010701,H01070110,H0107011026,ST04,31,C008
8540029,P0129,S0023,2018-06-28,0.0,0.0,5.0,26.9,PR14,,PR03,,,,22.2,22.2,44.4,cluster_0,H01,H0107,H010701,H01070110,H0107011026,ST04,31,C008
8559747,P0129,S0023,2018-06-29,0.0,0.0,5.0,26.9,PR14,,PR03,,,,22.2,22.2,44.4,cluster_0,H01,H0107,H010701,H01070110,H0107011026,ST04,31,C008
8579431,P0129,S0023,2018-06-30,1.0,22.8,4.0,26.9,PR14,,PR03,,,,22.2,22.2,44.4,cluster_0,H01,H0107,H010701,H01070110,H0107011026,ST04,31,C008
8599192,P0129,S0023,2018-07-01,1.0,22.8,3.0,26.9,PR14,,PR03,,,,22.2,22.2,44.4,cluster_0,H01,H0107,H010701,H01070110,H0107011026,ST04,31,C008
8618939,P0129,S0023,2018-07-02,0.0,0.0,3.0,26.9,PR14,,PR03,,,,22.2,22.2,44.4,cluster_0,H01,H0107,H010701,H01070110,H0107011026,ST04,31,C008
8638704,P0129,S0023,2018-07-03,0.0,0.0,3.0,26.9,PR14,,PR03,,,,22.2,22.2,44.4,cluster_0,H01,H0107,H010701,H01070110,H0107011026,ST04,31,C008
8658487,P0129,S0023,2018-07-04,0.0,0.0,3.0,26.9,PR14,,PR03,,,,22.2,22.2,44.4,cluster_0,H01,H0107,H010701,H01070110,H0107011026,ST04,31,C008
8678279,P0129,S0023,2018-07-05,0.0,0.0,3.0,26.9,PR14,,PR03,,,,22.2,22.2,44.4,cluster_0,H01,H0107,H010701,H01070110,H0107011026,ST04,31,C008
8698060,P0129,S0023,2018-07-06,0.0,0.0,3.0,26.9,PR14,,PR03,,,,22.2,22.2,44.4,cluster_0,H01,H0107,H010701,H01070110,H0107011026,ST04,31,C008
8717882,P0129,S0023,2018-07-07,1.0,22.8,2.0,26.9,PR14,,PR03,,,,22.2,22.2,44.4,cluster_0,H01,H0107,H010701,H01070110,H0107011026,ST04,31,C008
8737745,P0129,S0023,2018-07-08,1.0,22.8,1.0,26.9,PR14,,PR03,,,,22.2,22.2,44.4,cluster_0,H01,H0107,H010701,H01070110,H0107011026,ST04,31,C008
8757554,P0129,S0023,2018-07-09,0.0,0.0,1.0,26.9,PR14,,PR03,,,,22.2,22.2,44.4,cluster_0,H01,H0107,H010701,H01070110,H0107011026,ST04,31,C008
8777342,P0129,S0023,2018-07-10,1.0,22.8,0.0,26.9,PR14,,PR03,,,,22.2,22.2,44.4,cluster_0,H01,H0107,H010701,H01070110,H0107011026,ST04,31,C008
8817007,P0129,S0023,2018-07-12,1.0,22.8,2.0,26.9,PR14,,PR03,,,,22.2,22.2,44.4,cluster_0,H01,H0107,H010701,H01070110,H0107011026,ST04,31,C008
8836900,P0129,S0023,2018-07-13,0.0,0.0,2.0,26.9,PR14,,PR03,,,,22.2,22.2,44.4,cluster_0,H01,H0107,H010701,H01070110,H0107011026,ST04,31,C008
8856840,P0129,S0023,2018-07-14,0.0,0.0,5.0,26.9,PR14,,PR03,,,,22.2,22.2,44.4,cluster_0,H01,H0107,H010701,H01070110,H0107011026,ST04,31,C008
8876800,P0129,S0023,2018-07-15,1.0,22.8,4.0,26.9,PR14,,PR03,,,,22.2,22.2,44.4,cluster_0,H01,H0107,H010701,H01070110,H0107011026,ST04,31,C008
8896725,P0129,S0023,2018-07-16,0.0,0.0,4.0,26.9,PR14,,PR03,,,,22.2,22.2,44.4,cluster_0,H01,H0107,H010701,H01070110,H0107011026,ST04,31,C008
8916673,P0129,S0023,2018-07-17,0.0,0.0,4.0,26.9,PR14,,PR03,,,,22.2,22.2,44.4,cluster_0,H01,H0107,H010701,H01070110,H0107011026,ST04,31,C008
8936624,P0129,S0023,2018-07-18,0.0,0.0,4.0,26.9,PR14,,PR03,,,,22.2,22.2,44.4,cluster_0,H01,H0107,H010701,H01070110,H0107011026,ST04,31,C008
8956597,P0129,S0023,2018-07-19,0.0,0.0,4.0,26.9,PR14,,PR03,,,,22.2,22.2,44.4,cluster_0,H01,H0107,H010701,H01070110,H0107011026,ST04,31,C008
8976565,P0129,S0023,2018-07-20,0.0,0.0,4.0,26.9,PR14,,PR03,,,,22.2,22.2,44.4,cluster_0,H01,H0107,H010701,H01070110,H0107011026,ST04,31,C008
8996526,P0129,S0023,2018-07-21,0.0,0.0,4.0,26.9,PR14,,PR03,,,,22.2,22.2,44.4,cluster_0,H01,H0107,H010701,H01070110,H0107011026,ST04,31,C008
9016521,P0129,S0023,2018-07-22,2.0,45.59,2.0,26.9,PR14,,PR03,,,,22.2,22.2,44.4,cluster_0,H01,H0107,H010701,H01070110,H0107011026,ST04,31,C008
9036453,P0129,S0023,2018-07-23,1.0,22.8,1.0,26.9,PR14,,PR03,,,,22.2,22.2,44.4,cluster_0,H01,H0107,H010701,H01070110,H0107011026,ST04,31,C008
9056339,P0129,S0023,2018-07-24,0.0,0.0,1.0,26.9,PR14,,PR03,,,,22.2,22.2,44.4,cluster_0,H01,H0107,H010701,H01070110,H0107011026,ST04,31,C008
9076216,P0129,S0023,2018-07-25,0.0,0.0,4.0,26.9,PR14,,PR03,,,,22.2,22.2,44.4,cluster_0,H01,H0107,H010701,H01070110,H0107011026,ST04,31,C008
9096082,P0129,S0023,2018-07-26,2.0,45.59,2.0,26.9,PR14,,PR03,,,,22.2,22.2,44.4,cluster_0,H01,H0107,H010701,H01070110,H0107011026,ST04,31,C008
9115902,P0129,S0023,2018-07-27,1.0,22.8,1.0,26.9,PR14,,PR03,,,,22.2,22.2,44.4,cluster_0,H01,H0107,H010701,H01070110,H0107011026,ST04,31,C008
9135674,P0129,S0023,2018-07-28,0.0,0.0,1.0,26.9,PR14,,PR03,,,,22.2,22.2,44.4,cluster_0,H01,H0107,H010701,H01070110,H0107011026,ST04,31,C008
9155451,P0129,S0023,2018-07-29,1.0,22.8,0.0,26.9,PR14,,PR03,,,,22.2,22.2,44.4,cluster_0,H01,H0107,H010701,H01070110,H0107011026,ST04,31,C008
9175217,P0129,S0023,2018-07-30,1.0,22.8,0.0,26.9,PR14,,PR03,,,,22.2,22.2,44.4,cluster_0,H01,H0107,H010701,H01070110,H0107011026,ST04,31,C008
9234366,P0129,S0023,2018-08-02,2.0,45.59,1.0,26.9,PR14,,PR03,,,,22.2,22.2,44.4,cluster_0,H01,H0107,H010701,H01070110,H0107011026,ST04,31,C008
9254106,P0129,S0023,2018-08-03,1.0,22.8,0.0,26.9,PR14,,PR03,,,,22.2,22.2,44.4,cluster_0,H01,H0107,H010701,H01070110,H0107011026,ST04,31,C008
9313369,P0129,S0023,2018-08-06,0.0,0.0,3.0,26.9,PR14,,PR03,,,,22.2,22.2,44.4,cluster_0,H01,H0107,H010701,H01070110,H0107011026,ST04,31,C008
9333032,P0129,S0023,2018-08-07,1.0,22.8,2.0,26.9,PR14,,PR03,,,,22.2,22.2,44.4,cluster_0,H01,H0107,H010701,H01070110,H0107011026,ST04,31,C008
9352675,P0129,S0023,2018-08-08,0.0,0.0,2.0,26.9,PR14,,PR03,,,,22.2,22.2,44.4,cluster_0,H01,H0107,H010701,H01070110,H0107011026,ST04,31,C008
9372284,P0129,S0023,2018-08-09,1.0,25.34,4.0,29.9,PR14,,PR03,,,,22.2,22.2,44.4,cluster_0,H01,H0107,H010701,H01070110,H0107011026,ST04,31,C008
9391899,P0129,S0023,2018-08-10,0.0,0.0,4.0,29.9,PR14,,PR03,,,,22.2,22.2,44.4,cluster_0,H01,H0107,H010701,H01070110,H0107011026,ST04,31,C008
9411513,P0129,S0023,2018-08-11,0.0,0.0,4.0,29.9,PR14,,PR03,,,,22.2,22.2,44.4,cluster_0,H01,H0107,H010701,H01070110,H0107011026,ST04,31,C008
9431165,P0129,S0023,2018-08-12,0.0,0.0,4.0,29.9,PR14,,PR03,,,,22.2,22.2,44.4,cluster_0,H01,H0107,H010701,H01070110,H0107011026,ST04,31,C008
9450741,P0129,S0023,2018-08-13,0.0,0.0,4.0,29.9,PR14,,PR03,,,,22.2,22.2,44.4,cluster_0,H01,H0107,H010701,H01070110,H0107011026,ST04,31,C008
9470250,P0129,S0023,2018-08-14,1.0,25.34,3.0,29.9,PR14,,PR03,,,,22.2,22.2,44.4,cluster_0,H01,H0107,H010701,H01070110,H0107011026,ST04,31,C008
9489741,P0129,S0023,2018-08-15,0.0,0.0,3.0,29.9,PR14,,PR03,,,,22.2,22.2,44.4,cluster_0,H01,H0107,H010701,H01070110,H0107011026,ST04,31,C008
9509284,P0129,S0023,2018-08-16,0.0,0.0,3.0,29.9,PR14,,PR03,,,,22.2,22.2,44.4,cluster_0,H01,H0107,H010701,H01070110,H0107011026,ST04,31,C008
9528844,P0129,S0023,2018-08-17,0.0,0.0,3.0,29.9,PR14,,PR03,,,,22.2,22.2,44.4,cluster_0,H01,H0107,H010701,H01070110,H0107011026,ST04,31,C008
9548395,P0129,S0023,2018-08-18,0.0,0.0,3.0,29.9,PR14,,PR03,,,,22.2,22.2,44.4,cluster_0,H01,H0107,H010701,H01070110,H0107011026,ST04,31,C008
9567963,P0129,S0023,2018-08-19,2.0,50.68,1.0,29.9,PR14,,PR03,,,,22.2,22.2,44.4,cluster_0,H01,H0107,H010701,H01070110,H0107011026,ST04,31,C008
9587490,P0129,S0023,2018-08-20,1.0,25.34,6.0,29.9,PR14,,PR03,,,,22.2,22.2,44.4,cluster_0,H01,H0107,H010701,H01070110,H0107011026,ST04,31,C008
9606977,P0129,S0023,2018-08-21,0.0,0.0,6.0,29.9,PR14,,PR03,,,,22.2,22.2,44.4,cluster_0,H01,H0107,H010701,H01070110,H0107011026,ST04,31,C008
9626363,P0129,S0023,2018-08-22,0.0,0.0,6.0,29.9,PR14,,PR03,,,,22.2,22.2,44.4,cluster_0,H01,H0107,H010701,H01070110,H0107011026,ST04,31,C008
9645733,P0129,S0023,2018-08-23,0.0,0.0,6.0,29.9,PR14,,PR03,,,,22.2,22.2,44.4,cluster_0,H01,H0107,H010701,H01070110,H0107011026,ST04,31,C008
9665087,P0129,S0023,2018-08-24,1.0,25.34,14.0,29.9,PR14,,PR03,,,,22.2,22.2,44.4,cluster_0,H01,H0107,H010701,H01070110,H0107011026,ST04,31,C008
9684404,P0129,S0023,2018-08-25,1.0,25.34,13.0,29.9,PR14,,PR03,,,,22.2,22.2,44.4,cluster_0,H01,H0107,H010701,H01070110,H0107011026,ST04,31,C008
9703712,P0129,S0023,2018-08-26,0.0,0.0,13.0,29.9,PR14,,PR03,,,,22.2,22.2,44.4,cluster_0,H01,H0107,H010701,H01070110,H0107011026,ST04,31,C008
9722952,P0129,S0023,2018-08-27,1.0,25.34,12.0,29.9,PR14,,PR03,,,,22.2,22.2,44.4,cluster_0,H01,H0107,H010701,H01070110,H0107011026,ST04,31,C008
9742076,P0129,S0023,2018-08-28,0.0,0.0,12.0,29.9,PR14,,PR03,,,,22.2,22.2,44.4,cluster_0,H01,H0107,H010701,H01070110,H0107011026,ST04,31,C008
9761124,P0129,S0023,2018-08-29,0.0,0.0,12.0,29.9,PR14,,PR03,,,,22.2,22.2,44.4,cluster_0,H01,H0107,H010701,H01070110,H0107011026,ST04,31,C008
9780149,P0129,S0023,2018-08-30,1.0,25.34,11.0,29.9,PR14,,PR03,,,,22.2,22.2,44.4,cluster_0,H01,H0107,H010701,H01070110,H0107011026,ST04,31,C008
9799281,P0129,S0023,2018-08-31,0.0,0.0,11.0,29.9,PR14,,PR03,,,,22.2,22.2,44.4,cluster_0,H01,H0107,H010701,H01070110,H0107011026,ST04,31,C008
9818435,P0129,S0023,2018-09-01,1.0,25.34,10.0,29.9,PR14,,PR03,,,,22.2,22.2,44.4,cluster_0,H01,H0107,H010701,H01070110,H0107011026,ST04,31,C008
9837623,P0129,S0023,2018-09-02,0.0,0.0,10.0,29.9,PR14,,PR03,,,,22.2,22.2,44.4,cluster_0,H01,H0107,H010701,H01070110,H0107011026,ST04,31,C008
9856825,P0129,S0023,2018-09-03,0.0,0.0,10.0,29.9,PR14,,PR03,,,,22.2,22.2,44.4,cluster_0,H01,H0107,H010701,H01070110,H0107011026,ST04,31,C008
9876065,P0129,S0023,2018-09-04,0.0,0.0,10.0,29.9,PR14,,PR03,,,,22.2,22.2,44.4,cluster_0,H01,H0107,H010701,H01070110,H0107011026,ST04,31,C008
9895384,P0129,S0023,2018-09-05,0.0,0.0,10.0,29.9,PR14,,PR03,,,,22.2,22.2,44.4,cluster_0,H01,H0107,H010701,H01070110,H0107011026,ST04,31,C008
9914736,P0129,S0023,2018-09-06,0.0,0.0,10.0,29.9,PR14,,PR03,,,,22.2,22.2,44.4,cluster_0,H01,H0107,H010701,H01070110,H0107011026,ST04,31,C008
9934127,P0129,S0023,2018-09-07,0.0,0.0,10.0,29.9,PR14,,PR03,,,,22.2,22.2,44.4,cluster_0,H01,H0107,H010701,H01070110,H0107011026,ST04,31,C008
9953571,P0129,S0023,2018-09-08,1.0,25.34,9.0,29.9,PR14,,PR03,,,,22.2,22.2,44.4,cluster_0,H01,H0107,H010701,H01070110,H0107011026,ST04,31,C008
9973153,P0129,S0023,2018-09-09,0.0,0.0,9.0,29.9,PR14,,PR03,,,,22.2,22.2,44.4,cluster_0,H01,H0107,H010701,H01070110,H0107011026,ST04,31,C008
9992666,P0129,S0023,2018-09-10,0.0,0.0,9.0,29.9,PR14,,PR03,,,,22.2,22.2,44.4,cluster_0,H01,H0107,H010701,H01070110,H0107011026,ST04,31,C008
10012172,P0129,S0023,2018-09-11,0.0,0.0,9.0,29.9,PR14,,PR03,,,,22.2,22.2,44.4,cluster_0,H01,H0107,H010701,H01070110,H0107011026,ST04,31,C008
10031703,P0129,S0023,2018-09-12,0.0,0.0,9.0,29.9,PR14,,PR03,,,,22.2,22.2,44.4,cluster_0,H01,H0107,H010701,H01070110,H0107011026,ST04,31,C008
10051333,P0129,S0023,2018-09-13,0.0,0.0,9.0,29.9,PR14,,PR03,,,,22.2,22.2,44.4,cluster_0,H01,H0107,H010701,H01070110,H0107011026,ST04,31,C008
10070951,P0129,S0023,2018-09-14,0.0,0.0,9.0,37.5,PR14,,PR03,,,,22.2,22.2,44.4,cluster_0,H01,H0107,H010701,H01070110,H0107011026,ST04,31,C008
10090605,P0129,S0023,2018-09-15,0.0,0.0,9.0,37.5,PR14,,PR03,,,,22.2,22.2,44.4,cluster_0,H01,H0107,H010701,H01070110,H0107011026,ST04,31,C008
10110363,P0129,S0023,2018-09-16,1.0,31.78,8.0,37.5,PR14,,PR03,,,,22.2,22.2,44.4,cluster_0,H01,H0107,H010701,H01070110,H0107011026,ST04,31,C008
10130022,P0129,S0023,2018-09-17,0.0,0.0,8.0,37.5,PR14,,PR03,,,,22.2,22.2,44.4,cluster_0,H01,H0107,H010701,H01070110,H0107011026,ST04,31,C008
10149500,P0129,S0023,2018-09-18,2.0,63.56,6.0,37.5,PR14,,PR03,,,,22.2,22.2,44.4,cluster_0,H01,H0107,H010701,H01070110,H0107011026,ST04,31,C008
10169010,P0129,S0023,2018-09-19,0.0,0.0,6.0,31.95,PR14,,PR03,,,,22.2,22.2,44.4,cluster_0,H01,H0107,H010701,H01070110,H0107011026,ST04,31,C008
10188492,P0129,S0023,2018-09-20,1.0,27.08,5.0,31.95,PR14,,PR03,,,,22.2,22.2,44.4,cluster_0,H01,H0107,H010701,H01070110,H0107011026,ST04,31,C008
10208036,P0129,S0023,2018-09-21,0.0,0.0,5.0,31.95,PR14,,PR03,,,,22.2,22.2,44.4,cluster_0,H01,H0107,H010701,H01070110,H0107011026,ST04,31,C008
10227628,P0129,S0023,2018-09-22,0.0,0.0,5.0,31.95,PR14,,PR03,,,,22.2,22.2,44.4,cluster_0,H01,H0107,H010701,H01070110,H0107011026,ST04,31,C008
10247227,P0129,S0023,2018-09-23,1.0,27.08,4.0,31.95,PR14,,PR03,,,,22.2,22.2,44.4,cluster_0,H01,H0107,H010701,H01070110,H0107011026,ST04,31,C008
10266738,P0129,S0023,2018-09-24,1.0,27.08,3.0,31.95,PR14,,PR03,,,,22.2,22.2,44.4,cluster_0,H01,H0107,H010701,H01070110,H0107011026,ST04,31,C008
10286134,P0129,S0023,2018-09-25,2.0,54.15,1.0,31.95,PR14,,PR03,,,,22.2,22.2,44.4,cluster_0,H01,H0107,H010701,H01070110,H0107011026,ST04,31,C008
10305495,P0129,S0023,2018-09-26,1.0,27.08,0.0,31.95,PR14,,PR03,,,,22.2,22.2,44.4,cluster_0,H01,H0107,H010701,H01070110,H0107011026,ST04,31,C008
10344173,P0129,S0023,2018-09-28,0.0,0.0,3.0,31.95,PR14,,PR03,,,,22.2,22.2,44.4,cluster_0,H01,H0107,H010701,H01070110,H0107011026,ST04,31,C008
10363488,P0129,S0023,2018-09-29,0.0,0.0,3.0,31.95,PR14,,PR03,,,,22.2,22.2,44.4,cluster_0,H01,H0107,H010701,H01070110,H0107011026,ST04,31,C008
10382908,P0129,S0023,2018-09-30,0.0,0.0,3.0,31.95,PR14,,PR03,,,,22.2,22.2,44.4,cluster_0,H01,H0107,H010701,H01070110,H0107011026,ST04,31,C008
