sale_10.csv
Unnamed: 0,product_id,store_id,date,sales,revenue,stock,price,promo_type_1,promo_bin_1,promo_type_2,promo_bin_2,promo_discount_2,promo_discount_type_2,product_length,product_depth,product_width,cluster_id,hierarchy1_id,hierarchy2_id,hierarchy3_id,hierarchy4_id,hierarchy5_id,storetype_id,store_size,city_id
15409317,P0129,S0023,2019-06-14,0.0,0.0,11.0,31.95,PR14,,PR03,,,,22.2,22.2,44.4,cluster_0,H01,H0107,H010701,H01070110,H0107011026,ST04,31,C008
15430034,P0129,S0023,2019-06-15,2.0,50.68,12.0,31.95,PR14,,PR03,,,,22.2,22.2,44.4,cluster_0,H01,H0107,H010701,H01070110,H0107011026,ST04,31,C008
15450919,P0129,S0023,2019-06-16,0.0,0.0,12.0,31.95,PR14,,PR03,,,,22.2,22.2,44.4,cluster_0,H01,H0107,H010701,H01070110,H0107011026,ST04,31,C008
15471639,P0129,S0023,2019-06-17,2.0,50.68,10.0,31.95,PR14,,PR03,,,,22.2,22.2,44.4,cluster_0,H01,H0107,H010701,H01070110,H0107011026,ST04,31,C008
15492339,P0129,S0023,2019-06-18,1.0,25.34,9.0,31.95,PR14,,PR03,,,,22.2,22.2,44.4,cluster_0,H01,H0107,H010701,H01070110,H0107011026,ST04,31,C008
15513081,P0129,S0023,2019-06-19,0.0,0.0,12.0,31.95,PR14,,PR03,,,,22.2,22.2,44.4,cluster_0,H01,H0107,H010701,H01070110,H0107011026,ST04,31,C008
15533756,P0129,S0023,2019-06-20,0.0,0.0,12.0,31.95,PR14,,PR03,,,,22.2,22.2,44.4,cluster_0,H01,H0107,H010701,H01070110,H0107011026,ST04,31,C008
15554440,P0129,S0023,2019-06-21,0.0,0.0,12.0,31.95,PR14,,PR03,,,,22.2,22.2,44.4,cluster_0,H01,H0107,H010701,H01070110,H0107011026,ST04,31,C008
15575166,P0129,S0023,2019-06-22,2.0,50.68,10.0,31.95,PR14,,PR03,,,,22.2,22.2,44.4,cluster_0,H01,H0107,H010701,H01070110,H0107011026,ST04,31,C008
15596051,P0129,S0023,2019-06-23,1.0,25.34,9.0,31.95,PR14,,PR03,,,,22.2,22.2,44.4,cluster_0,H01,H0107,H010701,H01070110,H0107011026,ST04,31,C008
15616787,P0129,S0023,2019-06-24,1.0,25.34,8.0,31.95,PR14,,PR03,,,,22.2,22.2,44.4,cluster_0,H01,H0107,H010701,H01070110,H0107011026,ST04,31,C008
15637522,P0129,S0023,2019-06-25,0.0,0.0,8.0,31.95,PR14,,PR03,,,,22.2,22.2,44.4,cluster_0,H01,H0107,H010701,H01070110,H0107011026,ST04,31,C008
15658250,P0129,S0023,2019-06-26,0.0,0.0,8.0,31.95,PR14,,PR03,,,,22.2,22.2,44.4,cluster_0,H01,H0107,H010701,H01070110,H0107011026,ST04,31,C008
15678903,P0129,S0023,2019-06-27,1.0,25.34,7.0,31.95,PR14,,PR03,,,,22.2,22.2,44.4,cluster_0,H01,H0107,H010701,H01070110,H0107011026,ST04,31,C008
15699375,P0129,S0023,2019-06-28,1.0,25.34,6.0,31.95,PR14,,PR03,,,,22.2,22.2,44.4,cluster_0,H01,H0107,H010701,H01070110,H0107011026,ST04,31,C008
15719834,P0129,S0023,2019-06-29,2.0,50.68,4.0,31.95,PR14,,PR03,,,,22.2,22.2,44.4,cluster_0,H01,H0107,H010701,H01070110,H0107011026,ST04,31,C008
15740464,P0129,S0023,2019-06-30,0.0,0.0,4.0,31.95,PR14,,PR03,,,,22.2,22.2,44.4,cluster_0,H01,H0107,H010701,H01070110,H0107011026,ST04,31,C008
15761040,P0129,S0023,2019-07-01,1.0,25.34,3.0,31.95,PR14,,PR03,,,,22.2,22.2,44.4,cluster_0,H01,H0107,H010701,H01070110,H0107011026,ST04,31,C008
15781660,P0129,S0023,2019-07-02,0.0,0.0,3.0,31.95,PR14,,PR03,,,,22.2,22.2,44.4,cluster_0,H01,H0107,H010701,H01070110,H0107011026,ST04,31,C008
15802364,P0129,S0023,2019-07-03,0.0,0.0,12.0,31.95,PR14,,PR03,,,,22.2,22.2,44.4,cluster_0,H01,H0107,H010701,H01070110,H0107011026,ST04,31,C008
15823053,P0129,S0023,2019-07-04,1.0,25.34,11.0,31.95,PR14,,PR03,,,,22.2,22.2,44.4,cluster_0,H01,H0107,H010701,H01070110,H0107011026,ST04,31,C008
15843788,P0129,S0023,2019-07-05,3.0,76.02,17.0,31.95,PR14,,PR03,,,,22.2,22.2,44.4,cluster_0,H01,H0107,H010701,H01070110,H0107011026,ST04,31,C008
15864602,P0129,S0023,2019-07-06,0.0,0.0,17.0,31.95,PR14,,PR03,,,,22.2,22.2,44.4,cluster_0,H01,H0107,H010701,H01070110,H0107011026,ST04,31,C008
15885325,P0129,S0023,2019-07-07,2.0,50.68,15.0,31.95,PR14,,PR03,,,,22.2,22.2,44.4,cluster_0,H01,H0107,H010701,H01070110,H0107011026,ST04,31,C008
15905912,P0129,S0023,2019-07-08,1.0,25.34,14.0,31.95,PR14,,PR03,,,,22.2,22.2,44.4,cluster_0,H01,H0107,H010701,H01070110,H0107011026,ST04,31,C008
15926506,P0129,S0023,2019-07-09,1.0,25.34,13.0,31.95,PR14,,PR03,,,,22.2,22.2,44.4,cluster_0,H01,H0107,H010701,H01070110,H0107011026,ST04,31,C008
15947117,P0129,S0023,2019-07-10,0.0,0.0,13.0,31.95,PR14,,PR03,,,,22.2,22.2,44.4,cluster_0,H01,H0107,H010701,H01070110,H0107011026,ST04,31,C008
15967726,P0129,S0023,2019-07-11,0.0,0.0,13.0,31.95,PR14,,PR03,,,,22.2,22.2,44.4,cluster_0,H01,H0107,H010701,H01070110,H0107011026,ST04,31,C008
15988345,P0129,S0023,2019-07-12,1.0,25.34,12.0,31.95,PR14,,PR03,,,,22.2,22.2,44.4,cluster_0,H01,H0107,H010701,H01070110,H0107011026,ST04,31,C008
16153072,P0129,S0023,2019-07-20,0.0,0.0,10.0,31.95,PR14,,PR03,,,,22.2,22.2,44.4,cluster_0,H01,H0107,H010701,H01070110,H0107011026,ST04,31,C008
16173696,P0129,S0023,2019-07-21,1.0,25.34,9.0,31.95,PR14,,PR03,,,,22.2,22.2,44.4,cluster_0,H01,H0107,H010701,H01070110,H0107011026,ST04,31,C008
16194155,P0129,S0023,2019-07-22,0.0,0.0,9.0,31.95,PR14,,PR03,,,,22.2,22.2,44.4,cluster_0,H01,H0107,H010701,H01070110,H0107011026,ST04,31,C008
16214569,P0129,S0023,2019-07-23,0.0,0.0,9.0,31.95,PR14,,PR03,,,,22.2,22.2,44.4,cluster_0,H01,H0107,H010701,H01070110,H0107011026,ST04,31,C008
16234989,P0129,S0023,2019-07-24,1.0,25.34,8.0,31.95,PR14,,PR03,,,,22.2,22.2,44.4,cluster_0,H01,H0107,H010701,H01070110,H0107011026,ST04,31,C008
16255418,P0129,S0023,2019-07-25,0.0,0.0,11.0,31.95,PR14,,PR03,,,,22.2,22.2,44.4,cluster_0,H01,H0107,H010701,H01070110,H0107011026,ST04,31,C008
16275864,P0129,S0023,2019-07-26,0.0,0.0,11.0,31.95,PR14,,PR03,,,,22.2,22.2,44.4,cluster_0,H01,H0107,H010701,H01070110,H0107011026,ST04,31,C008
16296297,P0129,S0023,2019-07-27,1.0,25.34,10.0,31.95,PR14,,PR03,,,,22.2,22.2,44.4,cluster_0,H01,H0107,H010701,H01070110,H0107011026,ST04,31,C008
16316848,P0129,S0023,2019-07-28,1.0,25.34,9.0,31.95,PR14,,PR03,,,,22.2,22.2,44.4,cluster_0,H01,H0107,H010701,H01070110,H0107011026,ST04,31,C008
16337215,P0129,S0023,2019-07-29,0.0,0.0,9.0,31.95,PR14,,PR03,,,,22.2,22.2,44.4,cluster_0,H01,H0107,H010701,H01070110,H0107011026,ST04,31,C008
16357536,P0129,S0023,2019-07-30,1.0,25.34,8.0,31.95,PR14,,PR03,,,,22.2,22.2,44.4,cluster_0,H01,H0107,H010701,H01070110,H0107011026,ST04,31,C008
16377836,P0129,S0023,2019-07-31,1.0,25.34,7.0,31.95,PR14,,PR03,,,,22.2,22.2,44.4,cluster_0,H01,H0107,H010701,H01070110,H0107011026,ST04,31,C008
16398084,P0129,S0023,2019-08-01,0.0,0.0,7.0,31.95,PR14,,PR03,,,,22.2,22.2,44.4,cluster_0,H01,H0107,H010701,H01070110,H0107011026,ST04,31,C008
16418370,P0129,S0023,2019-08-02,1.0,25.34,6.0,31.95,PR14,,PR03,,,,22.2,22.2,44.4,cluster_0,H01,H0107,H010701,H01070110,H0107011026,ST04,31,C008
16438789,P0129,S0023,2019-08-03,1.0,25.34,5.0,31.95,PR14,,PR03,,,,22.2,22.2,44.4,cluster_0,H01,H0107,H010701,H01070110,H0107011026,ST04,31,C008
16459449,P0129,S0023,2019-08-04,0.0,0.0,5.0,31.95,PR14,,PR03,,,,22.2,22.2,44.4,cluster_0,H01,H0107,H010701,H01070110,H0107011026,ST04,31,C008
16479967,P0129,S0023,2019-08-05,0.0,0.0,11.0,31.95,PR14,,PR03,,,,22.2,22.2,44.4,cluster_0,H01,H0107,H010701,H01070110,H0107011026,ST04,31,C008
16500484,P0129,S0023,2019-08-06,0.0,0.0,11.0,31.95,PR14,,PR03,,,,22.2,22.2,44.4,cluster_0,H01,H0107,H010701,H01070110,H0107011026,ST04,31,C008
16521048,P0129,S0023,2019-08-07,4.0,101.36,7.0,31.95,PR14,,PR03,,,,22.2,22.2,44.4,cluster_0,H01,H0107,H010701,H01070110,H0107011026,ST04,31,C008
16541638,P0129,S0023,2019-08-08,2.0,50.68,5.0,31.95,PR14,,PR03,,,,22.2,22.2,44.4,cluster_0,H01,H0107,H010701,H01070110,H0107011026,ST04,31,C008
16562329,P0129,S0023,2019-08-09,2.0,50.68,6.0,31.95,PR14,,PR03,,,,22.2,22.2,44.4,cluster_0,H01,H0107,H010701,H01070110,H0107011026,ST04,31,C008
16583116,P0129,S0023,2019-08-10,1.0,25.34,5.0,31.95,PR14,,PR03,,,,22.2,22.2,44.4,cluster_0,H01,H0107,H010701,H01070110,H0107011026,ST04,31,C008
16604034,P0129,S0023,2019-08-11,0.0,0.0,5.0,31.95,PR14,,PR03,,,,22.2,22.2,44.4,cluster_0,H01,H0107,H010701,H01070110,H0107011026,ST04,31,C008
16624777,P0129,S0023,2019-08-12,0.0,0.0,5.0,31.95,PR14,,PR03,,,,22.2,22.2,44.4,cluster_0,H01,H0107,H010701,H01070110,H0107011026,ST04,31,C008
16645523,P0129,S0023,2019-08-13,1.0,25.34,10.0,31.95,PR14,,PR03,,,,22.2,22.2,44.4,cluster_0,H01,H0107,H010701,H01070110,H0107011026,ST04,31,C008
16666253,P0129,S0023,2019-08-14,1.0,25.34,12.0,31.95,PR14,,PR03,,,,22.2,22.2,44.4,cluster_0,H01,H0107,H010701,H01070110,H0107011026,ST04,31,C008
16686988,P0129,S0023,2019-08-15,1.0,25.34,11.0,31.95,PR14,,PR03,,,,22.2,22.2,44.4,cluster_0,H01,H0107,H010701,H01070110,H0107011026,ST04,31,C008
16707743,P0129,S0023,2019-08-16,1.0,25.34,10.0,31.95,PR14,,PR03,,,,22.2,22.2,44.4,cluster_0,H01,H0107,H010701,H01070110,H0107011026,ST04,31,C008
16728505,P0129,S0023,2019-08-17,0.0,0.0,10.0,31.95,PR14,,PR03,,,,22.2,22.2,44.4,cluster_0,H01,H0107,H010701,H01070110,H0107011026,ST04,31,C008
16749400,P0129,S0023,2019-08-18,0.0,0.0,10.0,31.95,PR14,,PR03,,,,22.2,22.2,44.4,cluster_0,H01,H0107,H010701,H01070110,H0107011026,ST04,31,C008
16770134,P0129,S0023,2019-08-19,0.0,0.0,10.0,31.95,PR14,,PR03,,,,22.2,22.2,44.4,cluster_0,H01,H0107,H010701,H01070110,H0107011026,ST04,31,C008
16790815,P0129,S0023,2019-08-20,0.0,0.0,10.0,31.95,PR14,,PR03,,,,22.2,22.2,44.4,cluster_0,H01,H0107,H010701,H01070110,H0107011026,ST04,31,C008
16811482,P0129,S0023,2019-08-21,1.0,23.69,9.0,27.95,PR14,,PR03,,,,22.2,22.2,44.4,cluster_0,H01,H0107,H010701,H01070110,H0107011026,ST04,31,C008
16832081,P0129,S0023,2019-08-22,0.0,0.0,9.0,27.95,PR14,,PR03,,,,22.2,22.2,44.4,cluster_0,H01,H0107,H010701,H01070110,H0107011026,ST04,31,C008
16852633,P0129,S0023,2019-08-23,1.0,23.69,8.0,27.95,PR14,,PR03,,,,22.2,22.2,44.4,cluster_0,H01,H0107,H010701,H01070110,H0107011026,ST04,31,C008
16873182,P0129,S0023,2019-08-24,0.0,0.0,8.0,27.95,PR14,,PR03,,,,22.2,22.2,44.4,cluster_0,H01,H0107,H010701,H01070110,H0107011026,ST04,31,C008
16893860,P0129,S0023,2019-08-25,2.0,47.37,6.0,27.95,PR14,,PR03,,,,22.2,22.2,44.4,cluster_0,H01,H0107,H010701,H01070110,H0107011026,ST04,31,C008
16914361,P0129,S0023,2019-08-26,0.0,0.0,6.0,27.95,PR14,,PR03,,,,22.2,22.2,44.4,cluster_0,H01,H0107,H010701,H01070110,H0107011026,ST04,31,C008
16934823,P0129,S0023,2019-08-27,1.0,23.69,5.0,27.95,PR14,,PR03,,,,22.2,22.2,44.4,cluster_0,H01,H0107,H010701,H01070110,H0107011026,ST04,31,C008
16955237,P0129,S0023,2019-08-28,0.0,0.0,8.0,27.95,PR14,,PR03,,,,22.2,22.2,44.4,cluster_0,H01,H0107,H010701,H01070110,H0107011026,ST04,31,C008
16975574,P0129,S0023,2019-08-29,1.0,23.69,7.0,27.95,PR14,,PR03,,,,22.2,22.2,44.4,cluster_0,H01,H0107,H010701,H01070110,H0107011026,ST04,31,C008
16995848,P0129,S0023,2019-08-30,0.0,0.0,7.0,27.95,PR14,,PR03,,,,22.2,22.2,44.4,cluster_0,H01,H0107,H010701,H01070110,H0107011026,ST04,31,C008
17016164,P0129,S0023,2019-08-31,4.0,94.75,3.0,27.95,PR14,,PR03,,,,22.2,22.2,44.4,cluster_0,H01,H0107,H010701,H01070110,H0107011026,ST04,31,C008
17036645,P0129,S0023,2019-09-01,1.0,23.69,2.0,27.95,PR14,,PR03,,,,22.2,22.2,44.4,cluster_0,H01,H0107,H010701,H01070110,H0107011026,ST04,31,C008
17056953,P0129,S0023,2019-09-02,1.0,23.69,1.0,27.95,PR14,,PR03,,,,22.2,22.2,44.4,cluster_0,H01,H0107,H010701,H01070110,H0107011026,ST04,31,C008
17077168,P0129,S0023,2019-09-03,1.0,23.69,0.0,27.95,PR14,,PR03,,,,22.2,22.2,44.4,cluster_0,H01,H0107,H010701,H01070110,H0107011026,ST04,31,C008
17097426,P0129,S0023,2019-09-04,1.0,23.69,2.0,27.95,PR14,,PR03,,,,22.2,22.2,44.4,cluster_0,H01,H0107,H010701,H01070110,H0107011026,ST04,31,C008
17117708,P0129,S0023,2019-09-05,1.0,23.69,1.0,27.95,PR14,,PR03,,,,22.2,22.2,44.4,cluster_0,H01,H0107,H010701,H01070110,H0107011026,ST04,31,C008
17138035,P0129,S0023,2019-09-06,1.0,23.69,3.0,27.95,PR14,,PR03,,,,22.2,22.2,44.4,cluster_0,H01,H0107,H010701,H01070110,H0107011026,ST04,31,C008
17158417,P0129,S0023,2019-09-07,2.0,47.37,4.0,27.95,PR14,,PR03,,,,22.2,22.2,44.4,cluster_0,H01,H0107,H010701,H01070110,H0107011026,ST04,31,C008
17178921,P0129,S0023,2019-09-08,1.0,23.69,3.0,27.95,PR14,,PR03,,,,22.2,22.2,44.4,cluster_0,H01,H0107,H010701,H01070110,H0107011026,ST04,31,C008
17199352,P0129,S0023,2019-09-09,0.0,0.0,9.0,27.95,PR14,,PR03,,,,22.2,22.2,44.4,cluster_0,H01,H0107,H010701,H01070110,H0107011026,ST04,31,C008
17219727,P0129,S0023,2019-09-10,1.0,23.69,8.0,27.95,PR14,,PR03,,,,22.2,22.2,44.4,cluster_0,H01,H0107,H010701,H01070110,H0107011026,ST04,31,C008
17240096,P0129,S0023,2019-09-11,2.0,47.37,6.0,27.95,PR14,,PR03,,,,22.2,22.2,44.4,cluster_0,H01,H0107,H010701,H01070110,H0107011026,ST04,31,C008
17260484,P0129,S0023,2019-09-12,0.0,0.0,6.0,27.95,PR14,,PR03,,,,22.2,22.2,44.4,cluster_0,H01,H0107,H010701,H01070110,H0107011026,ST04,31,C008
17280901,P0129,S0023,2019-09-13,0.0,0.0,6.0,27.95,PR14,,PR03,,,,22.2,22.2,44.4,cluster_0,H01,H0107,H010701,H01070110,H0107011026,ST04,31,C008
17301314,P0129,S0023,2019-09-14,1.0,23.69,5.0,27.95,PR14,,PR03,,,,22.2,22.2,44.4,cluster_0,H01,H0107,H010701,H01070110,H0107011026,ST04,31,C008
17321741,P0129,S0023,2019-09-15,1.0,23.69,4.0,27.95,PR14,,PR03,,,,22.2,22.2,44.4,cluster_0,H01,H0107,H010701,H01070110,H0107011026,ST04,31,C008
17342094,P0129,S0023,2019-09-16,1.0,23.69,3.0,27.95,PR14,,PR03,,,,22.2,22.2,44.4,cluster_0,H01,H0107,H010701,H01070110,H0107011026,ST04,31,C008
17362394,P0129,S0023,2019-09-17,0.0,0.0,3.0,27.95,PR14,,PR03,,,,22.2,22.2,44.4,cluster_0,H01,H0107,H010701,H01070110,H0107011026,ST04,31,C008
17382698,P0129,S0023,2019-09-18,0.0,0.0,9.0,27.95,PR14,,PR03,,,,22.2,22.2,44.4,cluster_0,H01,H0107,H010701,H01070110,H0107011026,ST04,31,C008
17402942,P0129,S0023,2019-09-19,0.0,0.0,12.0,27.95,PR14,,PR03,,,,22.2,22.2,44.4,cluster_0,H01,H0107,H010701,H01070110,H0107011026,ST04,31,C008
17423018,P0129,S0023,2019-09-20,0.0,0.0,12.0,27.95,PR14,,PR03,,,,22.2,22.2,44.4,cluster_0,H01,H0107,H010701,H01070110,H0107011026,ST04,31,C008
17443097,P0129,S0023,2019-09-21,0.0,0.0,12.0,27.95,PR14,,PR03,,,,22.2,22.2,44.4,cluster_0,H01,H0107,H010701,H01070110,H0107011026,ST04,31,C008
17463296,P0129,S0023,2019-09-22,2.0,47.37,10.0,27.95,PR14,,PR03,,,,22.2,22.2,44.4,cluster_0,H01,H0107,H010701,H01070110,H0107011026,ST04,31,C008
17483540,P0129,S0023,2019-09-23,1.0,23.69,9.0,27.95,PR14,,PR03,,,,22.2,22.2,44.4,cluster_0,H01,H0107,H010701,H01070110,H0107011026,ST04,31,C008
17503891,P0129,S0023,2019-09-24,1.0,23.69,8.0,27.95,PR14,,PR03,,,,22.2,22.2,44.4,cluster_0,H01,H0107,H010701,H01070110,H0107011026,ST04,31,C008
17524237,P0129,S0023,2019-09-25,2.0,47.37,9.0,27.95,PR14,,PR03,,,,22.2,22.2,44.4,cluster_0,H01,H0107,H010701,H01070110,H0107011026,ST04,31,C008
17544575,P0129,S0023,2019-09-26,1.0,23.69,8.0,27.95,PR14,,PR03,,,,22.2,22.2,44.4,cluster_0,H01,H0107,H010701,H01070110,H0107011026,ST04,31,C008
17564892,P0129,S0023,2019-09-27,0.0,0.0,11.0,27.95,PR14,,PR03,,,,22.2,22.2,44.4,cluster_0,H01,H0107,H010701,H01070110,H0107011026,ST04,31,C008
17585158,P0129,S0023,2019-09-28,0.0,0.0,11.0,27.95,PR14,,PR03,,,,22.2,22.2,44.4,cluster_0,H01,H0107,H010701,H01070110,H0107011026,ST04,31,C008
17605260,P0129,S0023,2019-09-29,1.0,23.69,10.0,27.95,PR14,,PR03,,,,22.2,22.2,44.4,cluster_0,H01,H0107,H010701,H01070110,H0107011026,ST04,31,C008
17625186,P0129,S0023,2019-09-30,0.0,0.0,13.0,27.95,PR14,,PR03,,,,22.2,22.2,44.4,cluster_0,H01,H0107,H010701,H01070110,H0107011026,ST04,31,C008
17645121,P0129,S0023,2019-10-01,1.0,23.69,12.0,27.95,PR14,,PR03,,,,22.2,22.2,44.4,cluster_0,H01,H0107,H010701,H01070110,H0107011026,ST04,31,C008
17665059,P0129,S0023,2019-10-02,1.0,23.69,11.0,27.95,PR14,,PR03,,,,22.2,22.2,44.4,cluster_0,H01,H0107,H010701,H01070110,H0107011026,ST04,31,C008
17685074,P0129,S0023,2019-10-03,3.0,71.06,8.0,27.95,PR14,,PR03,,,,22.2,22.2,44.4,cluster_0,H01,H0107,H010701,H01070110,H0107011026,ST04,31,C008
17785689,P0129,S0023,2019-10-08,0.0,0.0,11.0,27.95,PR14,,PR03,,,,22.2,22.2,44.4,cluster_0,H01,H0107,H010701,H01070110,H0107011026,ST04,31,C008
17805836,P0129,S0023,2019-10-09,0.0,0.0,11.0,27.95,PR14,,PR03,,,,22.2,22.2,44.4,cluster_0,H01,H0107,H010701,H01070110,H0107011026,ST04,31,C008
17826010,P0129,S0023,2019-10-10,0.0,0.0,14.0,27.95,PR14,,PR03,,,,22.2,22.2,44.4,cluster_0,H01,H0107,H010701,H01070110,H0107011026,ST04,31,C008
17846188,P0129,S0023,2019-10-11,1.0,23.69,13.0,27.95,PR14,,PR03,,,,22.2,22.2,44.4,cluster_0,H01,H0107,H010701,H01070110,H0107011026,ST04,31,C008
17866402,P0129,S0023,2019-10-12,2.0,47.37,11.0,27.95,PR14,,PR03,,,,22.2,22.2,44.4,cluster_0,H01,H0107,H010701,H01070110,H0107011026,ST04,31,C008
17886587,P0129,S0023,2019-10-13,0.0,0.0,11.0,27.95,PR14,,PR03,,,,22.2,22.2,44.4,cluster_0,H01,H0107,H010701,H01070110,H0107011026,ST04,31,C008
17906661,P0129,S0023,2019-10-14,1.0,23.69,10.0,27.95,PR14,,PR03,,,,22.2,22.2,44.4,cluster_0,H01,H0107,H010701,H01070110,H0107011026,ST04,31,C008
17926744,P0129,S0023,2019-10-15,0.0,0.0,10.0,27.95,PR14,,PR03,,,,22.2,22.2,44.4,cluster_0,H01,H0107,H010701,H01070110,H0107011026,ST04,31,C008
17946843,P0129,S0023,2019-10-16,0.0,0.0,13.0,34.9,PR14,,PR03,,,,22.2,22.2,44.4,cluster_0,H01,H0107,H010701,H01070110,H0107011026,ST04,31,C008
17966965,P0129,S0023,2019-10-17,0.0,0.0,13.0,34.9,PR14,,PR03,,,,22.2,22.2,44.4,cluster_0,H01,H0107,H010701,H01070110,H0107011026,ST04,31,C008
17987076,P0129,S0023,2019-10-18,0.0,0.0,13.0,34.9,PR14,,PR03,,,,22.2,22.2,44.4,cluster_0,H01,H0107,H010701,H01070110,H0107011026,ST04,31,C008
18007213,P0129,S0023,2019-10-19,0.0,0.0,13.0,34.9,PR14,,PR03,,,,22.2,22.2,44.4,cluster_0,H01,H0107,H010701,H01070110,H0107011026,ST04,31,C008
18027392,P0129,S0023,2019-10-20,2.0,59.15,11.0,34.9,PR14,,PR03,,,,22.2,22.2,44.4,cluster_0,H01,H0107,H010701,H01070110,H0107011026,ST04,31,C008
18047405,P0129,S0023,2019-10-21,2.0,59.15,9.0,34.9,PR14,,PR03,,,,22.2,22.2,44.4,cluster_0,H01,H0107,H010701,H01070110,H0107011026,ST04,31,C008
18067482,P0129,S0023,2019-10-22,1.0,29.58,8.0,34.9,PR14,,PR03,,,,22.2,22.2,44.4,cluster_0,H01,H0107,H010701,H01070110,H0107011026,ST04,31,C008
18087572,P0129,S0023,2019-10-23,0.0,0.0,11.0,34.9,PR14,,PR03,,,,22.2,22.2,44.4,cluster_0,H01,H0107,H010701,H01070110,H0107011026,ST04,31,C008
18107670,P0129,S0023,2019-10-24,1.0,29.58,10.0,34.9,PR14,,PR03,,,,22.2,22.2,44.4,cluster_0,H01,H0107,H010701,H01070110,H0107011026,ST04,31,C008
18127768,P0129,S0023,2019-10-25,1.0,29.58,12.0,34.9,PR14,,PR03,,,,22.2,22.2,44.4,cluster_0,H01,H0107,H010701,H01070110,H0107011026,ST04,31,C008
