sale_10.csv
Unnamed: 0,product_id,store_id,date,sales,revenue,stock,price,promo_type_1,promo_bin_1,promo_type_2,promo_bin_2,promo_discount_2,promo_discount_type_2,product_length,product_depth,product_width,cluster_id,hierarchy1_id,hierarchy2_id,hierarchy3_id,hierarchy4_id,hierarchy5_id,storetype_id,store_size,city_id
18147869,P0129,S0023,2019-10-26,1.0,29.58,11.0,34.9,PR14,,PR03,,,,22.2,22.2,44.4,cluster_0,H01,H0107,H010701,H01070110,H0107011026,ST04,31,C008
18167869,P0129,S0023,2019-10-27,0.0,0.0,11.0,34.9,PR14,,PR03,,,,22.2,22.2,44.4,cluster_0,H01,H0107,H010701,H01070110,H0107011026,ST04,31,C008
18187768,P0129,S0023,2019-10-28,0.0,0.0,11.0,34.9,PR14,,PR03,,,,22.2,22.2,44.4,cluster_0,H01,H0107,H010701,H01070110,H0107011026,ST04,31,C008
18207709,P0129,S0023,2019-10-29,0.0,0.0,11.0,34.9,PR14,,PR03,,,,22.2,22.2,44.4,cluster_0,H01,H0107,H010701,H01070110,H0107011026,ST04,31,C008
18227635,P0129,S0023,2019-10-30,0.0,0.0,14.0,34.9,PR14,,PR03,,,,22.2,22.2,44.4,cluster_0,H01,H0107,H010701,H01070110,H0107011026,ST04,31,C008
18247520,P0129,S0023,2019-10-31,0.0,0.0,14.0,22.9,PR14,,PR03,,,,22.2,22.2,44.4,cluster_0,H01,H0107,H010701,H01070110,H0107011026,ST04,31,C008
18267380,P0129,S0023,2019-11-01,,,,22.9,PR14,,PR03,,,,22.2,22.2,44.4,cluster_0,H01,H0107,H010701,H01070110,H0107011026,ST04,31,C008
18287236,P0129,S0023,2019-11-02,,,,22.9,PR14,,PR03,,,,22.2,22.2,44.4,cluster_0,H01,H0107,H010701,H01070110,H0107011026,ST04,31,C008
18307056,P0129,S0023,2019-11-03,,,,22.9,PR14,,PR03,,,,22.2,22.2,44.4,cluster_0,H01,H0107,H010701,H01070110,H0107011026,ST04,31,C008
18326870,P0129,S0023,2019-11-04,,,,22.9,PR14,,PR03,,,,22.2,22.2,44.4,cluster_0,H01,H0107,H010701,H01070110,H0107011026,ST04,31,C008
18346794,P0129,S0023,2019-11-05,,,,22.9,PR14,,PR03,,,,22.2,22.2,44.4,cluster_0,H01,H0107,H010701,H01070110,H0107011026,ST04,31,C008
18366840,P0129,S0023,2019-11-06,,,,25.9,PR14,,PR03,,,,22.2,22.2,44.4,cluster_0,H01,H0107,H010701,H01070110,H0107011026,ST04,31,C008
18386978,P0129,S0023,2019-11-07,,,,25.9,PR14,,PR03,,,,22.2,22.2,44.4,cluster_0,H01,H0107,H010701,H01070110,H0107011026,ST04,31,C008
18407245,P0129,S0023,2019-11-08,,,,25.9,PR14,,PR03,,,,22.2,22.2,44.4,cluster_0,H01,H0107,H010701,H01070110,H0107011026,ST04,31,C008
18427549,P0129,S0023,2019-11-09,,,,25.9,PR14,,PR03,,,,22.2,22.2,44.4,cluster_0,H01,H0107,H010701,H01070110,H0107011026,ST04,31,C008
18447770,P0129,S0023,2019-11-10,,,,25.9,PR14,,PR03,,,,22.2,22.2,44.4,cluster_0,H01,H0107,H010701,H01070110,H0107011026,ST04,31,C008
18467949,P0129,S0023,2019-11-11,,,,25.9,PR14,,PR03,,,,22.2,22.2,44.4,cluster_0,H01,H0107,H010701,H01070110,H0107011026,ST04,31,C008
18488260,P0129,S0023,2019-11-12,,,,25.9,PR14,,PR03,,,,22.2,22.2,44.4,cluster_0,H01,H0107,H010701,H01070110,H0107011026,ST04,31,C008
18508615,P0129,S0023,2019-11-13,,,,25.9,PR14,,PR03,,,,22.2,22.2,44.4,cluster_0,H01,H0107,H010701,H01070110,H0107011026,ST04,31,C008
18528954,P0129,S0023,2019-11-14,,,,25.9,PR14,,PR03,,,,22.2,22.2,44.4,cluster_0,H01,H0107,H010701,H01070110,H0107011026,ST04,31,C008
18549311,P0129,S0023,2019-11-15,,,,25.9,PR14,,PR03,,,,22.2,22.2,44.4,cluster_0,H01,H0107,H010701,H01070110,H0107011026,ST04,31,C008
18569690,P0129,S0023,2019-11-16,,,,25.9,PR14,,PR03,,,,22.2,22.2,44.4,cluster_0,H01,H0107,H010701,H01070110,H0107011026,ST04,31,C008
18589968,P0129,S0023,2019-11-17,,,,25.9,PR14,,PR03,,,,22.2,22.2,44.4,cluster_0,H01,H0107,H010701,H01070110,H0107011026,ST04,31,C008
18610190,P0129,S0023,2019-11-18,,,,25.9,PR14,,PR03,,,,22.2,22.2,44.4,cluster_0,H01,H0107,H010701,H01070110,H0107011026,ST04,31,C008
18630539,P0129,S0023,2019-11-19,,,,25.9,PR14,,PR03,,,,22.2,22.2,44.4,cluster_0,H01,H0107,H010701,H01070110,H0107011026,ST04,31,C008
18650961,P0129,S0023,2019-11-20,,,,25.9,PR14,,PR03,,,,22.2,22.2,44.4,cluster_0,H01,H0107,H010701,H01070110,H0107011026,ST04,31,C008
18671439,P0129,S0023,2019-11-21,,,,25.9,PR14,,PR03,,,,22.2,22.2,44.4,cluster_0,H01,H0107,H010701,H01070110,H0107011026,ST04,31,C008
18691948,P0129,S0023,2019-11-22,,,,25.9,PR14,,PR03,,,,22.2,22.2,44.4,cluster_0,H01,H0107,H010701,H01070110,H0107011026,ST04,31,C008
18712466,P0129,S0023,2019-11-23,,,,25.9,PR14,,PR03,,,,22.2,22.2,44.4,cluster_0,H01,H0107,H010701,H01070110,H0107011026,ST04,31,C008
18732938,P0129,S0023,2019-11-24,,,,25.9,PR14,,PR03,,,,22.2,22.2,44.4,cluster_0,H01,H0107,H010701,H01070110,H0107011026,ST04,31,C008
18753350,P0129,S0023,2019-11-25,,,,25.9,PR14,,PR03,,,,22.2,22.2,44.4,cluster_0,H01,H0107,H010701,H01070110,H0107011026,ST04,31,C008
18773799,P0129,S0023,2019-11-26,,,,25.9,PR14,,PR03,,,,22.2,22.2,44.4,cluster_0,H01,H0107,H010701,H01070110,H0107011026,ST04,31,C008
18794230,P0129,S0023,2019-11-27,,,,25.9,PR14,,PR03,,,,22.2,22.2,44.4,cluster_0,H01,H0107,H010701,H01070110,H0107011026,ST04,31,C008
18814632,P0129,S0023,2019-11-28,,,,25.9,PR14,,PR03,,,,22.2,22.2,44.4,cluster_0,H01,H0107,H010701,H01070110,H0107011026,ST04,31,C008
18834988,P0129,S0023,2019-11-29,,,,25.9,PR14,,PR03,,,,22.2,22.2,44.4,cluster_0,H01,H0107,H010701,H01070110,H0107011026,ST04,31,C008
18855348,P0129,S0023,2019-11-30,,,,25.9,PR14,,PR03,,,,22.2,22.2,44.4,cluster_0,H01,H0107,H010701,H01070110,H0107011026,ST04,31,C008
18875608,P0129,S0023,2019-12-01,,,,25.9,PR14,,PR03,,,,22.2,22.2,44.4,cluster_0,H01,H0107,H010701,H01070110,H0107011026,ST04,31,C008
18895730,P0129,S0023,2019-12-02,,,,25.9,PR14,,PR03,,,,22.2,22.2,44.4,cluster_0,H01,H0107,H010701,H01070110,H0107011026,ST04,31,C008
18915908,P0129,S0023,2019-12-03,,,,25.9,PR14,,PR03,,,,22.2,22.2,44.4,cluster_0,H01,H0107,H010701,H01070110,H0107011026,ST04,31,C008
18936092,P0129,S0023,2019-12-04,,,,25.9,PR14,,PR03,,,,22.2,22.2,44.4,cluster_0,H01,H0107,H010701,H01070110,H0107011026,ST04,31,C008
18956315,P0129,S0023,2019-12-05,,,,25.9,PR14,,PR03,,,,22.2,22.2,44.4,cluster_0,H01,H0107,H010701,H01070110,H0107011026,ST04,31,C008
18976571,P0129,S0023,2019-12-06,,,,25.9,PR14,,PR03,,,,22.2,22.2,44.4,cluster_0,H01,H0107,H010701,H01070110,H0107011026,ST04,31,C008
18996805,P0129,S0023,2019-12-07,,,,25.9,PR14,,PR03,,,,22.2,22.2,44.4,cluster_0,H01,H0107,H010701,H01070110,H0107011026,ST04,31,C008
19016942,P0129,S0023,2019-12-08,,,,25.9,PR14,,PR03,,,,22.2,22.2,44.4,cluster_0,H01,H0107,H010701,H01070110,H0107011026,ST04,31,C008
19036992,P0129,S0023,2019-12-09,,,,25.9,PR14,,PR03,,,,22.2,22.2,44.4,cluster_0,H01,H0107,H010701,H01070110,H0107011026,ST04,31,C008
19057142,P0129,S0023,2019-12-10,,,,25.9,PR14,,PR03,,,,22.2,22.2,44.4,cluster_0,H01,H0107,H010701,H01070110,H0107011026,ST04,31,C008
19077295,P0129,S0023,2019-12-11,,,,25.9,PR14,,PR03,,,,22.2,22.2,44.4,cluster_0,H01,H0107,H010701,H01070110,H0107011026,ST04,31,C008
19097500,P0129,S0023,2019-12-12,,,,25.9,PR14,,PR03,,,,22.2,22.2,44.4,cluster_0,H01,H0107,H010701,H01070110,H0107011026,ST04,31,C008
19117720,P0129,S0023,2019-12-13,,,,25.9,PR14,,PR03,,,,22.2,22.2,44.4,cluster_0,H01,H0107,H010701,H01070110,H0107011026,ST04,31,C008
19137946,P0129,S0023,2019-12-14,,,,25.9,PR14,,PR03,,,,22.2,22.2,44.4,cluster_0,H01,H0107,H010701,H01070110,H0107011026,ST04,31,C008
19158059,P0129,S0023,2019-12-15,,,,25.9,PR14,,PR03,,,,22.2,22.2,44.4,cluster_0,H01,H0107,H010701,H01070110,H0107011026,ST04,31,C008
19178118,P0129,S0023,2019-12-16,,,,25.9,PR14,,PR03,,,,22.2,22.2,44.4,cluster_0,H01,H0107,H010701,H01070110,H0107011026,ST04,31,C008
19198259,P0129,S0023,2019-12-17,,,,25.9,PR14,,PR03,,,,22.2,22.2,44.4,cluster_0,H01,H0107,H010701,H01070110,H0107011026,ST04,31,C008
19218386,P0129,S0023,2019-12-18,,,,25.9,PR14,,PR03,,,,22.2,22.2,44.4,cluster_0,H01,H0107,H010701,H01070110,H0107011026,ST04,31,C008
19238493,P0129,S0023,2019-12-19,,,,25.9,PR14,,PR03,,,,22.2,22.2,44.4,cluster_0,H01,H0107,H010701,H01070110,H0107011026,ST04,31,C008
19258606,P0129,S0023,2019-12-20,,,,25.9,PR14,,PR03,,,,22.2,22.2,44.4,cluster_0,H01,H0107,H010701,H01070110,H0107011026,ST04,31,C008
19278722,P0129,S0023,2019-12-21,,,,25.9,PR14,,PR03,,,,22.2,22.2,44.4,cluster_0,H01,H0107,H010701,H01070110,H0107011026,ST04,31,C008
19298756,P0129,S0023,2019-12-22,,,,25.9,PR14,,PR03,,,,22.2,22.2,44.4,cluster_0,H01,H0107,H010701,H01070110,H0107011026,ST04,31,C008
19318714,P0129,S0023,2019-12-23,,,,25.9,PR14,,PR03,,,,22.2,22.2,44.4,cluster_0,H01,H0107,H010701,H01070110,H0107011026,ST04,31,C008
19338769,P0129,S0023,2019-12-24,,,,25.9,PR14,,PR03,,,,22.2,22.2,44.4,cluster_0,H01,H0107,H010701,H01070110,H0107011026,ST04,31,C008
19358808,P0129,S0023,2019-12-25,,,,25.9,PR14,,PR03,,,,22.2,22.2,44.4,cluster_0,H01,H0107,H010701,H01070110,H0107011026,ST04,31,C008
19378800,P0129,S0023,2019-12-26,,,,25.9,PR14,,PR03,,,,22.2,22.2,44.4,cluster_0,H01,H0107,H010701,H01070110,H0107011026,ST04,31,C008
19398772,P0129,S0023,2019-12-27,,,,25.9,PR14,,PR03,,,,22.2,22.2,44.4,cluster_0,H01,H0107,H010701,H01070110,H0107011026,ST04,31,C008
19418740,P0129,S0023,2019-12-28,,,,25.9,PR14,,PR03,,,,22.2,22.2,44.4,cluster_0,H01,H0107,H010701,H01070110,H0107011026,ST04,31,C008
19438596,P0129,S0023,2019-12-29,,,,25.9,PR14,,PR03,,,,22.2,22.2,44.4,cluster_0,H01,H0107,H010701,H01070110,H0107011026,ST04,31,C008
3998177,P0129,S0023,2017-10-07,2.0,22.81,14.0,17.95,PR05,low,PR03,,,,22.2,22.2,44.4,cluster_0,H01,H0107,H010701,H01070110,H0107011026,ST04,31,C008
4013570,P0129,S0023,2017-10-08,4.0,49.43,10.0,17.95,PR05,low,PR03,,,,22.2,22.2,44.4,cluster_0,H01,H0107,H010701,H01070110,H0107011026,ST04,31,C008
4028915,P0129,S0023,2017-10-09,1.0,11.41,9.0,17.95,PR05,low,PR03,,,,22.2,22.2,44.4,cluster_0,H01,H0107,H010701,H01070110,H0107011026,ST04,31,C008
4044298,P0129,S0023,2017-10-10,0.0,0.0,9.0,17.95,PR05,low,PR03,,,,22.2,22.2,44.4,cluster_0,H01,H0107,H010701,H01070110,H0107011026,ST04,31,C008
10479687,P0129,S0023,2018-10-05,1.0,21.66,0.0,31.95,PR05,verylow,PR03,,,,22.2,22.2,44.4,cluster_0,H01,H0107,H010701,H01070110,H0107011026,ST04,31,C008
10499160,P0129,S0023,2018-10-06,1.0,21.66,0.0,31.95,PR05,verylow,PR03,,,,22.2,22.2,44.4,cluster_0,H01,H0107,H010701,H01070110,H0107011026,ST04,31,C008
10518651,P0129,S0023,2018-10-07,1.0,21.66,0.0,31.95,PR05,verylow,PR03,,,,22.2,22.2,44.4,cluster_0,H01,H0107,H010701,H01070110,H0107011026,ST04,31,C008
10538069,P0129,S0023,2018-10-08,1.0,21.66,17.0,31.95,PR05,verylow,PR03,,,,22.2,22.2,44.4,cluster_0,H01,H0107,H010701,H01070110,H0107011026,ST04,31,C008
12783785,P0129,S0023,2019-02-02,2.0,38.0,27.0,31.95,PR05,low,PR03,,,,22.2,22.2,44.4,cluster_0,H01,H0107,H010701,H01070110,H0107011026,ST04,31,C008
12803174,P0129,S0023,2019-02-03,0.0,0.0,27.0,31.95,PR05,low,PR03,,,,22.2,22.2,44.4,cluster_0,H01,H0107,H010701,H01070110,H0107011026,ST04,31,C008
12822569,P0129,S0023,2019-02-04,2.0,38.0,25.0,31.95,PR05,low,PR03,,,,22.2,22.2,44.4,cluster_0,H01,H0107,H010701,H01070110,H0107011026,ST04,31,C008
12841935,P0129,S0023,2019-02-05,2.0,38.0,23.0,31.95,PR05,low,PR03,,,,22.2,22.2,44.4,cluster_0,H01,H0107,H010701,H01070110,H0107011026,ST04,31,C008
17705242,P0129,S0023,2019-10-04,3.0,56.85,20.0,27.95,PR05,verylow,PR03,,,,22.2,22.2,44.4,cluster_0,H01,H0107,H010701,H01070110,H0107011026,ST04,31,C008
17725442,P0129,S0023,2019-10-05,4.0,75.8,16.0,27.95,PR05,verylow,PR03,,,,22.2,22.2,44.4,cluster_0,H01,H0107,H010701,H01070110,H0107011026,ST04,31,C008
17745533,P0129,S0023,2019-10-06,1.0,18.95,15.0,27.95,PR05,verylow,PR03,,,,22.2,22.2,44.4,cluster_0,H01,H0107,H010701,H01070110,H0107011026,ST04,31,C008
17765557,P0129,S0023,2019-10-07,4.0,75.8,11.0,27.95,PR05,verylow,PR03,,,,22.2,22.2,44.4,cluster_0,H01,H0107,H010701,H01070110,H0107011026,ST04,31,C008
2437,P0140,S0023,2017-01-02,1.0,5.5,13.0,5.5,PR14,,PR03,,,,2.0,27.0,21.0,cluster_0,H03,H0313,H031307,H03130700,H0313070008,ST04,31,C008
15570,P0140,S0023,2017-01-03,2.0,11.0,11.0,5.5,PR14,,PR03,,,,2.0,27.0,21.0,cluster_0,H03,H0313,H031307,H03130700,H0313070008,ST04,31,C008
28672,P0140,S0023,2017-01-04,3.0,16.5,8.0,5.5,PR14,,PR03,,,,2.0,27.0,21.0,cluster_0,H03,H0313,H031307,H03130700,H0313070008,ST04,31,C008
41754,P0140,S0023,2017-01-05,4.0,22.0,4.0,5.5,PR14,,PR03,,,,2.0,27.0,21.0,cluster_0,H03,H0313,H031307,H03130700,H0313070008,ST04,31,C008
54854,P0140,S0023,2017-01-06,1.0,5.5,3.0,5.5,PR14,,PR03,,,,2.0,27.0,21.0,cluster_0,H03,H0313,H031307,H03130700,H0313070008,ST04,31,C008
68018,P0140,S0023,2017-01-07,1.0,5.5,2.0,5.5,PR14,,PR03,,,,2.0,27.0,21.0,cluster_0,H03,H0313,H031307,H03130700,H0313070008,ST04,31,C008
81133,P0140,S0023,2017-01-08,0.0,0.0,2.0,5.5,PR14,,PR03,,,,2.0,27.0,21.0,cluster_0,H03,H0313,H031307,H03130700,H0313070008,ST04,31,C008
94211,P0140,S0023,2017-01-09,2.0,11.0,5.0,5.5,PR14,,PR03,,,,2.0,27.0,21.0,cluster_0,H03,H0313,H031307,H03130700,H0313070008,ST04,31,C008
107303,P0140,S0023,2017-01-10,0.0,0.0,5.0,5.5,PR14,,PR03,,,,2.0,27.0,21.0,cluster_0,H03,H0313,H031307,H03130700,H0313070008,ST04,31,C008
120446,P0140,S0023,2017-01-11,1.0,5.5,4.0,5.5,PR14,,PR03,,,,2.0,27.0,21.0,cluster_0,H03,H0313,H031307,H03130700,H0313070008,ST04,31,C008
133597,P0140,S0023,2017-01-12,0.0,0.0,4.0,5.5,PR14,,PR03,,,,2.0,27.0,21.0,cluster_0,H03,H0313,H031307,H03130700,H0313070008,ST04,31,C008
146743,P0140,S0023,2017-01-13,1.0,5.5,3.0,5.5,PR14,,PR03,,,,2.0,27.0,21.0,cluster_0,H03,H0313,H031307,H03130700,H0313070008,ST04,31,C008
159916,P0140,S0023,2017-01-14,0.0,0.0,3.0,5.5,PR14,,PR03,,,,2.0,27.0,21.0,cluster_0,H03,H0313,H031307,H03130700,H0313070008,ST04,31,C008
173104,P0140,S0023,2017-01-15,0.0,0.0,3.0,5.5,PR14,,PR03,,,,2.0,27.0,21.0,cluster_0,H03,H0313,H031307,H03130700,H0313070008,ST04,31,C008
186297,P0140,S0023,2017-01-16,0.0,0.0,3.0,5.5,PR14,,PR03,,,,2.0,27.0,21.0,cluster_0,H03,H0313,H031307,H03130700,H0313070008,ST04,31,C008
199519,P0140,S0023,2017-01-17,0.0,0.0,3.0,5.5,PR14,,PR03,,,,2.0,27.0,21.0,cluster_0,H03,H0313,H031307,H03130700,H0313070008,ST04,31,C008
212791,P0140,S0023,2017-01-18,0.0,0.0,3.0,5.5,PR14,,PR03,,,,2.0,27.0,21.0,cluster_0,H03,H0313,H031307,H03130700,H0313070008,ST04,31,C008
226058,P0140,S0023,2017-01-19,0.0,0.0,3.0,5.5,PR14,,PR03,,,,2.0,27.0,21.0,cluster_0,H03,H0313,H031307,H03130700,H0313070008,ST04,31,C008
239340,P0140,S0023,2017-01-20,0.0,0.0,3.0,5.5,PR14,,PR03,,,,2.0,27.0,21.0,cluster_0,H03,H0313,H031307,H03130700,H0313070008,ST04,31,C008
252678,P0140,S0023,2017-01-21,0.0,0.0,3.0,5.5,PR14,,PR03,,,,2.0,27.0,21.0,cluster_0,H03,H0313,H031307,H03130700,H0313070008,ST04,31,C008
265931,P0140,S0023,2017-01-22,0.0,0.0,3.0,5.5,PR14,,PR03,,,,2.0,27.0,21.0,cluster_0,H03,H0313,H031307,H03130700,H0313070008,ST04,31,C008
279194,P0140,S0023,2017-01-23,0.0,0.0,3.0,5.5,PR14,,PR03,,,,2.0,27.0,21.0,cluster_0,H03,H0313,H031307,H03130700,H0313070008,ST04,31,C008
292524,P0140,S0023,2017-01-24,0.0,0.0,3.0,5.5,PR14,,PR03,,,,2.0,27.0,21.0,cluster_0,H03,H0313,H031307,H03130700,H0313070008,ST04,31,C008
305866,P0140,S0023,2017-01-25,0.0,0.0,3.0,5.5,PR14,,PR03,,,,2.0,27.0,21.0,cluster_0,H03,H0313,H031307,H03130700,H0313070008,ST04,31,C008
319194,P0140,S0023,2017-01-26,0.0,0.0,3.0,5.5,PR14,,PR03,,,,2.0,27.0,21.0,cluster_0,H03,H0313,H031307,H03130700,H0313070008,ST04,31,C008
332511,P0140,S0023,2017-01-27,0.0,0.0,3.0,5.5,PR14,,PR03,,,,2.0,27.0,21.0,cluster_0,H03,H0313,H031307,H03130700,H0313070008,ST04,31,C008
345826,P0140,S0023,2017-01-28,0.0,0.0,3.0,5.5,PR14,,PR03,,,,2.0,27.0,21.0,cluster_0,H03,H0313,H031307,H03130700,H0313070008,ST04,31,C008
359087,P0140,S0023,2017-01-29,1.0,5.5,2.0,5.5,PR14,,PR03,,,,2.0,27.0,21.0,cluster_0,H03,H0313,H031307,H03130700,H0313070008,ST04,31,C008
372336,P0140,S0023,2017-01-30,0.0,0.0,20.0,5.5,PR14,,PR03,,,,2.0,27.0,21.0,cluster_0,H03,H0313,H031307,H03130700,H0313070008,ST04,31,C008
385575,P0140,S0023,2017-01-31,1.0,5.5,19.0,5.5,PR14,,PR03,,,,2.0,27.0,21.0,cluster_0,H03,H0313,H031307,H03130700,H0313070008,ST04,31,C008
398780,P0140,S0023,2017-02-01,1.0,5.5,17.0,5.5,PR14,,PR03,,,,2.0,27.0,21.0,cluster_0,H03,H0313,H031307,H03130700,H0313070008,ST04,31,C008
412005,P0140,S0023,2017-02-02,3.0,16.5,14.0,5.5,PR14,,PR03,,,,2.0,27.0,21.0,cluster_0,H03,H0313,H031307,H03130700,H0313070008,ST04,31,C008
425285,P0140,S0023,2017-02-03,4.0,22.0,10.0,5.5,PR14,,PR03,,,,2.0,27.0,21.0,cluster_0,H03,H0313,H031307,H03130700,H0313070008,ST04,31,C008
438622,P0140,S0023,2017-02-04,1.0,5.5,9.0,5.5,PR14,,PR03,,,,2.0,27.0,21.0,cluster_0,H03,H0313,H031307,H03130700,H0313070008,ST04,31,C008
451914,P0140,S0023,2017-02-05,2.0,11.0,7.0,5.5,PR14,,PR03,,,,2.0,27.0,21.0,cluster_0,H03,H0313,H031307,H03130700,H0313070008,ST04,31,C008
465192,P0140,S0023,2017-02-06,3.0,16.5,4.0,5.5,PR14,,PR03,,,,2.0,27.0,21.0,cluster_0,H03,H0313,H031307,H03130700,H0313070008,ST04,31,C008
478510,P0140,S0023,2017-02-07,1.0,5.5,3.0,5.5,PR14,,PR03,,,,2.0,27.0,21.0,cluster_0,H03,H0313,H031307,H03130700,H0313070008,ST04,31,C008
491822,P0140,S0023,2017-02-08,0.0,0.0,7.0,5.5,PR14,,PR03,,,,2.0,27.0,21.0,cluster_0,H03,H0313,H031307,H03130700,H0313070008,ST04,31,C008
505165,P0140,S0023,2017-02-09,2.0,11.0,5.0,5.5,PR14,,PR03,,,,2.0,27.0,21.0,cluster_0,H03,H0313,H031307,H03130700,H0313070008,ST04,31,C008
518491,P0140,S0023,2017-02-10,2.0,11.0,3.0,5.5,PR14,,PR03,,,,2.0,27.0,21.0,cluster_0,H03,H0313,H031307,H03130700,H0313070008,ST04,31,C008
531845,P0140,S0023,2017-02-11,2.0,11.0,1.0,5.5,PR14,,PR03,,,,2.0,27.0,21.0,cluster_0,H03,H0313,H031307,H03130700,H0313070008,ST04,31,C008
545157,P0140,S0023,2017-02-12,1.0,5.5,0.0,5.5,PR14,,PR03,,,,2.0,27.0,21.0,cluster_0,H03,H0313,H031307,H03130700,H0313070008,ST04,31,C008
571758,P0140,S0023,2017-02-14,0.0,0.0,4.0,5.5,PR14,,PR03,,,,2.0,27.0,21.0,cluster_0,H03,H0313,H031307,H03130700,H0313070008,ST04,31,C008
585068,P0140,S0023,2017-02-15,1.0,5.5,3.0,5.5,PR14,,PR03,,,,2.0,27.0,21.0,cluster_0,H03,H0313,H031307,H03130700,H0313070008,ST04,31,C008
598395,P0140,S0023,2017-02-16,0.0,0.0,3.0,5.5,PR14,,PR03,,,,2.0,27.0,21.0,cluster_0,H03,H0313,H031307,H03130700,H0313070008,ST04,31,C008
611746,P0140,S0023,2017-02-17,0.0,0.0,3.0,5.5,PR14,,PR03,,,,2.0,27.0,21.0,cluster_0,H03,H0313,H031307,H03130700,H0313070008,ST04,31,C008
625127,P0140,S0023,2017-02-18,0.0,0.0,3.0,5.5,PR14,,PR03,,,,2.0,27.0,21.0,cluster_0,H03,H0313,H031307,H03130700,H0313070008,ST04,31,C008
638486,P0140,S0023,2017-02-19,1.0,5.5,2.0,5.5,PR14,,PR03,,,,2.0,27.0,21.0,cluster_0,H03,H0313,H031307,H03130700,H0313070008,ST04,31,C008
