sale_10.csv
Unnamed: 0,product_id,store_id,date,sales,revenue,stock,price,promo_type_1,promo_bin_1,promo_type_2,promo_bin_2,promo_discount_2,promo_discount_type_2,product_length,product_depth,product_width,cluster_id,hierarchy1_id,hierarchy2_id,hierarchy3_id,hierarchy4_id,hierarchy5_id,storetype_id,store_size,city_id
4889166,P0140,S0023,2017-12-02,1.0,5.5,17.0,5.5,PR14,,PR03,,,,2.0,27.0,21.0,cluster_0,H03,H0313,H031307,H03130700,H0313070008,ST04,31,C008
4905243,P0140,S0023,2017-12-03,0.0,0.0,16.0,5.5,PR14,,PR03,,,,2.0,27.0,21.0,cluster_0,H03,H0313,H031307,H03130700,H0313070008,ST04,31,C008
4921340,P0140,S0023,2017-12-04,1.0,5.5,15.0,5.5,PR14,,PR03,,,,2.0,27.0,21.0,cluster_0,H03,H0313,H031307,H03130700,H0313070008,ST04,31,C008
4937508,P0140,S0023,2017-12-05,3.0,16.5,12.0,5.5,PR14,,PR03,,,,2.0,27.0,21.0,cluster_0,H03,H0313,H031307,H03130700,H0313070008,ST04,31,C008
4953695,P0140,S0023,2017-12-06,2.0,11.0,10.0,5.5,PR14,,PR03,,,,2.0,27.0,21.0,cluster_0,H03,H0313,H031307,H03130700,H0313070008,ST04,31,C008
4969944,P0140,S0023,2017-12-07,0.0,0.0,10.0,5.5,PR14,,PR03,,,,2.0,27.0,21.0,cluster_0,H03,H0313,H031307,H03130700,H0313070008,ST04,31,C008
4986206,P0140,S0023,2017-12-08,1.0,5.5,9.0,5.5,PR14,,PR03,,,,2.0,27.0,21.0,cluster_0,H03,H0313,H031307,H03130700,H0313070008,ST04,31,C008
5002468,P0140,S0023,2017-12-09,1.0,5.5,8.0,5.5,PR14,,PR03,,,,2.0,27.0,21.0,cluster_0,H03,H0313,H031307,H03130700,H0313070008,ST04,31,C008
5018685,P0140,S0023,2017-12-10,0.0,0.0,8.0,5.5,PR14,,PR03,,,,2.0,27.0,21.0,cluster_0,H03,H0313,H031307,H03130700,H0313070008,ST04,31,C008
5034876,P0140,S0023,2017-12-11,0.0,0.0,8.0,5.5,PR14,,PR03,,,,2.0,27.0,21.0,cluster_0,H03,H0313,H031307,H03130700,H0313070008,ST04,31,C008
5051146,P0140,S0023,2017-12-12,0.0,0.0,8.0,5.5,PR14,,PR03,,,,2.0,27.0,21.0,cluster_0,H03,H0313,H031307,H03130700,H0313070008,ST04,31,C008
5067445,P0140,S0023,2017-12-13,0.0,0.0,8.0,5.5,PR14,,PR03,,,,2.0,27.0,21.0,cluster_0,H03,H0313,H031307,H03130700,H0313070008,ST04,31,C008
5083781,P0140,S0023,2017-12-14,0.0,0.0,8.0,5.5,PR14,,PR03,,,,2.0,27.0,21.0,cluster_0,H03,H0313,H031307,H03130700,H0313070008,ST04,31,C008
5100174,P0140,S0023,2017-12-15,1.0,5.5,7.0,5.5,PR14,,PR03,,,,2.0,27.0,21.0,cluster_0,H03,H0313,H031307,H03130700,H0313070008,ST04,31,C008
5116631,P0140,S0023,2017-12-16,0.0,0.0,7.0,5.5,PR14,,PR03,,,,2.0,27.0,21.0,cluster_0,H03,H0313,H031307,H03130700,H0313070008,ST04,31,C008
5133055,P0140,S0023,2017-12-17,0.0,0.0,7.0,5.5,PR14,,PR03,,,,2.0,27.0,21.0,cluster_0,H03,H0313,H031307,H03130700,H0313070008,ST04,31,C008
5149471,P0140,S0023,2017-12-18,0.0,0.0,7.0,5.5,PR14,,PR03,,,,2.0,27.0,21.0,cluster_0,H03,H0313,H031307,H03130700,H0313070008,ST04,31,C008
5166057,P0140,S0023,2017-12-19,1.0,5.5,6.0,5.5,PR14,,PR03,,,,2.0,27.0,21.0,cluster_0,H03,H0313,H031307,H03130700,H0313070008,ST04,31,C008
5182672,P0140,S0023,2017-12-20,3.0,16.5,3.0,5.5,PR14,,PR03,,,,2.0,27.0,21.0,cluster_0,H03,H0313,H031307,H03130700,H0313070008,ST04,31,C008
5199282,P0140,S0023,2017-12-21,1.0,5.5,2.0,5.5,PR14,,PR03,,,,2.0,27.0,21.0,cluster_0,H03,H0313,H031307,H03130700,H0313070008,ST04,31,C008
5215867,P0140,S0023,2017-12-22,0.0,0.0,2.0,6.0,PR14,,PR03,,,,2.0,27.0,21.0,cluster_0,H03,H0313,H031307,H03130700,H0313070008,ST04,31,C008
5232342,P0140,S0023,2017-12-23,1.0,5.5,1.0,5.5,PR14,,PR03,,,,2.0,27.0,21.0,cluster_0,H03,H0313,H031307,H03130700,H0313070008,ST04,31,C008
5248766,P0140,S0023,2017-12-24,0.0,0.0,1.0,5.5,PR14,,PR03,,,,2.0,27.0,21.0,cluster_0,H03,H0313,H031307,H03130700,H0313070008,ST04,31,C008
5330050,P0140,S0023,2017-12-29,4.0,24.0,16.0,6.0,PR14,,PR03,,,,2.0,27.0,21.0,cluster_0,H03,H0313,H031307,H03130700,H0313070008,ST04,31,C008
5346327,P0140,S0023,2017-12-30,5.0,30.0,11.0,6.0,PR14,,PR03,,,,2.0,27.0,21.0,cluster_0,H03,H0313,H031307,H03130700,H0313070008,ST04,31,C008
5362543,P0140,S0023,2017-12-31,5.0,30.0,6.0,6.0,PR14,,PR03,,,,2.0,27.0,21.0,cluster_0,H03,H0313,H031307,H03130700,H0313070008,ST04,31,C008
5378761,P0140,S0023,2018-01-01,2.0,12.0,4.0,6.0,PR14,,PR03,,,,2.0,27.0,21.0,cluster_0,H03,H0313,H031307,H03130700,H0313070008,ST04,31,C008
5395003,P0140,S0023,2018-01-02,3.0,18.0,1.0,6.0,PR14,,PR03,,,,2.0,27.0,21.0,cluster_0,H03,H0313,H031307,H03130700,H0313070008,ST04,31,C008
5411245,P0140,S0023,2018-01-03,1.0,6.0,0.0,6.0,PR14,,PR03,,,,2.0,27.0,21.0,cluster_0,H03,H0313,H031307,H03130700,H0313070008,ST04,31,C008
5427497,P0140,S0023,2018-01-04,2.0,12.0,2.0,6.0,PR14,,PR03,,,,2.0,27.0,21.0,cluster_0,H03,H0313,H031307,H03130700,H0313070008,ST04,31,C008
5443802,P0140,S0023,2018-01-05,2.0,12.0,5.0,6.0,PR14,,PR03,,,,2.0,27.0,21.0,cluster_0,H03,H0313,H031307,H03130700,H0313070008,ST04,31,C008
5460148,P0140,S0023,2018-01-06,2.0,12.0,5.0,6.0,PR14,,PR03,,,,2.0,27.0,21.0,cluster_0,H03,H0313,H031307,H03130700,H0313070008,ST04,31,C008
5476420,P0140,S0023,2018-01-07,3.0,18.0,2.0,6.0,PR14,,PR03,,,,2.0,27.0,21.0,cluster_0,H03,H0313,H031307,H03130700,H0313070008,ST04,31,C008
5492708,P0140,S0023,2018-01-08,0.0,0.0,2.0,6.0,PR14,,PR03,,,,2.0,27.0,21.0,cluster_0,H03,H0313,H031307,H03130700,H0313070008,ST04,31,C008
5509031,P0140,S0023,2018-01-09,0.0,0.0,2.0,6.0,PR14,,PR03,,,,2.0,27.0,21.0,cluster_0,H03,H0313,H031307,H03130700,H0313070008,ST04,31,C008
5525383,P0140,S0023,2018-01-10,3.0,18.0,4.0,6.0,PR14,,PR03,,,,2.0,27.0,21.0,cluster_0,H03,H0313,H031307,H03130700,H0313070008,ST04,31,C008
5541761,P0140,S0023,2018-01-11,0.0,0.0,4.0,6.0,PR14,,PR03,,,,2.0,27.0,21.0,cluster_0,H03,H0313,H031307,H03130700,H0313070008,ST04,31,C008
5558203,P0140,S0023,2018-01-12,2.0,12.0,2.0,6.0,PR14,,PR03,,,,2.0,27.0,21.0,cluster_0,H03,H0313,H031307,H03130700,H0313070008,ST04,31,C008
5574685,P0140,S0023,2018-01-13,1.0,6.0,1.0,6.0,PR14,,PR03,,,,2.0,27.0,21.0,cluster_0,H03,H0313,H031307,H03130700,H0313070008,ST04,31,C008
5591099,P0140,S0023,2018-01-14,1.0,6.0,0.0,6.0,PR14,,PR03,,,,2.0,27.0,21.0,cluster_0,H03,H0313,H031307,H03130700,H0313070008,ST04,31,C008
5872927,P0140,S0023,2018-01-31,0.0,0.0,20.0,6.0,PR14,,PR03,,,,2.0,27.0,21.0,cluster_0,H03,H0313,H031307,H03130700,H0313070008,ST04,31,C008
5889557,P0140,S0023,2018-02-01,1.0,6.0,19.0,6.0,PR14,,PR03,,,,2.0,27.0,21.0,cluster_0,H03,H0313,H031307,H03130700,H0313070008,ST04,31,C008
5906266,P0140,S0023,2018-02-02,2.0,12.0,17.0,6.0,PR14,,PR03,,,,2.0,27.0,21.0,cluster_0,H03,H0313,H031307,H03130700,H0313070008,ST04,31,C008
5923030,P0140,S0023,2018-02-03,0.0,0.0,17.0,6.0,PR14,,PR03,,,,2.0,27.0,21.0,cluster_0,H03,H0313,H031307,H03130700,H0313070008,ST04,31,C008
5939736,P0140,S0023,2018-02-04,1.0,6.0,16.0,6.0,PR14,,PR03,,,,2.0,27.0,21.0,cluster_0,H03,H0313,H031307,H03130700,H0313070008,ST04,31,C008
5956513,P0140,S0023,2018-02-05,0.0,0.0,16.0,6.0,PR14,,PR03,,,,2.0,27.0,21.0,cluster_0,H03,H0313,H031307,H03130700,H0313070008,ST04,31,C008
5973228,P0140,S0023,2018-02-06,5.0,30.0,11.0,6.0,PR14,,PR03,,,,2.0,27.0,21.0,cluster_0,H03,H0313,H031307,H03130700,H0313070008,ST04,31,C008
5989936,P0140,S0023,2018-02-07,2.0,12.0,9.0,6.0,PR14,,PR03,,,,2.0,27.0,21.0,cluster_0,H03,H0313,H031307,H03130700,H0313070008,ST04,31,C008
6006652,P0140,S0023,2018-02-08,0.0,0.0,9.0,6.0,PR14,,PR03,,,,2.0,27.0,21.0,cluster_0,H03,H0313,H031307,H03130700,H0313070008,ST04,31,C008
6023394,P0140,S0023,2018-02-09,5.0,30.0,4.0,6.0,PR14,,PR03,,,,2.0,27.0,21.0,cluster_0,H03,H0313,H031307,H03130700,H0313070008,ST04,31,C008
6040245,P0140,S0023,2018-02-10,1.0,6.0,3.0,6.0,PR14,,PR03,,,,2.0,27.0,21.0,cluster_0,H03,H0313,H031307,H03130700,H0313070008,ST04,31,C008
6057058,P0140,S0023,2018-02-11,1.0,6.0,2.0,6.0,PR14,,PR03,,,,2.0,27.0,21.0,cluster_0,H03,H0313,H031307,H03130700,H0313070008,ST04,31,C008
6073937,P0140,S0023,2018-02-12,2.0,12.0,2.0,6.0,PR14,,PR03,,,,2.0,27.0,21.0,cluster_0,H03,H0313,H031307,H03130700,H0313070008,ST04,31,C008
6090783,P0140,S0023,2018-02-13,1.0,6.0,1.0,6.0,PR14,,PR03,,,,2.0,27.0,21.0,cluster_0,H03,H0313,H031307,H03130700,H0313070008,ST04,31,C008
6107608,P0140,S0023,2018-02-14,1.0,6.0,0.0,6.0,PR14,,PR03,,,,2.0,27.0,21.0,cluster_0,H03,H0313,H031307,H03130700,H0313070008,ST04,31,C008
6344392,P0140,S0023,2018-02-28,2.0,12.0,18.0,6.0,PR14,,PR03,,,,2.0,27.0,21.0,cluster_0,H03,H0313,H031307,H03130700,H0313070008,ST04,31,C008
6361197,P0140,S0023,2018-03-01,1.0,6.0,17.0,6.0,PR14,,PR03,,,,2.0,27.0,21.0,cluster_0,H03,H0313,H031307,H03130700,H0313070008,ST04,31,C008
6378006,P0140,S0023,2018-03-02,2.0,12.0,15.0,6.0,PR14,,PR03,,,,2.0,27.0,21.0,cluster_0,H03,H0313,H031307,H03130700,H0313070008,ST04,31,C008
6394889,P0140,S0023,2018-03-03,2.0,12.0,13.0,6.0,PR14,,PR03,,,,2.0,27.0,21.0,cluster_0,H03,H0313,H031307,H03130700,H0313070008,ST04,31,C008
6411809,P0140,S0023,2018-03-04,4.0,24.0,9.0,6.0,PR14,,PR03,,,,2.0,27.0,21.0,cluster_0,H03,H0313,H031307,H03130700,H0313070008,ST04,31,C008
6428715,P0140,S0023,2018-03-05,4.0,24.0,5.0,6.0,PR14,,PR03,,,,2.0,27.0,21.0,cluster_0,H03,H0313,H031307,H03130700,H0313070008,ST04,31,C008
6445619,P0140,S0023,2018-03-06,1.0,6.0,4.0,6.0,PR14,,PR03,,,,2.0,27.0,21.0,cluster_0,H03,H0313,H031307,H03130700,H0313070008,ST04,31,C008
6462560,P0140,S0023,2018-03-07,1.0,6.0,3.0,6.0,PR14,,PR03,,,,2.0,27.0,21.0,cluster_0,H03,H0313,H031307,H03130700,H0313070008,ST04,31,C008
6479450,P0140,S0023,2018-03-08,1.0,6.0,2.0,6.0,PR14,,PR03,,,,2.0,27.0,21.0,cluster_0,H03,H0313,H031307,H03130700,H0313070008,ST04,31,C008
6496334,P0140,S0023,2018-03-09,0.0,0.0,5.0,6.0,PR14,,PR03,,,,2.0,27.0,21.0,cluster_0,H03,H0313,H031307,H03130700,H0313070008,ST04,31,C008
6513273,P0140,S0023,2018-03-10,0.0,0.0,5.0,6.0,PR14,,PR03,,,,2.0,27.0,21.0,cluster_0,H03,H0313,H031307,H03130700,H0313070008,ST04,31,C008
6530307,P0140,S0023,2018-03-11,2.0,12.0,3.0,6.0,PR14,,PR03,,,,2.0,27.0,21.0,cluster_0,H03,H0313,H031307,H03130700,H0313070008,ST04,31,C008
6547334,P0140,S0023,2018-03-12,0.0,0.0,3.0,6.0,PR14,,PR03,,,,2.0,27.0,21.0,cluster_0,H03,H0313,H031307,H03130700,H0313070008,ST04,31,C008
6564350,P0140,S0023,2018-03-13,2.0,12.0,1.0,6.0,PR14,,PR03,,,,2.0,27.0,21.0,cluster_0,H03,H0313,H031307,H03130700,H0313070008,ST04,31,C008
6581392,P0140,S0023,2018-03-14,0.0,0.0,6.0,6.0,PR14,,PR03,,,,2.0,27.0,21.0,cluster_0,H03,H0313,H031307,H03130700,H0313070008,ST04,31,C008
6598473,P0140,S0023,2018-03-15,0.0,0.0,6.0,6.0,PR14,,PR03,,,,2.0,27.0,21.0,cluster_0,H03,H0313,H031307,H03130700,H0313070008,ST04,31,C008
6615571,P0140,S0023,2018-03-16,0.0,0.0,6.0,6.0,PR14,,PR03,,,,2.0,27.0,21.0,cluster_0,H03,H0313,H031307,H03130700,H0313070008,ST04,31,C008
6632746,P0140,S0023,2018-03-17,0.0,0.0,6.0,6.0,PR14,,PR03,,,,2.0,27.0,21.0,cluster_0,H03,H0313,H031307,H03130700,H0313070008,ST04,31,C008
6650019,P0140,S0023,2018-03-18,2.0,12.0,4.0,6.0,PR14,,PR03,,,,2.0,27.0,21.0,cluster_0,H03,H0313,H031307,H03130700,H0313070008,ST04,31,C008
6667264,P0140,S0023,2018-03-19,0.0,0.0,4.0,6.0,PR14,,PR03,,,,2.0,27.0,21.0,cluster_0,H03,H0313,H031307,H03130700,H0313070008,ST04,31,C008
6684477,P0140,S0023,2018-03-20,0.0,0.0,4.0,6.0,PR14,,PR03,,,,2.0,27.0,21.0,cluster_0,H03,H0313,H031307,H03130700,H0313070008,ST04,31,C008
6701741,P0140,S0023,2018-03-21,0.0,0.0,4.0,6.0,PR14,,PR03,,,,2.0,27.0,21.0,cluster_0,H03,H0313,H031307,H03130700,H0313070008,ST04,31,C008
6719123,P0140,S0023,2018-03-22,0.0,0.0,4.0,6.0,PR14,,PR03,,,,2.0,27.0,21.0,cluster_0,H03,H0313,H031307,H03130700,H0313070008,ST04,31,C008
6736524,P0140,S0023,2018-03-23,1.0,6.0,3.0,6.0,PR14,,PR03,,,,2.0,27.0,21.0,cluster_0,H03,H0313,H031307,H03130700,H0313070008,ST04,31,C008
6753897,P0140,S0023,2018-03-24,0.0,0.0,3.0,6.0,PR14,,PR03,,,,2.0,27.0,21.0,cluster_0,H03,H0313,H031307,H03130700,H0313070008,ST04,31,C008
6771292,P0140,S0023,2018-03-25,1.0,6.0,2.0,6.0,PR14,,PR03,,,,2.0,27.0,21.0,cluster_0,H03,H0313,H031307,H03130700,H0313070008,ST04,31,C008
6788660,P0140,S0023,2018-03-26,1.0,6.0,1.0,6.0,PR14,,PR03,,,,2.0,27.0,21.0,cluster_0,H03,H0313,H031307,H03130700,H0313070008,ST04,31,C008
6806015,P0140,S0023,2018-03-27,0.0,0.0,1.0,6.0,PR14,,PR03,,,,2.0,27.0,21.0,cluster_0,H03,H0313,H031307,H03130700,H0313070008,ST04,31,C008
6858099,P0140,S0023,2018-03-30,4.0,24.0,16.0,6.0,PR14,,PR03,,,,2.0,27.0,21.0,cluster_0,H03,H0313,H031307,H03130700,H0313070008,ST04,31,C008
6875704,P0140,S0023,2018-03-31,2.0,12.0,14.0,6.0,PR14,,PR03,,,,2.0,27.0,21.0,cluster_0,H03,H0313,H031307,H03130700,H0313070008,ST04,31,C008
6893419,P0140,S0023,2018-04-01,5.0,30.0,9.0,6.0,PR14,,PR03,,,,2.0,27.0,21.0,cluster_0,H03,H0313,H031307,H03130700,H0313070008,ST04,31,C008
6911115,P0140,S0023,2018-04-02,3.0,18.0,6.0,6.0,PR14,,PR03,,,,2.0,27.0,21.0,cluster_0,H03,H0313,H031307,H03130700,H0313070008,ST04,31,C008
6928804,P0140,S0023,2018-04-03,2.0,12.0,4.0,6.0,PR14,,PR03,,,,2.0,27.0,21.0,cluster_0,H03,H0313,H031307,H03130700,H0313070008,ST04,31,C008
6946457,P0140,S0023,2018-04-04,4.0,24.0,0.0,6.0,PR14,,PR03,,,,2.0,27.0,21.0,cluster_0,H03,H0313,H031307,H03130700,H0313070008,ST04,31,C008
6981953,P0140,S0023,2018-04-06,3.0,18.0,2.0,6.0,PR14,,PR03,,,,2.0,27.0,21.0,cluster_0,H03,H0313,H031307,H03130700,H0313070008,ST04,31,C008
6999810,P0140,S0023,2018-04-07,2.0,12.0,0.0,6.0,PR14,,PR03,,,,2.0,27.0,21.0,cluster_0,H03,H0313,H031307,H03130700,H0313070008,ST04,31,C008
7035672,P0140,S0023,2018-04-09,2.0,12.0,2.0,6.0,PR14,,PR03,,,,2.0,27.0,21.0,cluster_0,H03,H0313,H031307,H03130700,H0313070008,ST04,31,C008
7053534,P0140,S0023,2018-04-10,2.0,12.0,0.0,6.0,PR14,,PR03,,,,2.0,27.0,21.0,cluster_0,H03,H0313,H031307,H03130700,H0313070008,ST04,31,C008
7071389,P0140,S0023,2018-04-11,0.0,0.0,5.0,6.0,PR14,,PR03,,,,2.0,27.0,21.0,cluster_0,H03,H0313,H031307,H03130700,H0313070008,ST04,31,C008
7089296,P0140,S0023,2018-04-12,1.0,6.0,4.0,6.0,PR14,,PR03,,,,2.0,27.0,21.0,cluster_0,H03,H0313,H031307,H03130700,H0313070008,ST04,31,C008
7107267,P0140,S0023,2018-04-13,0.0,0.0,4.0,6.0,PR14,,PR03,,,,2.0,27.0,21.0,cluster_0,H03,H0313,H031307,H03130700,H0313070008,ST04,31,C008
7125290,P0140,S0023,2018-04-14,1.0,6.0,4.0,6.0,PR14,,PR03,,,,2.0,27.0,21.0,cluster_0,H03,H0313,H031307,H03130700,H0313070008,ST04,31,C008
7143361,P0140,S0023,2018-04-15,0.0,0.0,3.0,6.0,PR14,,PR03,,,,2.0,27.0,21.0,cluster_0,H03,H0313,H031307,H03130700,H0313070008,ST04,31,C008
7161389,P0140,S0023,2018-04-16,0.0,0.0,3.0,6.0,PR14,,PR03,,,,2.0,27.0,21.0,cluster_0,H03,H0313,H031307,H03130700,H0313070008,ST04,31,C008
7179390,P0140,S0023,2018-04-17,0.0,0.0,3.0,6.0,PR14,,PR03,,,,2.0,27.0,21.0,cluster_0,H03,H0313,H031307,H03130700,H0313070008,ST04,31,C008
7197406,P0140,S0023,2018-04-18,1.0,6.0,2.0,6.0,PR14,,PR03,,,,2.0,27.0,21.0,cluster_0,H03,H0313,H031307,H03130700,H0313070008,ST04,31,C008
7215428,P0140,S0023,2018-04-19,0.0,0.0,2.0,6.0,PR14,,PR03,,,,2.0,27.0,21.0,cluster_0,H03,H0313,H031307,H03130700,H0313070008,ST04,31,C008
7233473,P0140,S0023,2018-04-20,0.0,0.0,2.0,6.0,PR14,,PR03,,,,2.0,27.0,21.0,cluster_0,H03,H0313,H031307,H03130700,H0313070008,ST04,31,C008
7251469,P0140,S0023,2018-04-21,0.0,0.0,2.0,6.0,PR14,,PR03,,,,2.0,27.0,21.0,cluster_0,H03,H0313,H031307,H03130700,H0313070008,ST04,31,C008
7269492,P0140,S0023,2018-04-22,2.0,12.0,0.0,6.0,PR14,,PR03,,,,2.0,27.0,21.0,cluster_0,H03,H0313,H031307,H03130700,H0313070008,ST04,31,C008
7413316,P0140,S0023,2018-04-30,4.0,24.0,16.0,6.0,PR14,,PR03,,,,2.0,27.0,21.0,cluster_0,H03,H0313,H031307,H03130700,H0313070008,ST04,31,C008
7431287,P0140,S0023,2018-05-01,5.0,30.0,11.0,6.0,PR14,,PR03,,,,2.0,27.0,21.0,cluster_0,H03,H0313,H031307,H03130700,H0313070008,ST04,31,C008
7449367,P0140,S0023,2018-05-02,1.0,6.0,10.0,6.0,PR14,,PR03,,,,2.0,27.0,21.0,cluster_0,H03,H0313,H031307,H03130700,H0313070008,ST04,31,C008
7467737,P0140,S0023,2018-05-03,2.0,12.0,8.0,6.0,PR14,,PR03,,,,2.0,27.0,21.0,cluster_0,H03,H0313,H031307,H03130700,H0313070008,ST04,31,C008
7486143,P0140,S0023,2018-05-04,0.0,0.0,8.0,6.0,PR14,,PR03,,,,2.0,27.0,21.0,cluster_0,H03,H0313,H031307,H03130700,H0313070008,ST04,31,C008
7504586,P0140,S0023,2018-05-05,3.0,18.0,5.0,6.0,PR14,,PR03,,,,2.0,27.0,21.0,cluster_0,H03,H0313,H031307,H03130700,H0313070008,ST04,31,C008
7523096,P0140,S0023,2018-05-06,0.0,0.0,5.0,6.0,PR14,,PR03,,,,2.0,27.0,21.0,cluster_0,H03,H0313,H031307,H03130700,H0313070008,ST04,31,C008
7541571,P0140,S0023,2018-05-07,0.0,0.0,5.0,6.0,PR14,,PR03,,,,2.0,27.0,21.0,cluster_0,H03,H0313,H031307,H03130700,H0313070008,ST04,31,C008
7560037,P0140,S0023,2018-05-08,1.0,6.0,4.0,6.0,PR14,,PR03,,,,2.0,27.0,21.0,cluster_0,H03,H0313,H031307,H03130700,H0313070008,ST04,31,C008
7578492,P0140,S0023,2018-05-09,0.0,0.0,4.0,6.0,PR14,,PR03,,,,2.0,27.0,21.0,cluster_0,H03,H0313,H031307,H03130700,H0313070008,ST04,31,C008
7596993,P0140,S0023,2018-05-10,1.0,6.0,3.0,6.0,PR14,,PR03,,,,2.0,27.0,21.0,cluster_0,H03,H0313,H031307,H03130700,H0313070008,ST04,31,C008
7615554,P0140,S0023,2018-05-11,3.0,18.0,10.0,6.0,PR14,,PR03,,,,2.0,27.0,21.0,cluster_0,H03,H0313,H031307,H03130700,H0313070008,ST04,31,C008
7634216,P0140,S0023,2018-05-12,1.0,6.0,9.0,6.0,PR14,,PR03,,,,2.0,27.0,21.0,cluster_0,H03,H0313,H031307,H03130700,H0313070008,ST04,31,C008
7652968,P0140,S0023,2018-05-13,1.0,6.0,8.0,6.0,PR14,,PR03,,,,2.0,27.0,21.0,cluster_0,H03,H0313,H031307,H03130700,H0313070008,ST04,31,C008
7671686,P0140,S0023,2018-05-14,3.0,18.0,5.0,6.0,PR14,,PR03,,,,2.0,27.0,21.0,cluster_0,H03,H0313,H031307,H03130700,H0313070008,ST04,31,C008
7690388,P0140,S0023,2018-05-15,1.0,6.0,4.0,6.0,PR14,,PR03,,,,2.0,27.0,21.0,cluster_0,H03,H0313,H031307,H03130700,H0313070008,ST04,31,C008
7709092,P0140,S0023,2018-05-16,3.0,18.0,1.0,6.0,PR14,,PR03,,,,2.0,27.0,21.0,cluster_0,H03,H0313,H031307,H03130700,H0313070008,ST04,31,C008
7727837,P0140,S0023,2018-05-17,1.0,6.0,0.0,6.0,PR14,,PR03,,,,2.0,27.0,21.0,cluster_0,H03,H0313,H031307,H03130700,H0313070008,ST04,31,C008
7955690,P0140,S0023,2018-05-29,4.0,24.0,16.0,6.0,PR14,,PR03,,,,2.0,27.0,21.0,cluster_0,H03,H0313,H031307,H03130700,H0313070008,ST04,31,C008
7974926,P0140,S0023,2018-05-30,4.0,24.0,12.0,6.0,PR14,,PR03,,,,2.0,27.0,21.0,cluster_0,H03,H0313,H031307,H03130700,H0313070008,ST04,31,C008
7994113,P0140,S0023,2018-05-31,2.0,12.0,10.0,6.0,PR14,,PR03,,,,2.0,27.0,21.0,cluster_0,H03,H0313,H031307,H03130700,H0313070008,ST04,31,C008
8013254,P0140,S0023,2018-06-01,2.0,12.0,8.0,6.0,PR14,,PR03,,,,2.0,27.0,21.0,cluster_0,H03,H0313,H031307,H03130700,H0313070008,ST04,31,C008
