sale_10.csv
Unnamed: 0,product_id,store_id,date,sales,revenue,stock,price,promo_type_1,promo_bin_1,promo_type_2,promo_bin_2,promo_discount_2,promo_discount_type_2,product_length,product_depth,product_width,cluster_id,hierarchy1_id,hierarchy2_id,hierarchy3_id,hierarchy4_id,hierarchy5_id,storetype_id,store_size,city_id
8032421,P0140,S0023,2018-06-02,2.0,12.0,6.0,6.0,PR14,,PR03,,,,2.0,27.0,21.0,cluster_0,H03,H0313,H031307,H03130700,H0313070008,ST04,31,C008
8051755,P0140,S0023,2018-06-03,2.0,12.0,4.0,6.0,PR14,,PR03,,,,2.0,27.0,21.0,cluster_0,H03,H0313,H031307,H03130700,H0313070008,ST04,31,C008
8071058,P0140,S0023,2018-06-04,2.0,12.0,2.0,6.0,PR14,,PR03,,,,2.0,27.0,21.0,cluster_0,H03,H0313,H031307,H03130700,H0313070008,ST04,31,C008
8090389,P0140,S0023,2018-06-05,0.0,0.0,2.0,6.0,PR14,,PR03,,,,2.0,27.0,21.0,cluster_0,H03,H0313,H031307,H03130700,H0313070008,ST04,31,C008
8109759,P0140,S0023,2018-06-06,0.0,0.0,6.0,6.0,PR14,,PR03,,,,2.0,27.0,21.0,cluster_0,H03,H0313,H031307,H03130700,H0313070008,ST04,31,C008
8129166,P0140,S0023,2018-06-07,1.0,6.0,5.0,6.0,PR14,,PR03,,,,2.0,27.0,21.0,cluster_0,H03,H0313,H031307,H03130700,H0313070008,ST04,31,C008
8148626,P0140,S0023,2018-06-08,0.0,0.0,5.0,6.0,PR14,,PR03,,,,2.0,27.0,21.0,cluster_0,H03,H0313,H031307,H03130700,H0313070008,ST04,31,C008
8168097,P0140,S0023,2018-06-09,0.0,0.0,5.0,6.0,PR14,,PR03,,,,2.0,27.0,21.0,cluster_0,H03,H0313,H031307,H03130700,H0313070008,ST04,31,C008
8187626,P0140,S0023,2018-06-10,2.0,12.0,3.0,6.0,PR14,,PR03,,,,2.0,27.0,21.0,cluster_0,H03,H0313,H031307,H03130700,H0313070008,ST04,31,C008
8207104,P0140,S0023,2018-06-11,3.0,18.0,0.0,6.0,PR14,,PR03,,,,2.0,27.0,21.0,cluster_0,H03,H0313,H031307,H03130700,H0313070008,ST04,31,C008
8246044,P0140,S0023,2018-06-13,2.0,12.0,3.0,6.0,PR14,,PR03,,,,2.0,27.0,21.0,cluster_0,H03,H0313,H031307,H03130700,H0313070008,ST04,31,C008
8265514,P0140,S0023,2018-06-14,0.0,0.0,8.0,6.0,PR14,,PR03,,,,2.0,27.0,21.0,cluster_0,H03,H0313,H031307,H03130700,H0313070008,ST04,31,C008
8285002,P0140,S0023,2018-06-15,0.0,0.0,8.0,6.0,PR14,,PR03,,,,2.0,27.0,21.0,cluster_0,H03,H0313,H031307,H03130700,H0313070008,ST04,31,C008
8304438,P0140,S0023,2018-06-16,1.0,6.0,7.0,6.0,PR14,,PR03,,,,2.0,27.0,21.0,cluster_0,H03,H0313,H031307,H03130700,H0313070008,ST04,31,C008
8324006,P0140,S0023,2018-06-17,1.0,6.0,6.0,6.0,PR14,,PR03,,,,2.0,27.0,21.0,cluster_0,H03,H0313,H031307,H03130700,H0313070008,ST04,31,C008
8343553,P0140,S0023,2018-06-18,0.0,0.0,6.0,6.0,PR14,,PR03,,,,2.0,27.0,21.0,cluster_0,H03,H0313,H031307,H03130700,H0313070008,ST04,31,C008
8363077,P0140,S0023,2018-06-19,0.0,0.0,6.0,6.0,PR14,,PR03,,,,2.0,27.0,21.0,cluster_0,H03,H0313,H031307,H03130700,H0313070008,ST04,31,C008
8382656,P0140,S0023,2018-06-20,3.0,18.0,3.0,6.0,PR14,,PR03,,,,2.0,27.0,21.0,cluster_0,H03,H0313,H031307,H03130700,H0313070008,ST04,31,C008
8402283,P0140,S0023,2018-06-21,1.0,6.0,2.0,6.0,PR14,,PR03,,,,2.0,27.0,21.0,cluster_0,H03,H0313,H031307,H03130700,H0313070008,ST04,31,C008
8421972,P0140,S0023,2018-06-22,1.0,6.0,1.0,6.0,PR14,,PR03,,,,2.0,27.0,21.0,cluster_0,H03,H0313,H031307,H03130700,H0313070008,ST04,31,C008
8441696,P0140,S0023,2018-06-23,0.0,0.0,1.0,6.0,PR14,,PR03,,,,2.0,27.0,21.0,cluster_0,H03,H0313,H031307,H03130700,H0313070008,ST04,31,C008
8461479,P0140,S0023,2018-06-24,1.0,6.0,0.0,6.0,PR14,,PR03,,,,2.0,27.0,21.0,cluster_0,H03,H0313,H031307,H03130700,H0313070008,ST04,31,C008
8579795,P0140,S0023,2018-06-30,2.0,12.0,18.0,6.0,PR14,,PR03,,,,2.0,27.0,21.0,cluster_0,H03,H0313,H031307,H03130700,H0313070008,ST04,31,C008
8599554,P0140,S0023,2018-07-01,0.0,0.0,18.0,6.0,PR14,,PR03,,,,2.0,27.0,21.0,cluster_0,H03,H0313,H031307,H03130700,H0313070008,ST04,31,C008
8619296,P0140,S0023,2018-07-02,3.0,18.0,15.0,6.0,PR14,,PR03,,,,2.0,27.0,21.0,cluster_0,H03,H0313,H031307,H03130700,H0313070008,ST04,31,C008
8639055,P0140,S0023,2018-07-03,1.0,6.0,14.0,6.0,PR14,,PR03,,,,2.0,27.0,21.0,cluster_0,H03,H0313,H031307,H03130700,H0313070008,ST04,31,C008
8658836,P0140,S0023,2018-07-04,1.0,6.0,13.0,6.0,PR14,,PR03,,,,2.0,27.0,21.0,cluster_0,H03,H0313,H031307,H03130700,H0313070008,ST04,31,C008
8678633,P0140,S0023,2018-07-05,1.0,6.0,12.0,6.0,PR14,,PR03,,,,2.0,27.0,21.0,cluster_0,H03,H0313,H031307,H03130700,H0313070008,ST04,31,C008
8698419,P0140,S0023,2018-07-06,0.0,0.0,12.0,6.0,PR14,,PR03,,,,2.0,27.0,21.0,cluster_0,H03,H0313,H031307,H03130700,H0313070008,ST04,31,C008
8718244,P0140,S0023,2018-07-07,0.0,0.0,12.0,6.0,PR14,,PR03,,,,2.0,27.0,21.0,cluster_0,H03,H0313,H031307,H03130700,H0313070008,ST04,31,C008
8738106,P0140,S0023,2018-07-08,2.0,12.0,10.0,6.0,PR14,,PR03,,,,2.0,27.0,21.0,cluster_0,H03,H0313,H031307,H03130700,H0313070008,ST04,31,C008
8757916,P0140,S0023,2018-07-09,0.0,0.0,10.0,6.0,PR14,,PR03,,,,2.0,27.0,21.0,cluster_0,H03,H0313,H031307,H03130700,H0313070008,ST04,31,C008
8777707,P0140,S0023,2018-07-10,0.0,0.0,10.0,6.0,PR14,,PR03,,,,2.0,27.0,21.0,cluster_0,H03,H0313,H031307,H03130700,H0313070008,ST04,31,C008
8797530,P0140,S0023,2018-07-11,0.0,0.0,10.0,6.0,PR14,,PR03,,,,2.0,27.0,21.0,cluster_0,H03,H0313,H031307,H03130700,H0313070008,ST04,31,C008
8817373,P0140,S0023,2018-07-12,0.0,0.0,10.0,6.0,PR14,,PR03,,,,2.0,27.0,21.0,cluster_0,H03,H0313,H031307,H03130700,H0313070008,ST04,31,C008
8837268,P0140,S0023,2018-07-13,0.0,0.0,10.0,6.0,PR14,,PR03,,,,2.0,27.0,21.0,cluster_0,H03,H0313,H031307,H03130700,H0313070008,ST04,31,C008
8857207,P0140,S0023,2018-07-14,1.0,6.0,9.0,6.0,PR14,,PR03,,,,2.0,27.0,21.0,cluster_0,H03,H0313,H031307,H03130700,H0313070008,ST04,31,C008
8877162,P0140,S0023,2018-07-15,0.0,0.0,9.0,6.0,PR14,,PR03,,,,2.0,27.0,21.0,cluster_0,H03,H0313,H031307,H03130700,H0313070008,ST04,31,C008
8897087,P0140,S0023,2018-07-16,0.0,0.0,9.0,6.0,PR14,,PR03,,,,2.0,27.0,21.0,cluster_0,H03,H0313,H031307,H03130700,H0313070008,ST04,31,C008
8917038,P0140,S0023,2018-07-17,2.0,12.0,7.0,6.0,PR14,,PR03,,,,2.0,27.0,21.0,cluster_0,H03,H0313,H031307,H03130700,H0313070008,ST04,31,C008
8936989,P0140,S0023,2018-07-18,1.0,6.0,6.0,6.0,PR14,,PR03,,,,2.0,27.0,21.0,cluster_0,H03,H0313,H031307,H03130700,H0313070008,ST04,31,C008
8956961,P0140,S0023,2018-07-19,0.0,0.0,6.0,6.0,PR14,,PR03,,,,2.0,27.0,21.0,cluster_0,H03,H0313,H031307,H03130700,H0313070008,ST04,31,C008
8976926,P0140,S0023,2018-07-20,1.0,6.0,5.0,6.0,PR14,,PR03,,,,2.0,27.0,21.0,cluster_0,H03,H0313,H031307,H03130700,H0313070008,ST04,31,C008
8996887,P0140,S0023,2018-07-21,0.0,0.0,5.0,6.0,PR14,,PR03,,,,2.0,27.0,21.0,cluster_0,H03,H0313,H031307,H03130700,H0313070008,ST04,31,C008
9016880,P0140,S0023,2018-07-22,0.0,0.0,5.0,6.0,PR14,,PR03,,,,2.0,27.0,21.0,cluster_0,H03,H0313,H031307,H03130700,H0313070008,ST04,31,C008
9036812,P0140,S0023,2018-07-23,0.0,0.0,5.0,6.0,PR14,,PR03,,,,2.0,27.0,21.0,cluster_0,H03,H0313,H031307,H03130700,H0313070008,ST04,31,C008
9056698,P0140,S0023,2018-07-24,1.0,6.0,4.0,6.0,PR14,,PR03,,,,2.0,27.0,21.0,cluster_0,H03,H0313,H031307,H03130700,H0313070008,ST04,31,C008
9076576,P0140,S0023,2018-07-25,1.0,6.0,4.0,6.0,PR14,,PR03,,,,2.0,27.0,21.0,cluster_0,H03,H0313,H031307,H03130700,H0313070008,ST04,31,C008
9096441,P0140,S0023,2018-07-26,0.0,0.0,3.0,6.0,PR14,,PR03,,,,2.0,27.0,21.0,cluster_0,H03,H0313,H031307,H03130700,H0313070008,ST04,31,C008
9116259,P0140,S0023,2018-07-27,0.0,0.0,3.0,6.0,PR14,,PR03,,,,2.0,27.0,21.0,cluster_0,H03,H0313,H031307,H03130700,H0313070008,ST04,31,C008
9136032,P0140,S0023,2018-07-28,0.0,0.0,3.0,6.0,PR14,,PR03,,,,2.0,27.0,21.0,cluster_0,H03,H0313,H031307,H03130700,H0313070008,ST04,31,C008
9155808,P0140,S0023,2018-07-29,1.0,6.0,2.0,6.0,PR14,,PR03,,,,2.0,27.0,21.0,cluster_0,H03,H0313,H031307,H03130700,H0313070008,ST04,31,C008
9175574,P0140,S0023,2018-07-30,2.0,12.0,0.0,6.0,PR14,,PR03,,,,2.0,27.0,21.0,cluster_0,H03,H0313,H031307,H03130700,H0313070008,ST04,31,C008
9195256,P0140,S0023,2018-07-31,2.0,12.0,18.0,6.0,PR14,,PR03,,,,2.0,27.0,21.0,cluster_0,H03,H0313,H031307,H03130700,H0313070008,ST04,31,C008
9214950,P0140,S0023,2018-08-01,1.0,6.0,17.0,6.0,PR14,,PR03,,,,2.0,27.0,21.0,cluster_0,H03,H0313,H031307,H03130700,H0313070008,ST04,31,C008
9234721,P0140,S0023,2018-08-02,2.0,12.0,15.0,6.0,PR14,,PR03,,,,2.0,27.0,21.0,cluster_0,H03,H0313,H031307,H03130700,H0313070008,ST04,31,C008
9254464,P0140,S0023,2018-08-03,3.0,18.0,12.0,6.0,PR14,,PR03,,,,2.0,27.0,21.0,cluster_0,H03,H0313,H031307,H03130700,H0313070008,ST04,31,C008
9274215,P0140,S0023,2018-08-04,2.0,12.0,10.0,6.0,PR14,,PR03,,,,2.0,27.0,21.0,cluster_0,H03,H0313,H031307,H03130700,H0313070008,ST04,31,C008
9294004,P0140,S0023,2018-08-05,3.0,18.0,7.0,6.0,PR14,,PR03,,,,2.0,27.0,21.0,cluster_0,H03,H0313,H031307,H03130700,H0313070008,ST04,31,C008
9313725,P0140,S0023,2018-08-06,1.0,6.0,6.0,6.0,PR14,,PR03,,,,2.0,27.0,21.0,cluster_0,H03,H0313,H031307,H03130700,H0313070008,ST04,31,C008
9333386,P0140,S0023,2018-08-07,1.0,6.0,5.0,6.0,PR14,,PR03,,,,2.0,27.0,21.0,cluster_0,H03,H0313,H031307,H03130700,H0313070008,ST04,31,C008
9353022,P0140,S0023,2018-08-08,2.0,12.0,8.0,6.0,PR14,,PR03,,,,2.0,27.0,21.0,cluster_0,H03,H0313,H031307,H03130700,H0313070008,ST04,31,C008
9372631,P0140,S0023,2018-08-09,1.0,6.0,7.0,6.0,PR14,,PR03,,,,2.0,27.0,21.0,cluster_0,H03,H0313,H031307,H03130700,H0313070008,ST04,31,C008
9392248,P0140,S0023,2018-08-10,1.0,6.0,6.0,6.0,PR14,,PR03,,,,2.0,27.0,21.0,cluster_0,H03,H0313,H031307,H03130700,H0313070008,ST04,31,C008
9411862,P0140,S0023,2018-08-11,0.0,0.0,11.0,6.0,PR14,,PR03,,,,2.0,27.0,21.0,cluster_0,H03,H0313,H031307,H03130700,H0313070008,ST04,31,C008
9431513,P0140,S0023,2018-08-12,1.0,6.0,10.0,6.0,PR14,,PR03,,,,2.0,27.0,21.0,cluster_0,H03,H0313,H031307,H03130700,H0313070008,ST04,31,C008
9451089,P0140,S0023,2018-08-13,1.0,6.0,9.0,6.0,PR14,,PR03,,,,2.0,27.0,21.0,cluster_0,H03,H0313,H031307,H03130700,H0313070008,ST04,31,C008
9470599,P0140,S0023,2018-08-14,0.0,0.0,9.0,6.0,PR14,,PR03,,,,2.0,27.0,21.0,cluster_0,H03,H0313,H031307,H03130700,H0313070008,ST04,31,C008
9490089,P0140,S0023,2018-08-15,0.0,0.0,9.0,6.0,PR14,,PR03,,,,2.0,27.0,21.0,cluster_0,H03,H0313,H031307,H03130700,H0313070008,ST04,31,C008
9509633,P0140,S0023,2018-08-16,2.0,12.0,7.0,6.0,PR14,,PR03,,,,2.0,27.0,21.0,cluster_0,H03,H0313,H031307,H03130700,H0313070008,ST04,31,C008
9529190,P0140,S0023,2018-08-17,0.0,0.0,7.0,6.0,PR14,,PR03,,,,2.0,27.0,21.0,cluster_0,H03,H0313,H031307,H03130700,H0313070008,ST04,31,C008
9548740,P0140,S0023,2018-08-18,0.0,0.0,7.0,6.0,PR14,,PR03,,,,2.0,27.0,21.0,cluster_0,H03,H0313,H031307,H03130700,H0313070008,ST04,31,C008
9568308,P0140,S0023,2018-08-19,0.0,0.0,7.0,6.0,PR14,,PR03,,,,2.0,27.0,21.0,cluster_0,H03,H0313,H031307,H03130700,H0313070008,ST04,31,C008
9587832,P0140,S0023,2018-08-20,0.0,0.0,7.0,6.0,PR14,,PR03,,,,2.0,27.0,21.0,cluster_0,H03,H0313,H031307,H03130700,H0313070008,ST04,31,C008
9607317,P0140,S0023,2018-08-21,0.0,0.0,7.0,6.0,PR14,,PR03,,,,2.0,27.0,21.0,cluster_0,H03,H0313,H031307,H03130700,H0313070008,ST04,31,C008
9626699,P0140,S0023,2018-08-22,0.0,0.0,7.0,6.0,PR14,,PR03,,,,2.0,27.0,21.0,cluster_0,H03,H0313,H031307,H03130700,H0313070008,ST04,31,C008
9646072,P0140,S0023,2018-08-23,0.0,0.0,7.0,6.0,PR14,,PR03,,,,2.0,27.0,21.0,cluster_0,H03,H0313,H031307,H03130700,H0313070008,ST04,31,C008
9665425,P0140,S0023,2018-08-24,0.0,0.0,7.0,6.0,PR14,,PR03,,,,2.0,27.0,21.0,cluster_0,H03,H0313,H031307,H03130700,H0313070008,ST04,31,C008
9684743,P0140,S0023,2018-08-25,0.0,0.0,7.0,6.0,PR14,,PR03,,,,2.0,27.0,21.0,cluster_0,H03,H0313,H031307,H03130700,H0313070008,ST04,31,C008
9704050,P0140,S0023,2018-08-26,0.0,0.0,7.0,6.0,PR14,,PR03,,,,2.0,27.0,21.0,cluster_0,H03,H0313,H031307,H03130700,H0313070008,ST04,31,C008
9723288,P0140,S0023,2018-08-27,0.0,0.0,7.0,6.0,PR14,,PR03,,,,2.0,27.0,21.0,cluster_0,H03,H0313,H031307,H03130700,H0313070008,ST04,31,C008
9780488,P0140,S0023,2018-08-30,3.0,22.5,17.0,7.5,PR14,,PR03,,,,2.0,27.0,21.0,cluster_0,H03,H0313,H031307,H03130700,H0313070008,ST04,31,C008
9799623,P0140,S0023,2018-08-31,1.0,7.5,16.0,7.5,PR14,,PR03,,,,2.0,27.0,21.0,cluster_0,H03,H0313,H031307,H03130700,H0313070008,ST04,31,C008
9818775,P0140,S0023,2018-09-01,0.0,0.0,16.0,7.5,PR14,,PR03,,,,2.0,27.0,21.0,cluster_0,H03,H0313,H031307,H03130700,H0313070008,ST04,31,C008
9837960,P0140,S0023,2018-09-02,1.0,7.5,15.0,7.5,PR14,,PR03,,,,2.0,27.0,21.0,cluster_0,H03,H0313,H031307,H03130700,H0313070008,ST04,31,C008
9857163,P0140,S0023,2018-09-03,1.0,7.5,14.0,7.5,PR14,,PR03,,,,2.0,27.0,21.0,cluster_0,H03,H0313,H031307,H03130700,H0313070008,ST04,31,C008
9876401,P0140,S0023,2018-09-04,0.0,0.0,14.0,7.5,PR14,,PR03,,,,2.0,27.0,21.0,cluster_0,H03,H0313,H031307,H03130700,H0313070008,ST04,31,C008
9895719,P0140,S0023,2018-09-05,1.0,7.5,13.0,7.5,PR14,,PR03,,,,2.0,27.0,21.0,cluster_0,H03,H0313,H031307,H03130700,H0313070008,ST04,31,C008
9915068,P0140,S0023,2018-09-06,1.0,7.5,12.0,7.5,PR14,,PR03,,,,2.0,27.0,21.0,cluster_0,H03,H0313,H031307,H03130700,H0313070008,ST04,31,C008
9934459,P0140,S0023,2018-09-07,0.0,0.0,12.0,7.5,PR14,,PR03,,,,2.0,27.0,21.0,cluster_0,H03,H0313,H031307,H03130700,H0313070008,ST04,31,C008
9953908,P0140,S0023,2018-09-08,0.0,0.0,12.0,7.5,PR14,,PR03,,,,2.0,27.0,21.0,cluster_0,H03,H0313,H031307,H03130700,H0313070008,ST04,31,C008
9973494,P0140,S0023,2018-09-09,0.0,0.0,12.0,7.5,PR14,,PR03,,,,2.0,27.0,21.0,cluster_0,H03,H0313,H031307,H03130700,H0313070008,ST04,31,C008
9993006,P0140,S0023,2018-09-10,1.0,7.5,11.0,7.5,PR14,,PR03,,,,2.0,27.0,21.0,cluster_0,H03,H0313,H031307,H03130700,H0313070008,ST04,31,C008
10012530,P0140,S0023,2018-09-11,0.0,0.0,11.0,7.5,PR14,,PR03,,,,2.0,27.0,21.0,cluster_0,H03,H0313,H031307,H03130700,H0313070008,ST04,31,C008
10032098,P0140,S0023,2018-09-12,2.0,15.0,9.0,7.5,PR14,,PR03,,,,2.0,27.0,21.0,cluster_0,H03,H0313,H031307,H03130700,H0313070008,ST04,31,C008
10051740,P0140,S0023,2018-09-13,2.0,15.0,7.0,7.5,PR14,,PR03,,,,2.0,27.0,21.0,cluster_0,H03,H0313,H031307,H03130700,H0313070008,ST04,31,C008
10071363,P0140,S0023,2018-09-14,2.0,15.0,5.0,7.5,PR14,,PR03,,,,2.0,27.0,21.0,cluster_0,H03,H0313,H031307,H03130700,H0313070008,ST04,31,C008
10091027,P0140,S0023,2018-09-15,0.0,0.0,5.0,7.5,PR14,,PR03,,,,2.0,27.0,21.0,cluster_0,H03,H0313,H031307,H03130700,H0313070008,ST04,31,C008
10110787,P0140,S0023,2018-09-16,0.0,0.0,5.0,7.5,PR14,,PR03,,,,2.0,27.0,21.0,cluster_0,H03,H0313,H031307,H03130700,H0313070008,ST04,31,C008
10130441,P0140,S0023,2018-09-17,0.0,0.0,5.0,7.5,PR14,,PR03,,,,2.0,27.0,21.0,cluster_0,H03,H0313,H031307,H03130700,H0313070008,ST04,31,C008
10149933,P0140,S0023,2018-09-18,1.0,7.5,4.0,7.5,PR14,,PR03,,,,2.0,27.0,21.0,cluster_0,H03,H0313,H031307,H03130700,H0313070008,ST04,31,C008
10169448,P0140,S0023,2018-09-19,0.0,0.0,4.0,7.5,PR14,,PR03,,,,2.0,27.0,21.0,cluster_0,H03,H0313,H031307,H03130700,H0313070008,ST04,31,C008
10188939,P0140,S0023,2018-09-20,0.0,0.0,4.0,7.5,PR14,,PR03,,,,2.0,27.0,21.0,cluster_0,H03,H0313,H031307,H03130700,H0313070008,ST04,31,C008
10208485,P0140,S0023,2018-09-21,0.0,0.0,4.0,7.5,PR14,,PR03,,,,2.0,27.0,21.0,cluster_0,H03,H0313,H031307,H03130700,H0313070008,ST04,31,C008
10228077,P0140,S0023,2018-09-22,0.0,0.0,4.0,7.5,PR14,,PR03,,,,2.0,27.0,21.0,cluster_0,H03,H0313,H031307,H03130700,H0313070008,ST04,31,C008
10247670,P0140,S0023,2018-09-23,0.0,0.0,4.0,7.5,PR14,,PR03,,,,2.0,27.0,21.0,cluster_0,H03,H0313,H031307,H03130700,H0313070008,ST04,31,C008
10267178,P0140,S0023,2018-09-24,0.0,0.0,4.0,7.5,PR14,,PR03,,,,2.0,27.0,21.0,cluster_0,H03,H0313,H031307,H03130700,H0313070008,ST04,31,C008
10286570,P0140,S0023,2018-09-25,0.0,0.0,4.0,7.5,PR14,,PR03,,,,2.0,27.0,21.0,cluster_0,H03,H0313,H031307,H03130700,H0313070008,ST04,31,C008
10363937,P0140,S0023,2018-09-29,1.0,7.5,19.0,7.5,PR14,,PR03,,,,2.0,27.0,21.0,cluster_0,H03,H0313,H031307,H03130700,H0313070008,ST04,31,C008
10383356,P0140,S0023,2018-09-30,4.0,30.0,15.0,7.5,PR14,,PR03,,,,2.0,27.0,21.0,cluster_0,H03,H0313,H031307,H03130700,H0313070008,ST04,31,C008
10402713,P0140,S0023,2018-10-01,1.0,7.5,14.0,7.5,PR14,,PR03,,,,2.0,27.0,21.0,cluster_0,H03,H0313,H031307,H03130700,H0313070008,ST04,31,C008
10421945,P0140,S0023,2018-10-02,0.0,0.0,14.0,7.5,PR14,,PR03,,,,2.0,27.0,21.0,cluster_0,H03,H0313,H031307,H03130700,H0313070008,ST04,31,C008
10441342,P0140,S0023,2018-10-03,2.0,15.0,12.0,7.5,PR14,,PR03,,,,2.0,27.0,21.0,cluster_0,H03,H0313,H031307,H03130700,H0313070008,ST04,31,C008
10460717,P0140,S0023,2018-10-04,1.0,7.5,11.0,7.5,PR14,,PR03,,,,2.0,27.0,21.0,cluster_0,H03,H0313,H031307,H03130700,H0313070008,ST04,31,C008
10480149,P0140,S0023,2018-10-05,0.0,0.0,11.0,7.5,PR14,,PR03,,,,2.0,27.0,21.0,cluster_0,H03,H0313,H031307,H03130700,H0313070008,ST04,31,C008
10499641,P0140,S0023,2018-10-06,0.0,0.0,11.0,7.5,PR14,,PR03,,,,2.0,27.0,21.0,cluster_0,H03,H0313,H031307,H03130700,H0313070008,ST04,31,C008
10519135,P0140,S0023,2018-10-07,1.0,7.5,10.0,7.5,PR14,,PR03,,,,2.0,27.0,21.0,cluster_0,H03,H0313,H031307,H03130700,H0313070008,ST04,31,C008
10538551,P0140,S0023,2018-10-08,0.0,0.0,10.0,7.5,PR14,,PR03,,,,2.0,27.0,21.0,cluster_0,H03,H0313,H031307,H03130700,H0313070008,ST04,31,C008
10557934,P0140,S0023,2018-10-09,0.0,0.0,10.0,7.5,PR14,,PR03,,,,2.0,27.0,21.0,cluster_0,H03,H0313,H031307,H03130700,H0313070008,ST04,31,C008
10577335,P0140,S0023,2018-10-10,0.0,0.0,10.0,7.5,PR14,,PR03,,,,2.0,27.0,21.0,cluster_0,H03,H0313,H031307,H03130700,H0313070008,ST04,31,C008
10596787,P0140,S0023,2018-10-11,0.0,0.0,10.0,7.5,PR14,,PR03,,,,2.0,27.0,21.0,cluster_0,H03,H0313,H031307,H03130700,H0313070008,ST04,31,C008
10616235,P0140,S0023,2018-10-12,0.0,0.0,10.0,7.5,PR14,,PR03,,,,2.0,27.0,21.0,cluster_0,H03,H0313,H031307,H03130700,H0313070008,ST04,31,C008
10635694,P0140,S0023,2018-10-13,1.0,7.5,9.0,7.5,PR14,,PR03,,,,2.0,27.0,21.0,cluster_0,H03,H0313,H031307,H03130700,H0313070008,ST04,31,C008
10655177,P0140,S0023,2018-10-14,0.0,0.0,9.0,7.5,PR14,,PR03,,,,2.0,27.0,21.0,cluster_0,H03,H0313,H031307,H03130700,H0313070008,ST04,31,C008
10674539,P0140,S0023,2018-10-15,0.0,0.0,9.0,7.5,PR14,,PR03,,,,2.0,27.0,21.0,cluster_0,H03,H0313,H031307,H03130700,H0313070008,ST04,31,C008
10693818,P0140,S0023,2018-10-16,0.0,0.0,9.0,7.5,PR14,,PR03,,,,2.0,27.0,21.0,cluster_0,H03,H0313,H031307,H03130700,H0313070008,ST04,31,C008
10713009,P0140,S0023,2018-10-17,0.0,0.0,9.0,7.5,PR14,,PR03,,,,2.0,27.0,21.0,cluster_0,H03,H0313,H031307,H03130700,H0313070008,ST04,31,C008
