sale_10.csv
Unnamed: 0,product_id,store_id,date,sales,revenue,stock,price,promo_type_1,promo_bin_1,promo_type_2,promo_bin_2,promo_discount_2,promo_discount_type_2,product_length,product_depth,product_width,cluster_id,hierarchy1_id,hierarchy2_id,hierarchy3_id,hierarchy4_id,hierarchy5_id,storetype_id,store_size,city_id
10732158,P0140,S0023,2018-10-18,0.0,0.0,9.0,7.5,PR14,,PR03,,,,2.0,27.0,21.0,cluster_0,H03,H0313,H031307,H03130700,H0313070008,ST04,31,C008
10751294,P0140,S0023,2018-10-19,0.0,0.0,9.0,7.5,PR14,,PR03,,,,2.0,27.0,21.0,cluster_0,H03,H0313,H031307,H03130700,H0313070008,ST04,31,C008
10770413,P0140,S0023,2018-10-20,0.0,0.0,9.0,7.5,PR14,,PR03,,,,2.0,27.0,21.0,cluster_0,H03,H0313,H031307,H03130700,H0313070008,ST04,31,C008
10789553,P0140,S0023,2018-10-21,0.0,0.0,9.0,7.5,PR14,,PR03,,,,2.0,27.0,21.0,cluster_0,H03,H0313,H031307,H03130700,H0313070008,ST04,31,C008
10941981,P0140,S0023,2018-10-29,1.0,7.5,8.0,7.5,PR14,,PR03,,,,2.0,27.0,21.0,cluster_0,H03,H0313,H031307,H03130700,H0313070008,ST04,31,C008
10960986,P0140,S0023,2018-10-30,0.0,0.0,20.0,7.5,PR14,,PR03,,,,2.0,27.0,21.0,cluster_0,H03,H0313,H031307,H03130700,H0313070008,ST04,31,C008
10980006,P0140,S0023,2018-10-31,2.0,15.0,18.0,7.5,PR14,,PR03,,,,2.0,27.0,21.0,cluster_0,H03,H0313,H031307,H03130700,H0313070008,ST04,31,C008
10998925,P0140,S0023,2018-11-01,3.0,22.5,15.0,7.5,PR14,,PR03,,,,2.0,27.0,21.0,cluster_0,H03,H0313,H031307,H03130700,H0313070008,ST04,31,C008
11017692,P0140,S0023,2018-11-02,1.0,7.5,14.0,7.5,PR14,,PR03,,,,2.0,27.0,21.0,cluster_0,H03,H0313,H031307,H03130700,H0313070008,ST04,31,C008
11036484,P0140,S0023,2018-11-03,3.0,22.5,11.0,7.5,PR14,,PR03,,,,2.0,27.0,21.0,cluster_0,H03,H0313,H031307,H03130700,H0313070008,ST04,31,C008
11055354,P0140,S0023,2018-11-04,0.0,0.0,11.0,7.5,PR14,,PR03,,,,2.0,27.0,21.0,cluster_0,H03,H0313,H031307,H03130700,H0313070008,ST04,31,C008
11074176,P0140,S0023,2018-11-05,3.0,22.5,8.0,7.5,PR14,,PR03,,,,2.0,27.0,21.0,cluster_0,H03,H0313,H031307,H03130700,H0313070008,ST04,31,C008
11092989,P0140,S0023,2018-11-06,3.0,22.5,5.0,7.5,PR14,,PR03,,,,2.0,27.0,21.0,cluster_0,H03,H0313,H031307,H03130700,H0313070008,ST04,31,C008
11111806,P0140,S0023,2018-11-07,1.0,7.5,4.0,7.5,PR14,,PR03,,,,2.0,27.0,21.0,cluster_0,H03,H0313,H031307,H03130700,H0313070008,ST04,31,C008
11130670,P0140,S0023,2018-11-08,1.0,7.5,3.0,7.5,PR14,,PR03,,,,2.0,27.0,21.0,cluster_0,H03,H0313,H031307,H03130700,H0313070008,ST04,31,C008
11149583,P0140,S0023,2018-11-09,0.0,0.0,3.0,7.5,PR14,,PR03,,,,2.0,27.0,21.0,cluster_0,H03,H0313,H031307,H03130700,H0313070008,ST04,31,C008
11168540,P0140,S0023,2018-11-10,0.0,0.0,6.0,7.5,PR14,,PR03,,,,2.0,27.0,21.0,cluster_0,H03,H0313,H031307,H03130700,H0313070008,ST04,31,C008
11187542,P0140,S0023,2018-11-11,1.0,7.5,5.0,7.5,PR14,,PR03,,,,2.0,27.0,21.0,cluster_0,H03,H0313,H031307,H03130700,H0313070008,ST04,31,C008
11206537,P0140,S0023,2018-11-12,1.0,7.5,4.0,7.5,PR14,,PR03,,,,2.0,27.0,21.0,cluster_0,H03,H0313,H031307,H03130700,H0313070008,ST04,31,C008
11225525,P0140,S0023,2018-11-13,0.0,0.0,3.0,7.5,PR14,,PR03,,,,2.0,27.0,21.0,cluster_0,H03,H0313,H031307,H03130700,H0313070008,ST04,31,C008
11244561,P0140,S0023,2018-11-14,1.0,7.5,2.0,7.5,PR14,,PR03,,,,2.0,27.0,21.0,cluster_0,H03,H0313,H031307,H03130700,H0313070008,ST04,31,C008
11263697,P0140,S0023,2018-11-15,0.0,0.0,2.0,7.5,PR14,,PR03,,,,2.0,27.0,21.0,cluster_0,H03,H0313,H031307,H03130700,H0313070008,ST04,31,C008
11282871,P0140,S0023,2018-11-16,0.0,0.0,2.0,7.5,PR14,,PR03,,,,2.0,27.0,21.0,cluster_0,H03,H0313,H031307,H03130700,H0313070008,ST04,31,C008
11302076,P0140,S0023,2018-11-17,0.0,0.0,2.0,7.5,PR14,,PR03,,,,2.0,27.0,21.0,cluster_0,H03,H0313,H031307,H03130700,H0313070008,ST04,31,C008
11321336,P0140,S0023,2018-11-18,0.0,0.0,2.0,7.5,PR14,,PR03,,,,2.0,27.0,21.0,cluster_0,H03,H0313,H031307,H03130700,H0313070008,ST04,31,C008
11340559,P0140,S0023,2018-11-19,1.0,7.5,1.0,7.5,PR14,,PR03,,,,2.0,27.0,21.0,cluster_0,H03,H0313,H031307,H03130700,H0313070008,ST04,31,C008
11359735,P0140,S0023,2018-11-20,0.0,0.0,1.0,7.5,PR14,,PR03,,,,2.0,27.0,21.0,cluster_0,H03,H0313,H031307,H03130700,H0313070008,ST04,31,C008
11378910,P0140,S0023,2018-11-21,1.0,7.5,0.0,7.5,PR14,,PR03,,,,2.0,27.0,21.0,cluster_0,H03,H0313,H031307,H03130700,H0313070008,ST04,31,C008
11455890,P0140,S0023,2018-11-25,1.0,7.5,0.0,7.5,PR14,,PR03,,,,2.0,27.0,21.0,cluster_0,H03,H0313,H031307,H03130700,H0313070008,ST04,31,C008
11570024,P0140,S0023,2018-12-01,1.0,7.5,0.0,7.5,PR14,,PR03,,,,2.0,27.0,21.0,cluster_0,H03,H0313,H031307,H03130700,H0313070008,ST04,31,C008
11589140,P0140,S0023,2018-12-02,4.0,30.0,20.0,7.5,PR14,,PR03,,,,2.0,27.0,21.0,cluster_0,H03,H0313,H031307,H03130700,H0313070008,ST04,31,C008
11608285,P0140,S0023,2018-12-03,3.0,22.5,17.0,7.5,PR14,,PR03,,,,2.0,27.0,21.0,cluster_0,H03,H0313,H031307,H03130700,H0313070008,ST04,31,C008
11627424,P0140,S0023,2018-12-04,1.0,7.5,16.0,7.5,PR14,,PR03,,,,2.0,27.0,21.0,cluster_0,H03,H0313,H031307,H03130700,H0313070008,ST04,31,C008
11646599,P0140,S0023,2018-12-05,0.0,0.0,16.0,7.5,PR14,,PR03,,,,2.0,27.0,21.0,cluster_0,H03,H0313,H031307,H03130700,H0313070008,ST04,31,C008
11665859,P0140,S0023,2018-12-06,0.0,0.0,16.0,7.5,PR14,,PR03,,,,2.0,27.0,21.0,cluster_0,H03,H0313,H031307,H03130700,H0313070008,ST04,31,C008
11685194,P0140,S0023,2018-12-07,0.0,0.0,16.0,7.5,PR14,,PR03,,,,2.0,27.0,21.0,cluster_0,H03,H0313,H031307,H03130700,H0313070008,ST04,31,C008
11704541,P0140,S0023,2018-12-08,2.0,15.0,16.0,7.5,PR14,,PR03,,,,2.0,27.0,21.0,cluster_0,H03,H0313,H031307,H03130700,H0313070008,ST04,31,C008
11723989,P0140,S0023,2018-12-09,1.0,7.5,13.0,7.5,PR14,,PR03,,,,2.0,27.0,21.0,cluster_0,H03,H0313,H031307,H03130700,H0313070008,ST04,31,C008
11743371,P0140,S0023,2018-12-10,0.0,0.0,13.0,7.5,PR14,,PR03,,,,2.0,27.0,21.0,cluster_0,H03,H0313,H031307,H03130700,H0313070008,ST04,31,C008
11762694,P0140,S0023,2018-12-11,2.0,15.0,11.0,7.5,PR14,,PR03,,,,2.0,27.0,21.0,cluster_0,H03,H0313,H031307,H03130700,H0313070008,ST04,31,C008
11782008,P0140,S0023,2018-12-12,1.0,7.5,10.0,7.5,PR14,,PR03,,,,2.0,27.0,21.0,cluster_0,H03,H0313,H031307,H03130700,H0313070008,ST04,31,C008
11801286,P0140,S0023,2018-12-13,2.0,15.0,8.0,7.5,PR14,,PR03,,,,2.0,27.0,21.0,cluster_0,H03,H0313,H031307,H03130700,H0313070008,ST04,31,C008
11820556,P0140,S0023,2018-12-14,2.0,15.0,6.0,7.5,PR14,,PR03,,,,2.0,27.0,21.0,cluster_0,H03,H0313,H031307,H03130700,H0313070008,ST04,31,C008
11839860,P0140,S0023,2018-12-15,2.0,15.0,14.0,7.5,PR14,,PR03,,,,2.0,27.0,21.0,cluster_0,H03,H0313,H031307,H03130700,H0313070008,ST04,31,C008
11859217,P0140,S0023,2018-12-16,0.0,0.0,14.0,7.5,PR14,,PR03,,,,2.0,27.0,21.0,cluster_0,H03,H0313,H031307,H03130700,H0313070008,ST04,31,C008
11878522,P0140,S0023,2018-12-17,3.0,22.5,11.0,7.5,PR14,,PR03,,,,2.0,27.0,21.0,cluster_0,H03,H0313,H031307,H03130700,H0313070008,ST04,31,C008
11897814,P0140,S0023,2018-12-18,1.0,7.5,10.0,7.5,PR14,,PR03,,,,2.0,27.0,21.0,cluster_0,H03,H0313,H031307,H03130700,H0313070008,ST04,31,C008
11917108,P0140,S0023,2018-12-19,1.0,7.5,9.0,7.5,PR14,,PR03,,,,2.0,27.0,21.0,cluster_0,H03,H0313,H031307,H03130700,H0313070008,ST04,31,C008
11936428,P0140,S0023,2018-12-20,1.0,7.5,13.0,7.5,PR14,,PR03,,,,2.0,27.0,21.0,cluster_0,H03,H0313,H031307,H03130700,H0313070008,ST04,31,C008
11955759,P0140,S0023,2018-12-21,0.0,0.0,13.0,7.5,PR14,,PR03,,,,2.0,27.0,21.0,cluster_0,H03,H0313,H031307,H03130700,H0313070008,ST04,31,C008
11975088,P0140,S0023,2018-12-22,0.0,0.0,13.0,7.5,PR14,,PR03,,,,2.0,27.0,21.0,cluster_0,H03,H0313,H031307,H03130700,H0313070008,ST04,31,C008
11994499,P0140,S0023,2018-12-23,1.0,7.5,12.0,7.5,PR14,,PR03,,,,2.0,27.0,21.0,cluster_0,H03,H0313,H031307,H03130700,H0313070008,ST04,31,C008
12013786,P0140,S0023,2018-12-24,0.0,0.0,12.0,7.5,PR14,,PR03,,,,2.0,27.0,21.0,cluster_0,H03,H0313,H031307,H03130700,H0313070008,ST04,31,C008
12109645,P0140,S0023,2018-12-29,0.0,0.0,30.0,8.5,PR14,,PR03,,,,2.0,27.0,21.0,cluster_0,H03,H0313,H031307,H03130700,H0313070008,ST04,31,C008
12128899,P0140,S0023,2018-12-30,0.0,0.0,30.0,8.5,PR14,,PR03,,,,2.0,27.0,21.0,cluster_0,H03,H0313,H031307,H03130700,H0313070008,ST04,31,C008
12148129,P0140,S0023,2018-12-31,3.0,25.5,27.0,8.5,PR14,,PR03,,,,2.0,27.0,21.0,cluster_0,H03,H0313,H031307,H03130700,H0313070008,ST04,31,C008
12167293,P0140,S0023,2019-01-01,1.0,8.5,27.0,8.5,PR14,,PR03,,,,2.0,27.0,21.0,cluster_0,H03,H0313,H031307,H03130700,H0313070008,ST04,31,C008
12186353,P0140,S0023,2019-01-02,0.0,0.0,26.0,8.5,PR14,,PR03,,,,2.0,27.0,21.0,cluster_0,H03,H0313,H031307,H03130700,H0313070008,ST04,31,C008
12205401,P0140,S0023,2019-01-03,0.0,0.0,26.0,8.5,PR14,,PR03,,,,2.0,27.0,21.0,cluster_0,H03,H0313,H031307,H03130700,H0313070008,ST04,31,C008
12224518,P0140,S0023,2019-01-04,1.0,8.5,25.0,8.5,PR14,,PR03,,,,2.0,27.0,21.0,cluster_0,H03,H0313,H031307,H03130700,H0313070008,ST04,31,C008
12243743,P0140,S0023,2019-01-05,0.0,0.0,25.0,8.5,PR14,,PR03,,,,2.0,27.0,21.0,cluster_0,H03,H0313,H031307,H03130700,H0313070008,ST04,31,C008
12263033,P0140,S0023,2019-01-06,2.0,17.0,25.0,8.5,PR14,,PR03,,,,2.0,27.0,21.0,cluster_0,H03,H0313,H031307,H03130700,H0313070008,ST04,31,C008
12282282,P0140,S0023,2019-01-07,2.0,17.0,21.0,8.5,PR14,,PR03,,,,2.0,27.0,21.0,cluster_0,H03,H0313,H031307,H03130700,H0313070008,ST04,31,C008
12301526,P0140,S0023,2019-01-08,0.0,0.0,21.0,8.5,PR14,,PR03,,,,2.0,27.0,21.0,cluster_0,H03,H0313,H031307,H03130700,H0313070008,ST04,31,C008
12320814,P0140,S0023,2019-01-09,1.0,8.5,20.0,8.5,PR14,,PR03,,,,2.0,27.0,21.0,cluster_0,H03,H0313,H031307,H03130700,H0313070008,ST04,31,C008
12340161,P0140,S0023,2019-01-10,0.0,0.0,20.0,8.5,PR14,,PR03,,,,2.0,27.0,21.0,cluster_0,H03,H0313,H031307,H03130700,H0313070008,ST04,31,C008
12359536,P0140,S0023,2019-01-11,0.0,0.0,20.0,8.5,PR14,,PR03,,,,2.0,27.0,21.0,cluster_0,H03,H0313,H031307,H03130700,H0313070008,ST04,31,C008
12378918,P0140,S0023,2019-01-12,1.0,8.5,19.0,8.5,PR14,,PR03,,,,2.0,27.0,21.0,cluster_0,H03,H0313,H031307,H03130700,H0313070008,ST04,31,C008
12398341,P0140,S0023,2019-01-13,0.0,0.0,19.0,8.5,PR14,,PR03,,,,2.0,27.0,21.0,cluster_0,H03,H0313,H031307,H03130700,H0313070008,ST04,31,C008
12417739,P0140,S0023,2019-01-14,0.0,0.0,19.0,8.5,PR14,,PR03,,,,2.0,27.0,21.0,cluster_0,H03,H0313,H031307,H03130700,H0313070008,ST04,31,C008
12437105,P0140,S0023,2019-01-15,1.0,8.5,18.0,8.5,PR14,,PR03,,,,2.0,27.0,21.0,cluster_0,H03,H0313,H031307,H03130700,H0313070008,ST04,31,C008
12456479,P0140,S0023,2019-01-16,0.0,0.0,18.0,8.5,PR14,,PR03,,,,2.0,27.0,21.0,cluster_0,H03,H0313,H031307,H03130700,H0313070008,ST04,31,C008
12475830,P0140,S0023,2019-01-17,2.0,17.0,16.0,8.5,PR14,,PR03,,,,2.0,27.0,21.0,cluster_0,H03,H0313,H031307,H03130700,H0313070008,ST04,31,C008
12495178,P0140,S0023,2019-01-18,2.0,17.0,14.0,8.5,PR14,,PR03,,,,2.0,27.0,21.0,cluster_0,H03,H0313,H031307,H03130700,H0313070008,ST04,31,C008
12514504,P0140,S0023,2019-01-19,1.0,8.5,13.0,8.5,PR14,,PR03,,,,2.0,27.0,21.0,cluster_0,H03,H0313,H031307,H03130700,H0313070008,ST04,31,C008
12533862,P0140,S0023,2019-01-20,2.0,17.0,11.0,8.5,PR14,,PR03,,,,2.0,27.0,21.0,cluster_0,H03,H0313,H031307,H03130700,H0313070008,ST04,31,C008
12553166,P0140,S0023,2019-01-21,1.0,8.5,10.0,8.5,PR14,,PR03,,,,2.0,27.0,21.0,cluster_0,H03,H0313,H031307,H03130700,H0313070008,ST04,31,C008
12572446,P0140,S0023,2019-01-22,1.0,8.5,9.0,8.5,PR14,,PR03,,,,2.0,27.0,21.0,cluster_0,H03,H0313,H031307,H03130700,H0313070008,ST04,31,C008
12591742,P0140,S0023,2019-01-23,0.0,0.0,9.0,8.5,PR14,,PR03,,,,2.0,27.0,21.0,cluster_0,H03,H0313,H031307,H03130700,H0313070008,ST04,31,C008
12611005,P0140,S0023,2019-01-24,0.0,0.0,9.0,8.5,PR14,,PR03,,,,2.0,27.0,21.0,cluster_0,H03,H0313,H031307,H03130700,H0313070008,ST04,31,C008
12630343,P0140,S0023,2019-01-25,2.0,17.0,7.0,8.5,PR14,,PR03,,,,2.0,27.0,21.0,cluster_0,H03,H0313,H031307,H03130700,H0313070008,ST04,31,C008
12649675,P0140,S0023,2019-01-26,0.0,0.0,7.0,8.5,PR14,,PR03,,,,2.0,27.0,21.0,cluster_0,H03,H0313,H031307,H03130700,H0313070008,ST04,31,C008
12669076,P0140,S0023,2019-01-27,1.0,8.5,6.0,8.5,PR14,,PR03,,,,2.0,27.0,21.0,cluster_0,H03,H0313,H031307,H03130700,H0313070008,ST04,31,C008
12688410,P0140,S0023,2019-01-28,2.0,17.0,4.0,8.5,PR14,,PR03,,,,2.0,27.0,21.0,cluster_0,H03,H0313,H031307,H03130700,H0313070008,ST04,31,C008
12707577,P0140,S0023,2019-01-29,0.0,0.0,4.0,8.5,PR14,,PR03,,,,2.0,27.0,21.0,cluster_0,H03,H0313,H031307,H03130700,H0313070008,ST04,31,C008
12726723,P0140,S0023,2019-01-30,1.0,8.5,33.0,8.5,PR14,,PR03,,,,2.0,27.0,21.0,cluster_0,H03,H0313,H031307,H03130700,H0313070008,ST04,31,C008
12745905,P0140,S0023,2019-01-31,0.0,0.0,33.0,8.5,PR14,,PR03,,,,2.0,27.0,21.0,cluster_0,H03,H0313,H031307,H03130700,H0313070008,ST04,31,C008
12765054,P0140,S0023,2019-02-01,3.0,25.5,30.0,8.5,PR14,,PR03,,,,2.0,27.0,21.0,cluster_0,H03,H0313,H031307,H03130700,H0313070008,ST04,31,C008
12784296,P0140,S0023,2019-02-02,3.0,25.5,27.0,8.5,PR14,,PR03,,,,2.0,27.0,21.0,cluster_0,H03,H0313,H031307,H03130700,H0313070008,ST04,31,C008
12803683,P0140,S0023,2019-02-03,0.0,0.0,27.0,8.5,PR14,,PR03,,,,2.0,27.0,21.0,cluster_0,H03,H0313,H031307,H03130700,H0313070008,ST04,31,C008
12823074,P0140,S0023,2019-02-04,2.0,17.0,25.0,8.5,PR14,,PR03,,,,2.0,27.0,21.0,cluster_0,H03,H0313,H031307,H03130700,H0313070008,ST04,31,C008
12842445,P0140,S0023,2019-02-05,1.0,8.5,24.0,8.5,PR14,,PR03,,,,2.0,27.0,21.0,cluster_0,H03,H0313,H031307,H03130700,H0313070008,ST04,31,C008
12861848,P0140,S0023,2019-02-06,0.0,0.0,24.0,8.5,PR14,,PR03,,,,2.0,27.0,21.0,cluster_0,H03,H0313,H031307,H03130700,H0313070008,ST04,31,C008
12881259,P0140,S0023,2019-02-07,0.0,0.0,24.0,8.5,PR14,,PR03,,,,2.0,27.0,21.0,cluster_0,H03,H0313,H031307,H03130700,H0313070008,ST04,31,C008
12900659,P0140,S0023,2019-02-08,0.0,0.0,24.0,8.5,PR14,,PR03,,,,2.0,27.0,21.0,cluster_0,H03,H0313,H031307,H03130700,H0313070008,ST04,31,C008
12920066,P0140,S0023,2019-02-09,1.0,8.5,23.0,8.5,PR14,,PR03,,,,2.0,27.0,21.0,cluster_0,H03,H0313,H031307,H03130700,H0313070008,ST04,31,C008
12939495,P0140,S0023,2019-02-10,2.0,17.0,21.0,8.5,PR14,,PR03,,,,2.0,27.0,21.0,cluster_0,H03,H0313,H031307,H03130700,H0313070008,ST04,31,C008
12958865,P0140,S0023,2019-02-11,0.0,0.0,21.0,8.5,PR14,,PR03,,,,2.0,27.0,21.0,cluster_0,H03,H0313,H031307,H03130700,H0313070008,ST04,31,C008
12978204,P0140,S0023,2019-02-12,1.0,8.5,20.0,8.5,PR14,,PR03,,,,2.0,27.0,21.0,cluster_0,H03,H0313,H031307,H03130700,H0313070008,ST04,31,C008
12997563,P0140,S0023,2019-02-13,0.0,0.0,20.0,8.5,PR14,,PR03,,,,2.0,27.0,21.0,cluster_0,H03,H0313,H031307,H03130700,H0313070008,ST04,31,C008
13016900,P0140,S0023,2019-02-14,0.0,0.0,20.0,8.5,PR14,,PR03,,,,2.0,27.0,21.0,cluster_0,H03,H0313,H031307,H03130700,H0313070008,ST04,31,C008
13036268,P0140,S0023,2019-02-15,0.0,0.0,20.0,8.5,PR14,,PR03,,,,2.0,27.0,21.0,cluster_0,H03,H0313,H031307,H03130700,H0313070008,ST04,31,C008
13055685,P0140,S0023,2019-02-16,2.0,17.0,20.0,8.5,PR14,,PR03,,,,2.0,27.0,21.0,cluster_0,H03,H0313,H031307,H03130700,H0313070008,ST04,31,C008
13075178,P0140,S0023,2019-02-17,1.0,8.5,17.0,8.5,PR14,,PR03,,,,2.0,27.0,21.0,cluster_0,H03,H0313,H031307,H03130700,H0313070008,ST04,31,C008
13094657,P0140,S0023,2019-02-18,1.0,8.5,16.0,8.5,PR14,,PR03,,,,2.0,27.0,21.0,cluster_0,H03,H0313,H031307,H03130700,H0313070008,ST04,31,C008
13114079,P0140,S0023,2019-02-19,1.0,8.5,15.0,8.5,PR14,,PR03,,,,2.0,27.0,21.0,cluster_0,H03,H0313,H031307,H03130700,H0313070008,ST04,31,C008
13133493,P0140,S0023,2019-02-20,0.0,0.0,15.0,8.5,PR14,,PR03,,,,2.0,27.0,21.0,cluster_0,H03,H0313,H031307,H03130700,H0313070008,ST04,31,C008
13152869,P0140,S0023,2019-02-21,3.0,25.5,12.0,8.5,PR14,,PR03,,,,2.0,27.0,21.0,cluster_0,H03,H0313,H031307,H03130700,H0313070008,ST04,31,C008
13172298,P0140,S0023,2019-02-22,3.0,25.5,9.0,8.5,PR14,,PR03,,,,2.0,27.0,21.0,cluster_0,H03,H0313,H031307,H03130700,H0313070008,ST04,31,C008
13191728,P0140,S0023,2019-02-23,0.0,0.0,13.0,8.5,PR14,,PR03,,,,2.0,27.0,21.0,cluster_0,H03,H0313,H031307,H03130700,H0313070008,ST04,31,C008
13211191,P0140,S0023,2019-02-24,0.0,0.0,13.0,8.5,PR14,,PR03,,,,2.0,27.0,21.0,cluster_0,H03,H0313,H031307,H03130700,H0313070008,ST04,31,C008
13230676,P0140,S0023,2019-02-25,0.0,0.0,13.0,8.5,PR14,,PR03,,,,2.0,27.0,21.0,cluster_0,H03,H0313,H031307,H03130700,H0313070008,ST04,31,C008
13250127,P0140,S0023,2019-02-26,0.0,0.0,13.0,8.5,PR14,,PR03,,,,2.0,27.0,21.0,cluster_0,H03,H0313,H031307,H03130700,H0313070008,ST04,31,C008
13269580,P0140,S0023,2019-02-27,1.0,8.5,12.0,8.5,PR14,,PR03,,,,2.0,27.0,21.0,cluster_0,H03,H0313,H031307,H03130700,H0313070008,ST04,31,C008
13288978,P0140,S0023,2019-02-28,0.0,0.0,6.0,8.5,PR14,,PR03,,,,2.0,27.0,21.0,cluster_0,H03,H0313,H031307,H03130700,H0313070008,ST04,31,C008
13308176,P0140,S0023,2019-03-01,1.0,8.5,25.0,8.5,PR14,,PR03,,,,2.0,27.0,21.0,cluster_0,H03,H0313,H031307,H03130700,H0313070008,ST04,31,C008
13327432,P0140,S0023,2019-03-02,3.0,25.5,22.0,8.5,PR14,,PR03,,,,2.0,27.0,21.0,cluster_0,H03,H0313,H031307,H03130700,H0313070008,ST04,31,C008
13346831,P0140,S0023,2019-03-03,2.0,17.0,20.0,8.5,PR14,,PR03,,,,2.0,27.0,21.0,cluster_0,H03,H0313,H031307,H03130700,H0313070008,ST04,31,C008
13366192,P0140,S0023,2019-03-04,2.0,17.0,18.0,8.5,PR14,,PR03,,,,2.0,27.0,21.0,cluster_0,H03,H0313,H031307,H03130700,H0313070008,ST04,31,C008
13385558,P0140,S0023,2019-03-05,1.0,8.5,17.0,8.5,PR14,,PR03,,,,2.0,27.0,21.0,cluster_0,H03,H0313,H031307,H03130700,H0313070008,ST04,31,C008
13404970,P0140,S0023,2019-03-06,2.0,17.0,15.0,8.5,PR14,,PR03,,,,2.0,27.0,21.0,cluster_0,H03,H0313,H031307,H03130700,H0313070008,ST04,31,C008
13424417,P0140,S0023,2019-03-07,1.0,8.5,14.0,8.5,PR14,,PR03,,,,2.0,27.0,21.0,cluster_0,H03,H0313,H031307,H03130700,H0313070008,ST04,31,C008
13443882,P0140,S0023,2019-03-08,0.0,0.0,14.0,8.5,PR14,,PR03,,,,2.0,27.0,21.0,cluster_0,H03,H0313,H031307,H03130700,H0313070008,ST04,31,C008
13463380,P0140,S0023,2019-03-09,0.0,0.0,14.0,8.5,PR14,,PR03,,,,2.0,27.0,21.0,cluster_0,H03,H0313,H031307,H03130700,H0313070008,ST04,31,C008
13482994,P0140,S0023,2019-03-10,1.0,8.5,13.0,8.5,PR14,,PR03,,,,2.0,27.0,21.0,cluster_0,H03,H0313,H031307,H03130700,H0313070008,ST04,31,C008
13502545,P0140,S0023,2019-03-11,0.0,0.0,13.0,8.5,PR14,,PR03,,,,2.0,27.0,21.0,cluster_0,H03,H0313,H031307,H03130700,H0313070008,ST04,31,C008
