sale_10.csv
Unnamed: 0,product_id,store_id,date,sales,revenue,stock,price,promo_type_1,promo_bin_1,promo_type_2,promo_bin_2,promo_discount_2,promo_discount_type_2,product_length,product_depth,product_width,cluster_id,hierarchy1_id,hierarchy2_id,hierarchy3_id,hierarchy4_id,hierarchy5_id,storetype_id,store_size,city_id
1435052,P0408,S0023,2017-04-18,0.0,0.0,15.0,29.9,PR14,,PR03,,,,6.5,28.2,19.0,cluster_0,H01,H0105,H010500,H01050000,H0105000026,ST04,31,C008
1448967,P0408,S0023,2017-04-19,0.0,0.0,15.0,29.9,PR14,,PR03,,,,6.5,28.2,19.0,cluster_0,H01,H0105,H010500,H01050000,H0105000026,ST04,31,C008
1462856,P0408,S0023,2017-04-20,0.0,0.0,15.0,29.9,PR14,,PR03,,,,6.5,28.2,19.0,cluster_0,H01,H0105,H010500,H01050000,H0105000026,ST04,31,C008
1476801,P0408,S0023,2017-04-21,0.0,0.0,15.0,29.9,PR14,,PR03,,,,6.5,28.2,19.0,cluster_0,H01,H0105,H010500,H01050000,H0105000026,ST04,31,C008
1490732,P0408,S0023,2017-04-22,0.0,0.0,15.0,29.9,PR14,,PR03,,,,6.5,28.2,19.0,cluster_0,H01,H0105,H010500,H01050000,H0105000026,ST04,31,C008
1504646,P0408,S0023,2017-04-23,0.0,0.0,15.0,29.9,PR14,,PR03,,,,6.5,28.2,19.0,cluster_0,H01,H0105,H010500,H01050000,H0105000026,ST04,31,C008
1518559,P0408,S0023,2017-04-24,0.0,0.0,15.0,29.9,PR14,,PR03,,,,6.5,28.2,19.0,cluster_0,H01,H0105,H010500,H01050000,H0105000026,ST04,31,C008
1532498,P0408,S0023,2017-04-25,0.0,0.0,15.0,29.9,PR14,,PR03,,,,6.5,28.2,19.0,cluster_0,H01,H0105,H010500,H01050000,H0105000026,ST04,31,C008
1546387,P0408,S0023,2017-04-26,0.0,0.0,15.0,29.9,PR14,,PR03,,,,6.5,28.2,19.0,cluster_0,H01,H0105,H010500,H01050000,H0105000026,ST04,31,C008
1560278,P0408,S0023,2017-04-27,0.0,0.0,15.0,29.9,PR14,,PR03,,,,6.5,28.2,19.0,cluster_0,H01,H0105,H010500,H01050000,H0105000026,ST04,31,C008
1574174,P0408,S0023,2017-04-28,0.0,0.0,15.0,29.9,PR14,,PR03,,,,6.5,28.2,19.0,cluster_0,H01,H0105,H010500,H01050000,H0105000026,ST04,31,C008
1588000,P0408,S0023,2017-04-29,0.0,0.0,15.0,29.9,PR14,,PR03,,,,6.5,28.2,19.0,cluster_0,H01,H0105,H010500,H01050000,H0105000026,ST04,31,C008
1601882,P0408,S0023,2017-04-30,0.0,0.0,15.0,29.9,PR14,,PR03,,,,6.5,28.2,19.0,cluster_0,H01,H0105,H010500,H01050000,H0105000026,ST04,31,C008
1615864,P0408,S0023,2017-05-01,0.0,0.0,15.0,29.9,PR14,,PR03,,,,6.5,28.2,19.0,cluster_0,H01,H0105,H010500,H01050000,H0105000026,ST04,31,C008
1629860,P0408,S0023,2017-05-02,0.0,0.0,15.0,29.9,PR14,,PR03,,,,6.5,28.2,19.0,cluster_0,H01,H0105,H010500,H01050000,H0105000026,ST04,31,C008
1643868,P0408,S0023,2017-05-03,0.0,0.0,15.0,29.9,PR14,,PR03,,,,6.5,28.2,19.0,cluster_0,H01,H0105,H010500,H01050000,H0105000026,ST04,31,C008
1657893,P0408,S0023,2017-05-04,0.0,0.0,15.0,29.9,PR14,,PR03,,,,6.5,28.2,19.0,cluster_0,H01,H0105,H010500,H01050000,H0105000026,ST04,31,C008
1671939,P0408,S0023,2017-05-05,0.0,0.0,15.0,29.9,PR14,,PR03,,,,6.5,28.2,19.0,cluster_0,H01,H0105,H010500,H01050000,H0105000026,ST04,31,C008
1686018,P0408,S0023,2017-05-06,0.0,0.0,15.0,29.9,PR14,,PR03,,,,6.5,28.2,19.0,cluster_0,H01,H0105,H010500,H01050000,H0105000026,ST04,31,C008
1700159,P0408,S0023,2017-05-07,0.0,0.0,15.0,29.9,PR14,,PR03,,,,6.5,28.2,19.0,cluster_0,H01,H0105,H010500,H01050000,H0105000026,ST04,31,C008
1714343,P0408,S0023,2017-05-08,0.0,0.0,15.0,29.9,PR14,,PR03,,,,6.5,28.2,19.0,cluster_0,H01,H0105,H010500,H01050000,H0105000026,ST04,31,C008
1728493,P0408,S0023,2017-05-09,0.0,0.0,15.0,29.9,PR14,,PR03,,,,6.5,28.2,19.0,cluster_0,H01,H0105,H010500,H01050000,H0105000026,ST04,31,C008
1742630,P0408,S0023,2017-05-10,0.0,0.0,15.0,29.9,PR14,,PR03,,,,6.5,28.2,19.0,cluster_0,H01,H0105,H010500,H01050000,H0105000026,ST04,31,C008
1756736,P0408,S0023,2017-05-11,0.0,0.0,15.0,29.9,PR14,,PR03,,,,6.5,28.2,19.0,cluster_0,H01,H0105,H010500,H01050000,H0105000026,ST04,31,C008
1770839,P0408,S0023,2017-05-12,0.0,0.0,15.0,29.9,PR14,,PR03,,,,6.5,28.2,19.0,cluster_0,H01,H0105,H010500,H01050000,H0105000026,ST04,31,C008
1784919,P0408,S0023,2017-05-13,0.0,0.0,15.0,29.9,PR14,,PR03,,,,6.5,28.2,19.0,cluster_0,H01,H0105,H010500,H01050000,H0105000026,ST04,31,C008
1799004,P0408,S0023,2017-05-14,0.0,0.0,15.0,29.9,PR14,,PR03,,,,6.5,28.2,19.0,cluster_0,H01,H0105,H010500,H01050000,H0105000026,ST04,31,C008
1813149,P0408,S0023,2017-05-15,0.0,0.0,15.0,29.9,PR14,,PR03,,,,6.5,28.2,19.0,cluster_0,H01,H0105,H010500,H01050000,H0105000026,ST04,31,C008
1827250,P0408,S0023,2017-05-16,0.0,0.0,15.0,29.9,PR14,,PR03,,,,6.5,28.2,19.0,cluster_0,H01,H0105,H010500,H01050000,H0105000026,ST04,31,C008
1841376,P0408,S0023,2017-05-17,0.0,0.0,15.0,29.9,PR14,,PR03,,,,6.5,28.2,19.0,cluster_0,H01,H0105,H010500,H01050000,H0105000026,ST04,31,C008
1855510,P0408,S0023,2017-05-18,0.0,0.0,15.0,29.9,PR14,,PR03,,,,6.5,28.2,19.0,cluster_0,H01,H0105,H010500,H01050000,H0105000026,ST04,31,C008
1869683,P0408,S0023,2017-05-19,0.0,0.0,15.0,29.9,PR14,,PR03,,,,6.5,28.2,19.0,cluster_0,H01,H0105,H010500,H01050000,H0105000026,ST04,31,C008
1883812,P0408,S0023,2017-05-20,0.0,0.0,15.0,29.9,PR14,,PR03,,,,6.5,28.2,19.0,cluster_0,H01,H0105,H010500,H01050000,H0105000026,ST04,31,C008
1898006,P0408,S0023,2017-05-21,0.0,0.0,15.0,29.9,PR14,,PR03,,,,6.5,28.2,19.0,cluster_0,H01,H0105,H010500,H01050000,H0105000026,ST04,31,C008
1912238,P0408,S0023,2017-05-22,0.0,0.0,15.0,29.9,PR14,,PR03,,,,6.5,28.2,19.0,cluster_0,H01,H0105,H010500,H01050000,H0105000026,ST04,31,C008
1926474,P0408,S0023,2017-05-23,0.0,0.0,15.0,29.9,PR14,,PR03,,,,6.5,28.2,19.0,cluster_0,H01,H0105,H010500,H01050000,H0105000026,ST04,31,C008
1940723,P0408,S0023,2017-05-24,0.0,0.0,15.0,29.9,PR14,,PR03,,,,6.5,28.2,19.0,cluster_0,H01,H0105,H010500,H01050000,H0105000026,ST04,31,C008
1954972,P0408,S0023,2017-05-25,0.0,0.0,15.0,29.9,PR14,,PR03,,,,6.5,28.2,19.0,cluster_0,H01,H0105,H010500,H01050000,H0105000026,ST04,31,C008
1969266,P0408,S0023,2017-05-26,0.0,0.0,15.0,29.9,PR14,,PR03,,,,6.5,28.2,19.0,cluster_0,H01,H0105,H010500,H01050000,H0105000026,ST04,31,C008
1983635,P0408,S0023,2017-05-27,0.0,0.0,15.0,29.9,PR14,,PR03,,,,6.5,28.2,19.0,cluster_0,H01,H0105,H010500,H01050000,H0105000026,ST04,31,C008
1998026,P0408,S0023,2017-05-28,0.0,0.0,15.0,29.9,PR14,,PR03,,,,6.5,28.2,19.0,cluster_0,H01,H0105,H010500,H01050000,H0105000026,ST04,31,C008
2012452,P0408,S0023,2017-05-29,0.0,0.0,15.0,29.9,PR14,,PR03,,,,6.5,28.2,19.0,cluster_0,H01,H0105,H010500,H01050000,H0105000026,ST04,31,C008
2026872,P0408,S0023,2017-05-30,0.0,0.0,15.0,29.9,PR14,,PR03,,,,6.5,28.2,19.0,cluster_0,H01,H0105,H010500,H01050000,H0105000026,ST04,31,C008
2041269,P0408,S0023,2017-05-31,0.0,0.0,15.0,29.9,PR14,,PR03,,,,6.5,28.2,19.0,cluster_0,H01,H0105,H010500,H01050000,H0105000026,ST04,31,C008
2055650,P0408,S0023,2017-06-01,0.0,0.0,15.0,29.9,PR14,,PR03,,,,6.5,28.2,19.0,cluster_0,H01,H0105,H010500,H01050000,H0105000026,ST04,31,C008
2070171,P0408,S0023,2017-06-02,0.0,0.0,15.0,29.9,PR14,,PR03,,,,6.5,28.2,19.0,cluster_0,H01,H0105,H010500,H01050000,H0105000026,ST04,31,C008
2084692,P0408,S0023,2017-06-03,0.0,0.0,15.0,29.9,PR14,,PR03,,,,6.5,28.2,19.0,cluster_0,H01,H0105,H010500,H01050000,H0105000026,ST04,31,C008
2099240,P0408,S0023,2017-06-04,0.0,0.0,15.0,29.9,PR14,,PR03,,,,6.5,28.2,19.0,cluster_0,H01,H0105,H010500,H01050000,H0105000026,ST04,31,C008
2113853,P0408,S0023,2017-06-05,0.0,0.0,15.0,29.9,PR14,,PR03,,,,6.5,28.2,19.0,cluster_0,H01,H0105,H010500,H01050000,H0105000026,ST04,31,C008
2128441,P0408,S0023,2017-06-06,0.0,0.0,15.0,29.9,PR14,,PR03,,,,6.5,28.2,19.0,cluster_0,H01,H0105,H010500,H01050000,H0105000026,ST04,31,C008
2143073,P0408,S0023,2017-06-07,0.0,0.0,15.0,29.9,PR14,,PR03,,,,6.5,28.2,19.0,cluster_0,H01,H0105,H010500,H01050000,H0105000026,ST04,31,C008
2157715,P0408,S0023,2017-06-08,0.0,0.0,15.0,29.9,PR14,,PR03,,,,6.5,28.2,19.0,cluster_0,H01,H0105,H010500,H01050000,H0105000026,ST04,31,C008
2172340,P0408,S0023,2017-06-09,0.0,0.0,15.0,29.9,PR14,,PR03,,,,6.5,28.2,19.0,cluster_0,H01,H0105,H010500,H01050000,H0105000026,ST04,31,C008
2186929,P0408,S0023,2017-06-10,0.0,0.0,15.0,29.9,PR14,,PR03,,,,6.5,28.2,19.0,cluster_0,H01,H0105,H010500,H01050000,H0105000026,ST04,31,C008
2201503,P0408,S0023,2017-06-11,0.0,0.0,15.0,29.9,PR14,,PR03,,,,6.5,28.2,19.0,cluster_0,H01,H0105,H010500,H01050000,H0105000026,ST04,31,C008
2216143,P0408,S0023,2017-06-12,0.0,0.0,15.0,29.9,PR14,,PR03,,,,6.5,28.2,19.0,cluster_0,H01,H0105,H010500,H01050000,H0105000026,ST04,31,C008
2230764,P0408,S0023,2017-06-13,0.0,0.0,15.0,29.9,PR14,,PR03,,,,6.5,28.2,19.0,cluster_0,H01,H0105,H010500,H01050000,H0105000026,ST04,31,C008
2245408,P0408,S0023,2017-06-14,0.0,0.0,15.0,29.9,PR14,,PR03,,,,6.5,28.2,19.0,cluster_0,H01,H0105,H010500,H01050000,H0105000026,ST04,31,C008
2466560,P0408,S0023,2017-06-29,0.0,0.0,14.0,29.9,PR14,,PR03,,,,6.5,28.2,19.0,cluster_0,H01,H0105,H010500,H01050000,H0105000026,ST04,31,C008
2481219,P0408,S0023,2017-06-30,0.0,0.0,14.0,22.95,PR14,,PR03,,,,6.5,28.2,19.0,cluster_0,H01,H0105,H010500,H01050000,H0105000026,ST04,31,C008
2495859,P0408,S0023,2017-07-01,0.0,0.0,14.0,22.95,PR14,,PR03,,,,6.5,28.2,19.0,cluster_0,H01,H0105,H010500,H01050000,H0105000026,ST04,31,C008
2510568,P0408,S0023,2017-07-02,0.0,0.0,14.0,22.95,PR14,,PR03,,,,6.5,28.2,19.0,cluster_0,H01,H0105,H010500,H01050000,H0105000026,ST04,31,C008
2525352,P0408,S0023,2017-07-03,0.0,0.0,14.0,22.95,PR14,,PR03,,,,6.5,28.2,19.0,cluster_0,H01,H0105,H010500,H01050000,H0105000026,ST04,31,C008
2540161,P0408,S0023,2017-07-04,0.0,0.0,14.0,22.95,PR14,,PR03,,,,6.5,28.2,19.0,cluster_0,H01,H0105,H010500,H01050000,H0105000026,ST04,31,C008
2554974,P0408,S0023,2017-07-05,0.0,0.0,14.0,22.95,PR14,,PR03,,,,6.5,28.2,19.0,cluster_0,H01,H0105,H010500,H01050000,H0105000026,ST04,31,C008
2569824,P0408,S0023,2017-07-06,0.0,0.0,14.0,22.95,PR14,,PR03,,,,6.5,28.2,19.0,cluster_0,H01,H0105,H010500,H01050000,H0105000026,ST04,31,C008
2584708,P0408,S0023,2017-07-07,0.0,0.0,14.0,22.95,PR14,,PR03,,,,6.5,28.2,19.0,cluster_0,H01,H0105,H010500,H01050000,H0105000026,ST04,31,C008
2599582,P0408,S0023,2017-07-08,0.0,0.0,14.0,22.95,PR14,,PR03,,,,6.5,28.2,19.0,cluster_0,H01,H0105,H010500,H01050000,H0105000026,ST04,31,C008
2614478,P0408,S0023,2017-07-09,0.0,0.0,14.0,22.95,PR14,,PR03,,,,6.5,28.2,19.0,cluster_0,H01,H0105,H010500,H01050000,H0105000026,ST04,31,C008
2629432,P0408,S0023,2017-07-10,0.0,0.0,14.0,22.95,PR14,,PR03,,,,6.5,28.2,19.0,cluster_0,H01,H0105,H010500,H01050000,H0105000026,ST04,31,C008
2644337,P0408,S0023,2017-07-11,0.0,0.0,14.0,22.95,PR14,,PR03,,,,6.5,28.2,19.0,cluster_0,H01,H0105,H010500,H01050000,H0105000026,ST04,31,C008
2659294,P0408,S0023,2017-07-12,0.0,0.0,14.0,22.95,PR14,,PR03,,,,6.5,28.2,19.0,cluster_0,H01,H0105,H010500,H01050000,H0105000026,ST04,31,C008
2884776,P0408,S0023,2017-07-27,0.0,0.0,11.0,22.95,PR14,,PR03,,,,6.5,28.2,19.0,cluster_0,H01,H0105,H010500,H01050000,H0105000026,ST04,31,C008
2899815,P0408,S0023,2017-07-28,0.0,0.0,11.0,22.95,PR14,,PR03,,,,6.5,28.2,19.0,cluster_0,H01,H0105,H010500,H01050000,H0105000026,ST04,31,C008
2914780,P0408,S0023,2017-07-29,0.0,0.0,11.0,22.95,PR14,,PR03,,,,6.5,28.2,19.0,cluster_0,H01,H0105,H010500,H01050000,H0105000026,ST04,31,C008
2929806,P0408,S0023,2017-07-30,0.0,0.0,11.0,22.95,PR14,,PR03,,,,6.5,28.2,19.0,cluster_0,H01,H0105,H010500,H01050000,H0105000026,ST04,31,C008
2945136,P0408,S0023,2017-07-31,0.0,0.0,11.0,22.95,PR14,,PR03,,,,6.5,28.2,19.0,cluster_0,H01,H0105,H010500,H01050000,H0105000026,ST04,31,C008
2960627,P0408,S0023,2017-08-01,0.0,0.0,11.0,22.95,PR14,,PR03,,,,6.5,28.2,19.0,cluster_0,H01,H0105,H010500,H01050000,H0105000026,ST04,31,C008
2976122,P0408,S0023,2017-08-02,0.0,0.0,11.0,22.95,PR14,,PR03,,,,6.5,28.2,19.0,cluster_0,H01,H0105,H010500,H01050000,H0105000026,ST04,31,C008
2991617,P0408,S0023,2017-08-03,0.0,0.0,11.0,22.95,PR14,,PR03,,,,6.5,28.2,19.0,cluster_0,H01,H0105,H010500,H01050000,H0105000026,ST04,31,C008
3007115,P0408,S0023,2017-08-04,0.0,0.0,11.0,22.95,PR14,,PR03,,,,6.5,28.2,19.0,cluster_0,H01,H0105,H010500,H01050000,H0105000026,ST04,31,C008
3022577,P0408,S0023,2017-08-05,0.0,0.0,11.0,22.95,PR14,,PR03,,,,6.5,28.2,19.0,cluster_0,H01,H0105,H010500,H01050000,H0105000026,ST04,31,C008
3038029,P0408,S0023,2017-08-06,0.0,0.0,11.0,22.95,PR14,,PR03,,,,6.5,28.2,19.0,cluster_0,H01,H0105,H010500,H01050000,H0105000026,ST04,31,C008
3053543,P0408,S0023,2017-08-07,0.0,0.0,11.0,22.95,PR14,,PR03,,,,6.5,28.2,19.0,cluster_0,H01,H0105,H010500,H01050000,H0105000026,ST04,31,C008
3069043,P0408,S0023,2017-08-08,0.0,0.0,11.0,22.95,PR14,,PR03,,,,6.5,28.2,19.0,cluster_0,H01,H0105,H010500,H01050000,H0105000026,ST04,31,C008
3084581,P0408,S0023,2017-08-09,0.0,0.0,11.0,22.95,PR14,,PR03,,,,6.5,28.2,19.0,cluster_0,H01,H0105,H010500,H01050000,H0105000026,ST04,31,C008
3100160,P0408,S0023,2017-08-10,0.0,0.0,11.0,22.95,PR14,,PR03,,,,6.5,28.2,19.0,cluster_0,H01,H0105,H010500,H01050000,H0105000026,ST04,31,C008
3115765,P0408,S0023,2017-08-11,0.0,0.0,11.0,22.95,PR14,,PR03,,,,6.5,28.2,19.0,cluster_0,H01,H0105,H010500,H01050000,H0105000026,ST04,31,C008
3131331,P0408,S0023,2017-08-12,0.0,0.0,11.0,22.95,PR14,,PR03,,,,6.5,28.2,19.0,cluster_0,H01,H0105,H010500,H01050000,H0105000026,ST04,31,C008
3146873,P0408,S0023,2017-08-13,0.0,0.0,11.0,22.95,PR14,,PR03,,,,6.5,28.2,19.0,cluster_0,H01,H0105,H010500,H01050000,H0105000026,ST04,31,C008
3162472,P0408,S0023,2017-08-14,0.0,0.0,11.0,22.95,PR14,,PR03,,,,6.5,28.2,19.0,cluster_0,H01,H0105,H010500,H01050000,H0105000026,ST04,31,C008
3178068,P0408,S0023,2017-08-15,0.0,0.0,11.0,22.95,PR14,,PR03,,,,6.5,28.2,19.0,cluster_0,H01,H0105,H010500,H01050000,H0105000026,ST04,31,C008
3193673,P0408,S0023,2017-08-16,0.0,0.0,11.0,22.95,PR14,,PR03,,,,6.5,28.2,19.0,cluster_0,H01,H0105,H010500,H01050000,H0105000026,ST04,31,C008
3209243,P0408,S0023,2017-08-17,0.0,0.0,11.0,22.95,PR14,,PR03,,,,6.5,28.2,19.0,cluster_0,H01,H0105,H010500,H01050000,H0105000026,ST04,31,C008
3224874,P0408,S0023,2017-08-18,0.0,0.0,11.0,22.95,PR14,,PR03,,,,6.5,28.2,19.0,cluster_0,H01,H0105,H010500,H01050000,H0105000026,ST04,31,C008
3240477,P0408,S0023,2017-08-19,1.0,19.45,10.0,22.95,PR14,,PR03,,,,6.5,28.2,19.0,cluster_0,H01,H0105,H010500,H01050000,H0105000026,ST04,31,C008
3256132,P0408,S0023,2017-08-20,0.0,0.0,10.0,22.95,PR14,,PR03,,,,6.5,28.2,19.0,cluster_0,H01,H0105,H010500,H01050000,H0105000026,ST04,31,C008
3271863,P0408,S0023,2017-08-21,0.0,0.0,10.0,22.95,PR14,,PR03,,,,6.5,28.2,19.0,cluster_0,H01,H0105,H010500,H01050000,H0105000026,ST04,31,C008
3287602,P0408,S0023,2017-08-22,0.0,0.0,10.0,22.95,PR14,,PR03,,,,6.5,28.2,19.0,cluster_0,H01,H0105,H010500,H01050000,H0105000026,ST04,31,C008
3303351,P0408,S0023,2017-08-23,0.0,0.0,10.0,22.95,PR14,,PR03,,,,6.5,28.2,19.0,cluster_0,H01,H0105,H010500,H01050000,H0105000026,ST04,31,C008
3319133,P0408,S0023,2017-08-24,0.0,0.0,10.0,22.95,PR14,,PR03,,,,6.5,28.2,19.0,cluster_0,H01,H0105,H010500,H01050000,H0105000026,ST04,31,C008
3334974,P0408,S0023,2017-08-25,0.0,0.0,10.0,22.95,PR14,,PR03,,,,6.5,28.2,19.0,cluster_0,H01,H0105,H010500,H01050000,H0105000026,ST04,31,C008
3350764,P0408,S0023,2017-08-26,0.0,0.0,10.0,22.95,PR14,,PR03,,,,6.5,28.2,19.0,cluster_0,H01,H0105,H010500,H01050000,H0105000026,ST04,31,C008
3366513,P0408,S0023,2017-08-27,0.0,0.0,10.0,22.95,PR14,,PR03,,,,6.5,28.2,19.0,cluster_0,H01,H0105,H010500,H01050000,H0105000026,ST04,31,C008
3382233,P0408,S0023,2017-08-28,0.0,0.0,10.0,22.95,PR14,,PR03,,,,6.5,28.2,19.0,cluster_0,H01,H0105,H010500,H01050000,H0105000026,ST04,31,C008
3397899,P0408,S0023,2017-08-29,0.0,0.0,10.0,22.95,PR14,,PR03,,,,6.5,28.2,19.0,cluster_0,H01,H0105,H010500,H01050000,H0105000026,ST04,31,C008
3413598,P0408,S0023,2017-08-30,0.0,0.0,10.0,22.95,PR14,,PR03,,,,6.5,28.2,19.0,cluster_0,H01,H0105,H010500,H01050000,H0105000026,ST04,31,C008
3429405,P0408,S0023,2017-08-31,0.0,0.0,10.0,22.95,PR14,,PR03,,,,6.5,28.2,19.0,cluster_0,H01,H0105,H010500,H01050000,H0105000026,ST04,31,C008
3445271,P0408,S0023,2017-09-01,0.0,0.0,10.0,22.95,PR14,,PR03,,,,6.5,28.2,19.0,cluster_0,H01,H0105,H010500,H01050000,H0105000026,ST04,31,C008
3461017,P0408,S0023,2017-09-02,0.0,0.0,10.0,22.95,PR14,,PR03,,,,6.5,28.2,19.0,cluster_0,H01,H0105,H010500,H01050000,H0105000026,ST04,31,C008
3476740,P0408,S0023,2017-09-03,0.0,0.0,10.0,22.95,PR14,,PR03,,,,6.5,28.2,19.0,cluster_0,H01,H0105,H010500,H01050000,H0105000026,ST04,31,C008
3492508,P0408,S0023,2017-09-04,0.0,0.0,10.0,22.95,PR14,,PR03,,,,6.5,28.2,19.0,cluster_0,H01,H0105,H010500,H01050000,H0105000026,ST04,31,C008
3508273,P0408,S0023,2017-09-05,0.0,0.0,10.0,22.95,PR14,,PR03,,,,6.5,28.2,19.0,cluster_0,H01,H0105,H010500,H01050000,H0105000026,ST04,31,C008
3524047,P0408,S0023,2017-09-06,0.0,0.0,10.0,22.95,PR14,,PR03,,,,6.5,28.2,19.0,cluster_0,H01,H0105,H010500,H01050000,H0105000026,ST04,31,C008
3758362,P0408,S0023,2017-09-21,0.0,0.0,6.0,22.95,PR14,,PR03,,,,6.5,28.2,19.0,cluster_0,H01,H0105,H010500,H01050000,H0105000026,ST04,31,C008
3773827,P0408,S0023,2017-09-22,0.0,0.0,6.0,22.95,PR14,,PR03,,,,6.5,28.2,19.0,cluster_0,H01,H0105,H010500,H01050000,H0105000026,ST04,31,C008
3789237,P0408,S0023,2017-09-23,0.0,0.0,6.0,22.95,PR14,,PR03,,,,6.5,28.2,19.0,cluster_0,H01,H0105,H010500,H01050000,H0105000026,ST04,31,C008
3804643,P0408,S0023,2017-09-24,0.0,0.0,6.0,22.95,PR14,,PR03,,,,6.5,28.2,19.0,cluster_0,H01,H0105,H010500,H01050000,H0105000026,ST04,31,C008
3820062,P0408,S0023,2017-09-25,0.0,0.0,6.0,22.95,PR14,,PR03,,,,6.5,28.2,19.0,cluster_0,H01,H0105,H010500,H01050000,H0105000026,ST04,31,C008
3835456,P0408,S0023,2017-09-26,0.0,0.0,6.0,22.95,PR14,,PR03,,,,6.5,28.2,19.0,cluster_0,H01,H0105,H010500,H01050000,H0105000026,ST04,31,C008
3850847,P0408,S0023,2017-09-27,0.0,0.0,6.0,22.95,PR14,,PR03,,,,6.5,28.2,19.0,cluster_0,H01,H0105,H010500,H01050000,H0105000026,ST04,31,C008
3866225,P0408,S0023,2017-09-28,0.0,0.0,6.0,22.95,PR14,,PR03,,,,6.5,28.2,19.0,cluster_0,H01,H0105,H010500,H01050000,H0105000026,ST04,31,C008
3881572,P0408,S0023,2017-09-29,0.0,0.0,6.0,22.95,PR14,,PR03,,,,6.5,28.2,19.0,cluster_0,H01,H0105,H010500,H01050000,H0105000026,ST04,31,C008
3896840,P0408,S0023,2017-09-30,0.0,0.0,6.0,22.95,PR14,,PR03,,,,6.5,28.2,19.0,cluster_0,H01,H0105,H010500,H01050000,H0105000026,ST04,31,C008
3912090,P0408,S0023,2017-10-01,0.0,0.0,6.0,22.95,PR14,,PR03,,,,6.5,28.2,19.0,cluster_0,H01,H0105,H010500,H01050000,H0105000026,ST04,31,C008
