sale_10.csv
Unnamed: 0,product_id,store_id,date,sales,revenue,stock,price,promo_type_1,promo_bin_1,promo_type_2,promo_bin_2,promo_discount_2,promo_discount_type_2,product_length,product_depth,product_width,cluster_id,hierarchy1_id,hierarchy2_id,hierarchy3_id,hierarchy4_id,hierarchy5_id,storetype_id,store_size,city_id
3927380,P0408,S0023,2017-10-02,0.0,0.0,6.0,22.95,PR14,,PR03,,,,6.5,28.2,19.0,cluster_0,H01,H0105,H010500,H01050000,H0105000026,ST04,31,C008
4004148,P0408,S0023,2017-10-07,0.0,0.0,6.0,22.95,PR14,,PR03,,,,6.5,28.2,19.0,cluster_0,H01,H0105,H010500,H01050000,H0105000026,ST04,31,C008
4019535,P0408,S0023,2017-10-08,0.0,0.0,6.0,22.95,PR14,,PR03,,,,6.5,28.2,19.0,cluster_0,H01,H0105,H010500,H01050000,H0105000026,ST04,31,C008
4034940,P0408,S0023,2017-10-09,0.0,0.0,6.0,22.95,PR14,,PR03,,,,6.5,28.2,19.0,cluster_0,H01,H0105,H010500,H01050000,H0105000026,ST04,31,C008
4050327,P0408,S0023,2017-10-10,0.0,0.0,6.0,22.95,PR14,,PR03,,,,6.5,28.2,19.0,cluster_0,H01,H0105,H010500,H01050000,H0105000026,ST04,31,C008
4065745,P0408,S0023,2017-10-11,0.0,0.0,6.0,22.95,PR14,,PR03,,,,6.5,28.2,19.0,cluster_0,H01,H0105,H010500,H01050000,H0105000026,ST04,31,C008
4081182,P0408,S0023,2017-10-12,0.0,0.0,6.0,22.95,PR14,,PR03,,,,6.5,28.2,19.0,cluster_0,H01,H0105,H010500,H01050000,H0105000026,ST04,31,C008
4096687,P0408,S0023,2017-10-13,0.0,0.0,6.0,22.95,PR14,,PR03,,,,6.5,28.2,19.0,cluster_0,H01,H0105,H010500,H01050000,H0105000026,ST04,31,C008
4112208,P0408,S0023,2017-10-14,0.0,0.0,6.0,22.95,PR14,,PR03,,,,6.5,28.2,19.0,cluster_0,H01,H0105,H010500,H01050000,H0105000026,ST04,31,C008
4127737,P0408,S0023,2017-10-15,0.0,0.0,6.0,22.95,PR14,,PR03,,,,6.5,28.2,19.0,cluster_0,H01,H0105,H010500,H01050000,H0105000026,ST04,31,C008
4143334,P0408,S0023,2017-10-16,0.0,0.0,6.0,22.95,PR14,,PR03,,,,6.5,28.2,19.0,cluster_0,H01,H0105,H010500,H01050000,H0105000026,ST04,31,C008
4158952,P0408,S0023,2017-10-17,0.0,0.0,6.0,22.95,PR14,,PR03,,,,6.5,28.2,19.0,cluster_0,H01,H0105,H010500,H01050000,H0105000026,ST04,31,C008
4174606,P0408,S0023,2017-10-18,0.0,0.0,6.0,22.95,PR14,,PR03,,,,6.5,28.2,19.0,cluster_0,H01,H0105,H010500,H01050000,H0105000026,ST04,31,C008
350573,P0408,S0023,2017-01-28,0.0,0.0,6.0,29.9,PR05,moderate,PR03,,,,6.5,28.2,19.0,cluster_0,H01,H0105,H010500,H01050000,H0105000026,ST04,31,C008
363853,P0408,S0023,2017-01-29,0.0,0.0,6.0,29.9,PR05,moderate,PR03,,,,6.5,28.2,19.0,cluster_0,H01,H0105,H010500,H01050000,H0105000026,ST04,31,C008
377150,P0408,S0023,2017-01-30,0.0,0.0,6.0,29.9,PR05,moderate,PR03,,,,6.5,28.2,19.0,cluster_0,H01,H0105,H010500,H01050000,H0105000026,ST04,31,C008
629920,P0408,S0023,2017-02-18,0.0,0.0,11.0,29.9,PR05,low,PR03,,,,6.5,28.2,19.0,cluster_0,H01,H0105,H010500,H01050000,H0105000026,ST04,31,C008
643282,P0408,S0023,2017-02-19,0.0,0.0,11.0,29.9,PR05,low,PR03,,,,6.5,28.2,19.0,cluster_0,H01,H0105,H010500,H01050000,H0105000026,ST04,31,C008
656689,P0408,S0023,2017-02-20,0.0,0.0,11.0,29.9,PR05,low,PR03,,,,6.5,28.2,19.0,cluster_0,H01,H0105,H010500,H01050000,H0105000026,ST04,31,C008
1007418,P0408,S0023,2017-03-18,0.0,0.0,15.0,29.9,PR05,moderate,PR03,,,,6.5,28.2,19.0,cluster_0,H01,H0105,H010500,H01050000,H0105000026,ST04,31,C008
1021079,P0408,S0023,2017-03-19,0.0,0.0,15.0,29.9,PR05,moderate,PR03,,,,6.5,28.2,19.0,cluster_0,H01,H0105,H010500,H01050000,H0105000026,ST04,31,C008
1034753,P0408,S0023,2017-03-20,0.0,0.0,15.0,29.9,PR05,moderate,PR03,,,,6.5,28.2,19.0,cluster_0,H01,H0105,H010500,H01050000,H0105000026,ST04,31,C008
2260056,P0408,S0023,2017-06-15,0.0,0.0,15.0,29.9,PR05,low,PR03,,,,6.5,28.2,19.0,cluster_0,H01,H0105,H010500,H01050000,H0105000026,ST04,31,C008
2274744,P0408,S0023,2017-06-16,0.0,0.0,15.0,29.9,PR05,low,PR03,,,,6.5,28.2,19.0,cluster_0,H01,H0105,H010500,H01050000,H0105000026,ST04,31,C008
2289399,P0408,S0023,2017-06-17,0.0,0.0,15.0,29.9,PR05,low,PR03,,,,6.5,28.2,19.0,cluster_0,H01,H0105,H010500,H01050000,H0105000026,ST04,31,C008
2304093,P0408,S0023,2017-06-18,0.0,0.0,15.0,29.9,PR05,low,PR03,,,,6.5,28.2,19.0,cluster_0,H01,H0105,H010500,H01050000,H0105000026,ST04,31,C008
2318850,P0408,S0023,2017-06-19,0.0,0.0,15.0,29.9,PR05,low,PR03,,,,6.5,28.2,19.0,cluster_0,H01,H0105,H010500,H01050000,H0105000026,ST04,31,C008
2333595,P0408,S0023,2017-06-20,0.0,0.0,15.0,29.9,PR05,low,PR03,,,,6.5,28.2,19.0,cluster_0,H01,H0105,H010500,H01050000,H0105000026,ST04,31,C008
2348334,P0408,S0023,2017-06-21,0.0,0.0,15.0,29.9,PR05,low,PR03,,,,6.5,28.2,19.0,cluster_0,H01,H0105,H010500,H01050000,H0105000026,ST04,31,C008
2363113,P0408,S0023,2017-06-22,0.0,0.0,15.0,29.9,PR05,low,PR03,,,,6.5,28.2,19.0,cluster_0,H01,H0105,H010500,H01050000,H0105000026,ST04,31,C008
2377953,P0408,S0023,2017-06-23,0.0,0.0,15.0,29.9,PR05,low,PR03,,,,6.5,28.2,19.0,cluster_0,H01,H0105,H010500,H01050000,H0105000026,ST04,31,C008
2392769,P0408,S0023,2017-06-24,0.0,0.0,15.0,29.9,PR05,low,PR03,,,,6.5,28.2,19.0,cluster_0,H01,H0105,H010500,H01050000,H0105000026,ST04,31,C008
2407522,P0408,S0023,2017-06-25,0.0,0.0,15.0,29.9,PR05,low,PR03,,,,6.5,28.2,19.0,cluster_0,H01,H0105,H010500,H01050000,H0105000026,ST04,31,C008
2422332,P0408,S0023,2017-06-26,0.0,0.0,15.0,29.9,PR05,low,PR03,,,,6.5,28.2,19.0,cluster_0,H01,H0105,H010500,H01050000,H0105000026,ST04,31,C008
2437134,P0408,S0023,2017-06-27,0.0,0.0,15.0,29.9,PR05,low,PR03,,,,6.5,28.2,19.0,cluster_0,H01,H0105,H010500,H01050000,H0105000026,ST04,31,C008
2451881,P0408,S0023,2017-06-28,1.0,19.0,14.0,29.9,PR05,low,PR03,,,,6.5,28.2,19.0,cluster_0,H01,H0105,H010500,H01050000,H0105000026,ST04,31,C008
2674273,P0408,S0023,2017-07-13,0.0,0.0,14.0,22.95,PR05,low,PR03,,,,6.5,28.2,19.0,cluster_0,H01,H0105,H010500,H01050000,H0105000026,ST04,31,C008
2689303,P0408,S0023,2017-07-14,0.0,0.0,14.0,22.95,PR05,low,PR03,,,,6.5,28.2,19.0,cluster_0,H01,H0105,H010500,H01050000,H0105000026,ST04,31,C008
2704305,P0408,S0023,2017-07-15,0.0,0.0,14.0,22.95,PR05,low,PR03,,,,6.5,28.2,19.0,cluster_0,H01,H0105,H010500,H01050000,H0105000026,ST04,31,C008
2719320,P0408,S0023,2017-07-16,0.0,0.0,14.0,22.95,PR05,low,PR03,,,,6.5,28.2,19.0,cluster_0,H01,H0105,H010500,H01050000,H0105000026,ST04,31,C008
2734374,P0408,S0023,2017-07-17,0.0,0.0,14.0,22.95,PR05,low,PR03,,,,6.5,28.2,19.0,cluster_0,H01,H0105,H010500,H01050000,H0105000026,ST04,31,C008
2749455,P0408,S0023,2017-07-18,1.0,14.58,13.0,22.95,PR05,low,PR03,,,,6.5,28.2,19.0,cluster_0,H01,H0105,H010500,H01050000,H0105000026,ST04,31,C008
2764521,P0408,S0023,2017-07-19,0.0,0.0,13.0,22.95,PR05,low,PR03,,,,6.5,28.2,19.0,cluster_0,H01,H0105,H010500,H01050000,H0105000026,ST04,31,C008
2779581,P0408,S0023,2017-07-20,0.0,0.0,13.0,22.95,PR05,low,PR03,,,,6.5,28.2,19.0,cluster_0,H01,H0105,H010500,H01050000,H0105000026,ST04,31,C008
2794648,P0408,S0023,2017-07-21,0.0,0.0,13.0,22.95,PR05,low,PR03,,,,6.5,28.2,19.0,cluster_0,H01,H0105,H010500,H01050000,H0105000026,ST04,31,C008
2809648,P0408,S0023,2017-07-22,0.0,0.0,13.0,22.95,PR05,low,PR03,,,,6.5,28.2,19.0,cluster_0,H01,H0105,H010500,H01050000,H0105000026,ST04,31,C008
2824638,P0408,S0023,2017-07-23,0.0,0.0,13.0,22.95,PR05,low,PR03,,,,6.5,28.2,19.0,cluster_0,H01,H0105,H010500,H01050000,H0105000026,ST04,31,C008
2839682,P0408,S0023,2017-07-24,1.0,14.58,12.0,22.95,PR05,low,PR03,,,,6.5,28.2,19.0,cluster_0,H01,H0105,H010500,H01050000,H0105000026,ST04,31,C008
2854699,P0408,S0023,2017-07-25,1.0,14.58,11.0,22.95,PR05,low,PR03,,,,6.5,28.2,19.0,cluster_0,H01,H0105,H010500,H01050000,H0105000026,ST04,31,C008
2869743,P0408,S0023,2017-07-26,0.0,0.0,11.0,22.95,PR05,low,PR03,,,,6.5,28.2,19.0,cluster_0,H01,H0105,H010500,H01050000,H0105000026,ST04,31,C008
3539840,P0408,S0023,2017-09-07,2.0,29.17,8.0,22.95,PR05,low,PR03,,,,6.5,28.2,19.0,cluster_0,H01,H0105,H010500,H01050000,H0105000026,ST04,31,C008
3555642,P0408,S0023,2017-09-08,1.0,14.58,7.0,22.95,PR05,low,PR03,,,,6.5,28.2,19.0,cluster_0,H01,H0105,H010500,H01050000,H0105000026,ST04,31,C008
3571388,P0408,S0023,2017-09-09,0.0,0.0,7.0,22.95,PR05,low,PR03,,,,6.5,28.2,19.0,cluster_0,H01,H0105,H010500,H01050000,H0105000026,ST04,31,C008
3587136,P0408,S0023,2017-09-10,1.0,14.58,6.0,22.95,PR05,low,PR03,,,,6.5,28.2,19.0,cluster_0,H01,H0105,H010500,H01050000,H0105000026,ST04,31,C008
3602916,P0408,S0023,2017-09-11,0.0,0.0,6.0,22.95,PR05,low,PR03,,,,6.5,28.2,19.0,cluster_0,H01,H0105,H010500,H01050000,H0105000026,ST04,31,C008
3618554,P0408,S0023,2017-09-12,0.0,0.0,6.0,22.95,PR05,low,PR03,,,,6.5,28.2,19.0,cluster_0,H01,H0105,H010500,H01050000,H0105000026,ST04,31,C008
3634140,P0408,S0023,2017-09-13,0.0,0.0,6.0,22.95,PR05,low,PR03,,,,6.5,28.2,19.0,cluster_0,H01,H0105,H010500,H01050000,H0105000026,ST04,31,C008
3742910,P0408,S0023,2017-09-20,0.0,0.0,6.0,22.95,PR05,low,PR03,,,,6.5,28.2,19.0,cluster_0,H01,H0105,H010500,H01050000,H0105000026,ST04,31,C008
3942671,P0408,S0023,2017-10-03,0.0,0.0,6.0,22.95,PR05,low,PR03,,,,6.5,28.2,19.0,cluster_0,H01,H0105,H010500,H01050000,H0105000026,ST04,31,C008
3958013,P0408,S0023,2017-10-04,0.0,0.0,6.0,22.95,PR05,low,PR03,,,,6.5,28.2,19.0,cluster_0,H01,H0105,H010500,H01050000,H0105000026,ST04,31,C008
3973375,P0408,S0023,2017-10-05,0.0,0.0,6.0,22.95,PR05,low,PR03,,,,6.5,28.2,19.0,cluster_0,H01,H0105,H010500,H01050000,H0105000026,ST04,31,C008
3988794,P0408,S0023,2017-10-06,0.0,0.0,6.0,22.95,PR05,low,PR03,,,,6.5,28.2,19.0,cluster_0,H01,H0105,H010500,H01050000,H0105000026,ST04,31,C008
